Component: ARM Compiler 5.06 update 5 (build 528) Tool: armlink [4d35e2]

==============================================================================

Section Cross References

    app.o(.text) refers to bsp_led.o(.text) for BSP_LED_Toggle
    app.o(.text) refers to os_time.o(.text) for OSTimeDlyHMSM
    app.o(.text) refers to os_mutex.o(.text) for OSMutexPend
    app.o(.text) refers to uartstdio.o(.text) for UARTprintf
    app.o(.text) refers to bsp.o(.text) for BSP_Init
    app.o(.text) refers to bsp_sys.o(.text) for BSP_SysClkFreqGet
    app.o(.text) refers to os_cpu_c.o(.text) for OS_CPU_SysTickInit
    app.o(.text) refers to cpu_core.o(.text) for CPU_Init
    app.o(.text) refers to os_core.o(.text) for OSStatInit
    app.o(.text) refers to lib_mem.o(.text) for Mem_Init
    app.o(.text) refers to os_task.o(.text) for OSTaskCreate
    app.o(.text) refers to cpu_a.o(.text) for CPU_IntDis
    app.o(.text) refers to app.o(.data) for .data
    app.o(.text) refers to app.o(.bss) for .bss
    bsp.o(.text) refers to bsp_int.o(.text) for BSP_IntInit
    bsp.o(.text) refers to bsp_sys.o(.text) for BSP_SysInit
    bsp.o(.text) refers to bsp_led.o(.text) for BSP_LED_Init
    bsp.o(.text) refers to sysctl.o(.text) for SysCtlPeripheralEnable
    bsp.o(.text) refers to gpio.o(.text) for GPIOPinConfigure
    bsp.o(.text) refers to uartstdio.o(.text) for UARTStdioConfig
    bsp.o(.text) refers to printf1.o(i.__0sprintf$1) for __2sprintf
    bsp_int.o(.text) refers to cpu_c.o(.text) for CPU_IntSrcDis
    bsp_int.o(.text) refers to cpu_a.o(.text) for CPU_IntDis
    bsp_int.o(.text) refers to os_core.o(.text) for OSIntEnter
    bsp_int.o(.text) refers to bsp_int.o(.bss) for .bss
    bsp_sys.o(.text) refers to sysctl.o(.text) for SysCtlClockSet
    cpu_bsp.o(.text) refers to bsp_sys.o(.text) for BSP_SysClkFreqGet
    cpu_bsp.o(.text) refers to cpu_core.o(.text) for CPU_TS_TmrFreqSet
    cpu_bsp.o(.text) refers to uldiv.o(.text) for __aeabi_uldivmod
    cstartup.o(RESET) refers to cstartup.o(STACK) for __initial_sp
    cstartup.o(RESET) refers to cstartup.o(.text) for Reset_Handler
    cstartup.o(RESET) refers to os_cpu_a.o(.text) for OS_CPU_PendSVHandler
    cstartup.o(RESET) refers to os_cpu_c.o(.text) for OS_CPU_SysTickHandler
    cstartup.o(RESET) refers to bsp_int.o(.text) for BSP_IntHandlerGPIOA
    cstartup.o(.text) refers to entry.o(.ARM.Collect$$$$00000000) for __main
    cpu_core.o(.text) refers to cpu_a.o(.text) for CPU_SR_Save
    cpu_core.o(.text) refers to lib_mem.o(.text) for Mem_Clr
    cpu_core.o(.text) refers to cpu_bsp.o(.text) for CPU_TS_TmrInit
    cpu_core.o(.text) refers to lib_str.o(.text) for Str_Copy_N
    cpu_core.o(.text) refers to cpu_core.o(.bss) for .bss
    cpu_core.o(.text) refers to cpu_core.o(.data) for .data
    cpu_core.o(.text) refers to cpu_core.o(.constdata) for .constdata
    cpu_c.o(.text) refers to cpu_a.o(.text) for CPU_SR_Save
    lib_math.o(.text) refers to cpu_a.o(.text) for CPU_SR_Save
    lib_math.o(.text) refers to lib_math.o(.data) for .data
    lib_mem.o(.text) refers to lib_mem_a.o(.text) for Mem_Copy
    lib_mem.o(.text) refers to cpu_core.o(.text) for CPU_SW_Exception
    lib_mem.o(.text) refers to cpu_a.o(.text) for CPU_SR_Save
    lib_mem.o(.text) refers to lib_mem.o(.bss) for .bss
    lib_mem.o(.text) refers to lib_mem.o(.data) for .data
    lib_str.o(.text) refers to lib_ascii.o(.text) for ASCII_ToLower
    lib_str.o(.text) refers to lib_str.o(.constdata) for .constdata
    os_core.o(.text) refers to os_cpu_a.o(.text) for OS_CPU_SR_Save
    os_core.o(.text) refers to os_task.o(.text) for OSTaskStkChk
    os_core.o(.text) refers to os_time.o(.text) for OSTimeDly
    os_core.o(.text) refers to os_cpu_c.o(.text) for OSTaskStatHook
    os_core.o(.text) refers to os_flag.o(.text) for OS_FlagInit
    os_core.o(.text) refers to os_mem.o(.text) for OS_MemInit
    os_core.o(.text) refers to os_core.o(.data) for .data
    os_core.o(.text) refers to os_core.o(.bss) for .bss
    os_core.o(.text) refers to os_dbg.o(.text) for OSDebugInit
    os_core.o(.text) refers to os_core.o(.constdata) for .constdata
    os_flag.o(.text) refers to os_cpu_a.o(.text) for OS_CPU_SR_Save
    os_flag.o(.text) refers to os_core.o(.text) for OS_Sched
    os_flag.o(.text) refers to os_core.o(.data) for OSIntNesting
    os_flag.o(.text) refers to os_core.o(.data) for OSFlagFreeList
    os_flag.o(.text) refers to os_core.o(.bss) for OSFlagTbl
    os_mbox.o(.text) refers to os_cpu_a.o(.text) for OS_CPU_SR_Save
    os_mbox.o(.text) refers to os_core.o(.text) for OS_EventWaitListInit
    os_mbox.o(.text) refers to os_core.o(.data) for OSIntNesting
    os_mem.o(.text) refers to os_cpu_a.o(.text) for OS_CPU_SR_Save
    os_mem.o(.text) refers to os_core.o(.text) for OS_StrLen
    os_mem.o(.text) refers to os_core.o(.data) for OSMemFreeList
    os_mem.o(.text) refers to os_core.o(.data) for OSIntNesting
    os_mem.o(.text) refers to os_core.o(.bss) for OSMemTbl
[...]
    Removing i2c.o(.text), (564 bytes).
    Removing i2c.o(.constdata), (48 bytes).
    Removing mpu.o(.text), (168 bytes).
    Removing pwm.o(.text), (672 bytes).
    Removing qei.o(.text), (232 bytes).
    Removing ssi.o(.text), (296 bytes).
    Removing ssi.o(.constdata), (32 bytes).
    Removing sw_crc.o(.text), (688 bytes).
    Removing sw_crc.o(.constdata), (1792 bytes).
    Removing sysctl.o(.data), (4 bytes).
    Removing sysctl.o(.data), (4 bytes).
    Removing sysctl.o(.data), (4 bytes).
    Removing sysctl.o(.data), (4 bytes).
    Removing sysctl.o(.data), (1 bytes).
    Removing sysexc.o(.text), (124 bytes).
    Removing systick.o(.text), (126 bytes).
    Removing timer.o(.text), (528 bytes).
    Removing timer.o(.constdata), (96 bytes).
    Removing udma.o(.text), (680 bytes).
    Removing usb.o(.text), (2196 bytes).
    Removing watchdog.o(.text), (184 bytes).
    Removing dadd.o(.text), (334 bytes).
    Removing dmul.o(.text), (228 bytes).
    Removing ddiv.o(.text), (222 bytes).
    Removing dfixul.o(.text), (48 bytes).
    Removing cdrcmple.o(.text), (48 bytes).
    Removing depilogue.o(.text), (186 bytes).

54 unused section(s) (total 15502 bytes) removed from the image.

==============================================================================

Image Symbol Table

    Local Symbols

    Symbol Name                              Value     Ov Type        Size  Object(Section)

    RESET                                    0x00000000   Section      512  cstartup.o(RESET)
    ../clib/../cmprslib/zerorunl.c           0x00000000   Number         0  __dczerorl.o ABSOLUTE
    ../clib/microlib/division.c              0x00000000   Number         0  uidiv.o ABSOLUTE
    ../clib/microlib/division.c              0x00000000   Number         0  uldiv.o ABSOLUTE
    ../clib/microlib/init/entry.s            0x00000000   Number         0  entry2.o ABSOLUTE
    ../clib/microlib/init/entry.s            0x00000000   Number         0  entry11b.o ABSOLUTE
    ../clib/microlib/init/entry.s            0x00000000   Number         0  entry11a.o ABSOLUTE
    ../clib/microlib/init/entry.s            0x00000000   Number         0  entry10b.o ABSOLUTE
    ../clib/microlib/init/entry.s            0x00000000   Number         0  entry7a.o ABSOLUTE
    ../clib/microlib/init/entry.s            0x00000000   Number         0  entry10a.o ABSOLUTE
    ../clib/microlib/init/entry.s            0x00000000   Number         0  entry7b.o ABSOLUTE
    ../clib/microlib/init/entry.s            0x00000000   Number         0  entry8a.o ABSOLUTE
    ../clib/microlib/init/entry.s            0x00000000   Number         0  entry8b.o ABSOLUTE
    ../clib/microlib/init/entry.s            0x00000000   Number         0  entry9a.o ABSOLUTE
    ../clib/microlib/init/entry.s            0x00000000   Number         0  entry5.o ABSOLUTE
    ../clib/microlib/init/entry.s            0x00000000   Number         0  entry9b.o ABSOLUTE
    ../clib/microlib/init/entry.s            0x00000000   Number         0  entry.o ABSOLUTE
    ../clib/microlib/longlong.c              0x00000000   Number         0  llsshr.o ABSOLUTE
    ../clib/microlib/longlong.c              0x00000000   Number         0  llushr.o ABSOLUTE
    ../clib/microlib/longlong.c              0x00000000   Number         0  llshl.o ABSOLUTE
    ../clib/microlib/printf/printf.c         0x00000000   Number         0  printf5.o ABSOLUTE
    ../clib/microlib/printf/printf.c         0x00000000   Number         0  printf6.o ABSOLUTE
    ../clib/microlib/printf/printf.c         0x00000000   Number         0  printf7.o ABSOLUTE
    ../clib/microlib/printf/printf.c         0x00000000   Number         0  printf8.o ABSOLUTE
    ../clib/microlib/printf/printf.c         0x00000000   Number         0  printfa.o ABSOLUTE
    ../clib/microlib/printf/printf.c         0x00000000   Number         0  printf3.o ABSOLUTE
    ../clib/microlib/printf/printf.c         0x00000000   Number         0  printfb.o ABSOLUTE
    ../clib/microlib/printf/printf.c         0x00000000   Number         0  printf0.o ABSOLUTE
    ../clib/microlib/printf/printf.c         0x00000000   Number         0  printf1.o ABSOLUTE
    ../clib/microlib/printf/printf.c         0x00000000   Number         0  printf2.o ABSOLUTE
    ../clib/microlib/printf/printf.c         0x00000000   Number         0  printf4.o ABSOLUTE
    ../clib/microlib/printf/stubs.s          0x00000000   Number         0  stubs.o ABSOLUTE
    ../clib/microlib/stdio/fputc.c           0x00000000   Number         0  fputc.o ABSOLUTE
    ../clib/microlib/stdio/semi.s            0x00000000   Number         0  semi.o ABSOLUTE
    ../clib/microlib/stdio/streams.c         0x00000000   Number         0  stdout.o ABSOLUTE
    ../clib/microlib/stubs.s                 0x00000000   Number         0  iusefp.o ABSOLUTE
    ../clib/microlib/stubs.s                 0x00000000   Number         0  iusesemip.o ABSOLUTE
    ../fplib/microlib/fpadd.c                0x00000000   Number         0  dadd.o ABSOLUTE
    ../fplib/microlib/fpdiv.c                0x00000000   Number         0  ddiv.o ABSOLUTE
    ../fplib/microlib/fpepilogue.c           0x00000000   Number         0  depilogue.o ABSOLUTE
    ../fplib/microlib/fpfix.c                0x00000000   Number         0  dfixul.o ABSOLUTE
    ../fplib/microlib/fpmul.c                0x00000000   Number         0  dmul.o ABSOLUTE
    ..\..\..\..\..\uC-CPU\ARM-Cortex-M4\RealView\cpu_a.asm 0x00000000   Number         0  cpu_a.o ABSOLUTE
    ..\..\..\..\..\uC-CPU\ARM-Cortex-M4\RealView\cpu_c.c 0x00000000   Number         0  cpu_c.o ABSOLUTE
    ..\..\..\..\..\uC-CPU\cpu_core.c         0x00000000   Number         0  cpu_core.o ABSOLUTE
    ..\..\..\..\..\uC-LIB\Ports\ARM-Cortex-M4\RealView\lib_mem_a.asm 0x00000000   Number         0  lib_mem_a.o ABSOLUTE
    ..\..\..\..\..\uC-LIB\lib_ascii.c        0x00000000   Number         0  lib_ascii.o ABSOLUTE
    ..\..\..\..\..\uC-LIB\lib_math.c         0x00000000   Number         0  lib_math.o ABSOLUTE
    ..\..\..\..\..\uC-LIB\lib_mem.c          0x00000000   Number         0  lib_mem.o ABSOLUTE
    ..\..\..\..\..\uC-LIB\lib_str.c          0x00000000   Number         0  lib_str.o ABSOLUTE
    ..\..\..\..\..\uCOS-II\Ports\ARM-Cortex-M4\Generic\RealView\os_cpu_a.asm 0x00000000   Number         0  os_cpu_a.o ABSOLUTE
    ..\..\..\..\..\uCOS-II\Ports\ARM-Cortex-M4\Generic\RealView\os_cpu_c.c 0x00000000   Number         0  os_cpu_c.o ABSOLUTE
    ..\..\..\..\..\uCOS-II\Ports\ARM-Cortex-M4\Generic\RealView\os_dbg.c 0x00000000   Number         0  os_dbg.o ABSOLUTE
    ..\..\..\..\..\uCOS-II\Source\os_core.c  0x00000000   Number         0  os_core.o ABSOLUTE
    ..\..\..\..\..\uCOS-II\Source\os_flag.c  0x00000000   Number         0  os_flag.o ABSOLUTE
    ..\..\..\..\..\uCOS-II\Source\os_mbox.c  0x00000000   Number         0  os_mbox.o ABSOLUTE
    ..\..\..\..\..\uCOS-II\Source\os_mem.c   0x00000000   Number         0  os_mem.o ABSOLUTE
    ..\..\..\..\..\uCOS-II\Source\os_mutex.c 0x00000000   Number         0  os_mutex.o ABSOLUTE
    ..\..\..\..\..\uCOS-II\Source\os_q.c     0x00000000   Number         0  os_q.o ABSOLUTE
    ..\..\..\..\..\uCOS-II\Source\os_sem.c   0x00000000   Number         0  os_sem.o ABSOLUTE
    ..\..\..\..\..\uCOS-II\Source\os_task.c  0x00000000   Number         0  os_task.o ABSOLUTE
    ..\..\..\..\..\uCOS-II\Source\os_time.c  0x00000000   Number         0  os_time.o ABSOLUTE
    ..\..\..\..\..\uCOS-II\Source\os_tmr.c   0x00000000   Number         0  os_tmr.o ABSOLUTE
    ..\..\BSP\KeilMDK\cstartup.s             0x00000000   Number         0  cstartup.o ABSOLUTE
    ..\..\BSP\bsp.c                          0x00000000   Number         0  bsp.o ABSOLUTE
    ..\..\BSP\bsp_int.c                      0x00000000   Number         0  bsp_int.o ABSOLUTE
    ..\..\BSP\bsp_led.c                      0x00000000   Number         0  bsp_led.o ABSOLUTE
    ..\..\BSP\bsp_sys.c                      0x00000000   Number         0  bsp_sys.o ABSOLUTE
    ..\..\BSP\cpu_bsp.c                      0x00000000   Number         0  cpu_bsp.o ABSOLUTE
    ..\..\BSP\driverlib\adc.c                0x00000000   Number         0  adc.o ABSOLUTE
    ..\..\BSP\driverlib\can.c                0x00000000   Number         0  can.o ABSOLUTE
    ..\..\BSP\driverlib\comp.c               0x00000000   Number         0  comp.o ABSOLUTE
    ..\..\BSP\driverlib\cpu.c                0x00000000   Number         0  cpu.o ABSOLUTE
    ..\..\BSP\driverlib\eeprom.c             0x00000000   Number         0  eeprom.o ABSOLUTE
    ..\..\BSP\driverlib\flash.c              0x00000000   Number         0  flash.o ABSOLUTE
    ..\..\BSP\driverlib\fpu.c                0x00000000   Number         0  fpu.o ABSOLUTE
    ..\..\BSP\driverlib\gpio.c               0x00000000   Number         0  gpio.o ABSOLUTE
    ..\..\BSP\driverlib\hibernate.c          0x00000000   Number         0  hibernate.o ABSOLUTE
    ..\..\BSP\driverlib\i2c.c                0x00000000   Number         0  i2c.o ABSOLUTE
    ..\..\BSP\driverlib\interrupt.c          0x00000000   Number         0  interrupt.o ABSOLUTE
    ..\..\BSP\driverlib\mpu.c                0x00000000   Number         0  mpu.o ABSOLUTE
    ..\..\BSP\driverlib\pwm.c                0x00000000   Number         0  pwm.o ABSOLUTE
    ..\..\BSP\driverlib\qei.c                0x00000000   Number         0  qei.o ABSOLUTE
    ..\..\BSP\driverlib\ssi.c                0x00000000   Number         0  ssi.o ABSOLUTE
    ..\..\BSP\driverlib\sw_crc.c             0x00000000   Number         0  sw_crc.o ABSOLUTE
    ..\..\BSP\driverlib\sysctl.c             0x00000000   Number         0  sysctl.o ABSOLUTE
    ..\..\BSP\driverlib\sysexc.c             0x00000000   Number         0  sysexc.o ABSOLUTE
    ..\..\BSP\driverlib\systick.c            0x00000000   Number         0  systick.o ABSOLUTE
    ..\..\BSP\driverlib\timer.c              0x00000000   Number         0  timer.o ABSOLUTE
    ..\..\BSP\driverlib\uart.c               0x00000000   Number         0  uart.o ABSOLUTE
    ..\..\BSP\driverlib\udma.c               0x00000000   Number         0  udma.o ABSOLUTE
    ..\..\BSP\driverlib\usb.c                0x00000000   Number         0  usb.o ABSOLUTE
    ..\..\BSP\driverlib\watchdog.c           0x00000000   Number         0  watchdog.o ABSOLUTE
    ..\..\BSP\utils\uartstdio.c              0x00000000   Number         0  uartstdio.o ABSOLUTE
    ..\\..\\BSP\\driverlib\\cpu.c            0x00000000   Number         0  cpu.o ABSOLUTE
    ..\\..\\BSP\\driverlib\\sysctl.c         0x00000000   Number         0  sysctl.o ABSOLUTE
    ..\app.c                                 0x00000000   Number         0  app.o ABSOLUTE
    ..\app_hooks.c                           0x00000000   Number         0  app_hooks.o ABSOLUTE
    cdrcmple.s                               0x00000000   Number         0  cdrcmple.o ABSOLUTE
    dc.s                                     0x00000000   Number         0  dc.o ABSOLUTE
    handlers.s                               0x00000000   Number         0  handlers.o ABSOLUTE
    init.s                                   0x00000000   Number         0  init.o ABSOLUTE
    .ARM.Collect$$$$00000000                 0x00000200   Section        0  entry.o(.ARM.Collect$$$$00000000)
    .ARM.Collect$$$$00000001                 0x00000200   Section        4  entry2.o(.ARM.Collect$$$$00000001)
    .ARM.Collect$$$$00000004                 0x00000204   Section        4  entry5.o(.ARM.Collect$$$$00000004)
    .ARM.Collect$$$$00000008                 0x00000208   Section        0  entry7b.o(.ARM.Collect$$$$00000008)
    .ARM.Collect$$$$0000000A                 0x00000208   Section        0  entry8b.o(.ARM.Collect$$$$0000000A)
    .ARM.Collect$$$$0000000B                 0x00000208   Section        8  entry9a.o(.ARM.Collect$$$$0000000B)
    .ARM.Collect$$$$0000000D                 0x00000210   Section        0  entry10a.o(.ARM.Collect$$$$0000000D)
    .ARM.Collect$$$$0000000F                 0x00000210   Section        0  entry11a.o(.ARM.Collect$$$$0000000F)
    .ARM.Collect$$$$00002712                 0x00000210   Section        4  entry2.o(.ARM.Collect$$$$00002712)
    __lit__00000000                          0x00000210   Data           4  entry2.o(.ARM.Collect$$$$00002712)
    .emb_text                                0x00000214   Section       38  cpu.o(.emb_text)
    $v0                                      0x00000214   Number         0  cpu.o(.emb_text)
    .emb_text                                0x0000023c   Section        6  sysctl.o(.emb_text)
    $v0                                      0x0000023c   Number         0  sysctl.o(.emb_text)
    .text                                    0x00000244   Section        0  app.o(.text)
    Task3                                    0x00000245   Thumb Code    24  app.o(.text)
    Task2                                    0x0000025d   Thumb Code    44  app.o(.text)
    Task1                                    0x00000289   Thumb Code    44  app.o(.text)
    AppTaskStart                             0x000002b5   Thumb Code   166  app.o(.text)
    .text                                    0x0000040c   Section        0  app_hooks.o(.text)
    .text                                    0x0000041c   Section        0  bsp.o(.text)
    .text                                    0x000004c4   Section        0  bsp_int.o(.text)
    BSP_IntHandlerDummy                      0x00000505   Thumb Code     2  bsp_int.o(.text)
    .text                                    0x0000070c   Section        0  bsp_led.o(.text)
    .text                                    0x000007d8   Section        0  bsp_sys.o(.text)
    .text                                    0x000007e8   Section        0  cpu_bsp.o(.text)
    .text                                    0x00000840   Section       24  cstartup.o(.text)
    $v0                                      0x00000840   Number         0  cstartup.o(.text)
    .text                                    0x00000858   Section        0  cpu_core.o(.text)
    .text                                    0x00000a14   Section       52  cpu_a.o(.text)
    $v0                                      0x00000a14   Number         0  cpu_a.o(.text)
    .text                                    0x00000a48   Section        0  cpu_c.o(.text)
    .text                                    0x00000dc4   Section        0  lib_ascii.o(.text)
    .text                                    0x00000f20   Section        0  lib_mem.o(.text)
    Mem_SegAlloc                             0x000010a1   Thumb Code    52  lib_mem.o(.text)
    Mem_SegCalcTotSize                       0x000010d5   Thumb Code   108  lib_mem.o(.text)
    Mem_PoolBlkIsValidAddr                   0x00001699   Thumb Code    70  lib_mem.o(.text)
    .text                                    0x0000186c   Section        0  lib_str.o(.text)
    Str_FmtNbr_Int32                         0x00001b09   Thumb Code   344  lib_str.o(.text)
    Str_ParseNbr_Int32                       0x00001ca1   Thumb Code   314  lib_str.o(.text)
    .text                                    0x00001e14   Section      544  lib_mem_a.o(.text)
    $v0                                      0x00001e14   Number         0  lib_mem_a.o(.text)
    .text                                    0x00002034   Section        0  os_core.o(.text)
    OS_SchedNew                              0x00002823   Thumb Code    82  os_core.o(.text)
    OS_InitEventList                         0x00002875   Thumb Code    74  os_core.o(.text)
    OS_InitTCBList                           0x000028bf   Thumb Code    96  os_core.o(.text)
    OS_InitMisc                              0x0000291f   Thumb Code    28  os_core.o(.text)
    .text                                    0x00002950   Section        0  os_flag.o(.text)
    OS_FlagTaskRdy                           0x00002a4f   Thumb Code    70  os_flag.o(.text)
    OS_FlagBlock                             0x00002bc5   Thumb Code    86  os_flag.o(.text)
    .text                                    0x00002ee4   Section        0  os_mem.o(.text)
    .text                                    0x00003070   Section        0  os_mutex.o(.text)
    OSMutex_RdyAtPrio                        0x0000315d   Thumb Code   112  os_mutex.o(.text)
    .text                                    0x000035b4   Section        0  os_task.o(.text)
    .text                                    0x00003ca8   Section        0  os_time.o(.text)
    .text                                    0x00003e08   Section      220  os_cpu_a.o(.text)
    $v0                                      0x00003e08   Number         0  os_cpu_a.o(.text)
    .text                                    0x00003ee4   Section        0  os_cpu_c.o(.text)
    .text                                    0x0000414c   Section        0  os_dbg.o(.text)
    .text                                    0x00004150   Section        0  gpio.o(.text)
    _GPIOIntNumberGet                        0x0000464f   Thumb Code    36  gpio.o(.text)
    .text                                    0x0000467c   Section        0  interrupt.o(.text)
    _IntDefaultHandler                       0x0000467d   Thumb Code     2  interrupt.o(.text)
    .text                                    0x000048e4   Section        0  sysctl.o(.text)
    .text                                    0x00004e40   Section        0  uart.o(.text)
    _UARTIntNumberGet                        0x000050cb   Thumb Code    34  uart.o(.text)
    .text                                    0x000050f0   Section        0  uartstdio.o(.text)
    .text                                    0x000053b0   Section        0  uldiv.o(.text)
    .text                                    0x00005412   Section        0  uidiv.o(.text)
    .text                                    0x0000543e   Section        0  llshl.o(.text)
    .text                                    0x0000545c   Section        0  llushr.o(.text)
    .text                                    0x0000547c   Section       36  init.o(.text)
    .text                                    0x000054a0   Section        0  __dczerorl.o(.text)
    i.__0sprintf$1                           0x000054dc   Section        0  printf1.o(i.__0sprintf$1)
    i.__scatterload_copy                     0x00005504   Section       14  handlers.o(i.__scatterload_copy)
    i.__scatterload_null                     0x00005512   Section        2  handlers.o(i.__scatterload_null)
    i.__scatterload_zeroinit                 0x00005514   Section       14  handlers.o(i.__scatterload_zeroinit)
    i._printf_core                           0x00005524   Section        0  printf1.o(i._printf_core)
    _printf_core                             0x00005525   Thumb Code   336  printf1.o(i._printf_core)
    i._sputc                                 0x00005678   Section        0  printf1.o(i._sputc)
    _sputc                                   0x00005679   Thumb Code    10  printf1.o(i._sputc)
    .constdata                               0x00005682   Section      256  cpu_core.o(.constdata)
    CPU_CntLeadZerosTbl                      0x00005682   Data         256  cpu_core.o(.constdata)
    .constdata                               0x00005784   Section      148  lib_str.o(.constdata)
    Str_MultOvfThTbl_Int32U                  0x00005784   Data         148  lib_str.o(.constdata)
    .constdata                               0x00005818   Section      256  os_core.o(.constdata)
    .constdata                               0x00005918   Section      312  gpio.o(.constdata)
    g_ppui32GPIOIntMapBlizzard               0x00005918   Data         192  gpio.o(.constdata)
    g_pui32GPIOBaseAddrs                     0x000059d8   Data         120  gpio.o(.constdata)
    .constdata                               0x00005a50   Section      268  interrupt.o(.constdata)
    g_pui32Priority                          0x00005a50   Data          32  interrupt.o(.constdata)
    g_pui32Regs                              0x00005a70   Data         156  interrupt.o(.constdata)
    g_pui32EnRegs                            0x00005b0c   Data          20  interrupt.o(.constdata)
    g_pui32Dii16Regs                         0x00005b20   Data          20  interrupt.o(.constdata)
    g_pui32PendRegs                          0x00005b34   Data          20  interrupt.o(.constdata)
    g_pui32UnpendRegs                        0x00005b48   Data          20  interrupt.o(.constdata)
    .constdata                               0x00005b5c   Section      108  sysctl.o(.constdata)
    g_pui32Xtals                             0x00005b5c   Data         108  sysctl.o(.constdata)
    .constdata                               0x00005bc8   Section       64  uart.o(.constdata)
    g_ppui32UARTIntMap                       0x00005bc8   Data          64  uart.o(.constdata)
    .constdata                               0x00005c08   Section       28  uartstdio.o(.constdata)
    g_pcHex                                  0x00005c08   Data           4  uartstdio.o(.constdata)
    g_ui32UARTBase                           0x00005c0c   Data          12  uartstdio.o(.constdata)
    g_ui32UARTPeriph                         0x00005c18   Data          12  uartstdio.o(.constdata)
    .conststring                             0x00005c24   Section       17  uartstdio.o(.conststring)
    .data                                    0x20000000   Section        8  app.o(.data)
    .data                                    0x20000008   Section        4  cpu_core.o(.data)
    .data                                    0x2000000c   Section        4  lib_mem.o(.data)
    .data                                    0x20000010   Section       60  os_core.o(.data)
    .data                                    0x2000004c   Section        4  os_core.o(.data)
    .data                                    0x20000050   Section        4  os_core.o(.data)
    .data                                    0x20000054   Section        4  os_cpu_c.o(.data)
    .data                                    0x20000058   Section        8  uartstdio.o(.data)
    bLastWasCR                               0x20000058   Data           1  uartstdio.o(.data)
    g_ui32Base                               0x2000005c   Data           4  uartstdio.o(.data)
    vtable                                   0x20000400   Section      620  interrupt.o(vtable)
    g_pfnRAMVectors                          0x20000400   Data         620  interrupt.o(vtable)
    .bss                                     0x2000066c   Section     4096  app.o(.bss)
    AppTaskStartStk                          0x2000066c   Data        1024  app.o(.bss)
    Task1Stk                                 0x20000a6c   Data        1024  app.o(.bss)
    Task2Stk                                 0x20000e6c   Data        1024  app.o(.bss)
    Task3Stk                                 0x2000126c   Data        1024  app.o(.bss)
    .bss                                     0x2000166c   Section      448  bsp_int.o(.bss)
    BSP_IntVectTbl                           0x2000166c   Data         448  bsp_int.o(.bss)
    .bss                                     0x2000182c   Section       16  cpu_core.o(.bss)
    .bss                                     0x2000183c   Section     1096  lib_mem.o(.bss)
    .bss                                     0x20001c84   Section     3456  os_core.o(.bss)
    .bss                                     0x20002a04   Section       80  os_core.o(.bss)
    .bss                                     0x20002a54   Section      120  os_core.o(.bss)
    .bss                                     0x20002acc   Section      512  os_cpu_c.o(.bss)
    STACK                                    0x20002cd0   Section      512  cstartup.o(STACK)

    Global Symbols

    Symbol Name                              Value     Ov Type        Size  Object(Section)

    BuildAttributes$$THM_ISAv4$E$P$D$K$B$S$7EM$VFPi3$EXTD16$VFPS$VFMA$PE$A:L22UL41UL21$X:L11$S22US41US21$IEEE1$IW$USESV6$~STKCKD$USESV7$~SHL$OSPACE$ROPI$EBA8$MICROLIB$REQ8$PRES8$EABIv2 0x00000000   Number         0  anon$$obj.o ABSOLUTE
    __ARM_use_no_argv                        0x00000000   Number         0  app.o ABSOLUTE
    __Vectors                                0x00000000   Data           4  cstartup.o(RESET)
    _printf_a                                0x00000000   Number         0  stubs.o ABSOLUTE
    _printf_c                                0x00000000   Number         0  stubs.o ABSOLUTE
    _printf_charcount                        0x00000000   Number         0  stubs.o ABSOLUTE
    _printf_d                                0x00000000   Number         0  stubs.o ABSOLUTE
    _printf_e                                0x00000000   Number         0  stubs.o ABSOLUTE
    _printf_f                                0x00000000   Number         0  stubs.o ABSOLUTE
    _printf_flags                            0x00000000   Number         0  stubs.o ABSOLUTE
    _printf_fp_dec                           0x00000000   Number         0  stubs.o ABSOLUTE
    _printf_fp_hex                           0x00000000   Number         0  stubs.o ABSOLUTE
    _printf_g                                0x00000000   Number         0  stubs.o ABSOLUTE
    _printf_i                                0x00000000   Number         0  stubs.o ABSOLUTE
    _printf_int_dec                          0x00000000   Number         0  stubs.o ABSOLUTE
    _printf_l                                0x00000000   Number         0  stubs.o ABSOLUTE
    _printf_lc                               0x00000000   Number         0  stubs.o ABSOLUTE
    _printf_ll                               0x00000000   Number         0  stubs.o ABSOLUTE
    _printf_lld                              0x00000000   Number         0  stubs.o ABSOLUTE
    _printf_lli                              0x00000000   Number         0  stubs.o ABSOLUTE
    _printf_llo                              0x00000000   Number         0  stubs.o ABSOLUTE
    _printf_llu                              0x00000000   Number         0  stubs.o ABSOLUTE
    _printf_llx                              0x00000000   Number         0  stubs.o ABSOLUTE
    _printf_longlong_dec                     0x00000000   Number         0  stubs.o ABSOLUTE
    _printf_longlong_hex                     0x00000000   Number         0  stubs.o ABSOLUTE
    _printf_longlong_oct                     0x00000000   Number         0  stubs.o ABSOLUTE
    _printf_ls                               0x00000000   Number         0  stubs.o ABSOLUTE
    _printf_mbtowc                           0x00000000   Number         0  stubs.o ABSOLUTE
    _printf_n                                0x00000000   Number         0  stubs.o ABSOLUTE
    _printf_o                                0x00000000   Number         0  stubs.o ABSOLUTE
    _printf_p                                0x00000000   Number         0  stubs.o ABSOLUTE
    _printf_percent                          0x00000000   Number         0  stubs.o ABSOLUTE
    _printf_pre_padding                      0x00000000   Number         0  stubs.o ABSOLUTE
    _printf_return_value                     0x00000000   Number         0  stubs.o ABSOLUTE
    _printf_s                                0x00000000   Number         0  stubs.o ABSOLUTE
    _printf_sizespec                         0x00000000   Number         0  stubs.o ABSOLUTE
    _printf_str                              0x00000000   Number         0  stubs.o ABSOLUTE
    _printf_truncate_signed                  0x00000000   Number         0  stubs.o ABSOLUTE
    _printf_truncate_unsigned                0x00000000   Number         0  stubs.o ABSOLUTE
    _printf_u                                0x00000000   Number         0  stubs.o ABSOLUTE
    _printf_wc                               0x00000000   Number         0  stubs.o ABSOLUTE
    _printf_wctomb                           0x00000000   Number         0  stubs.o ABSOLUTE
    _printf_widthprec                        0x00000000   Number         0  stubs.o ABSOLUTE
    _printf_x                                0x00000000   Number         0  stubs.o ABSOLUTE
    __cpp_initialize__aeabi_                  - Undefined Weak Reference
    __cxa_finalize                            - Undefined Weak Reference
    _clock_init                               - Undefined Weak Reference
    _microlib_exit                            - Undefined Weak Reference
    __Vectors_End                            0x00000200   Data           0  cstartup.o(RESET)
    __Vectors_Size                           0x00000200   Number         0  cstartup.o ABSOLUTE
    __main                                   0x00000201   Thumb Code     0  entry.o(.ARM.Collect$$$$00000000)
    _main_stk                                0x00000201   Thumb Code     0  entry2.o(.ARM.Collect$$$$00000001)
    _main_scatterload                        0x00000205   Thumb Code     0  entry5.o(.ARM.Collect$$$$00000004)
    __main_after_scatterload                 0x00000209   Thumb Code     0  entry5.o(.ARM.Collect$$$$00000004)
    _main_clock                              0x00000209   Thumb Code     0  entry7b.o(.ARM.Collect$$$$00000008)
    _main_cpp_init                           0x00000209   Thumb Code     0  entry8b.o(.ARM.Collect$$$$0000000A)
    _main_init                               0x00000209   Thumb Code     0  entry9a.o(.ARM.Collect$$$$0000000B)
    __rt_final_cpp                           0x00000211   Thumb Code     0  entry10a.o(.ARM.Collect$$$$0000000D)
    __rt_final_exit                          0x00000211   Thumb Code     0  entry11a.o(.ARM.Collect$$$$0000000F)
    CPUcpsid                                 0x00000215   Thumb Code     8  cpu.o(.emb_text)
    CPUprimask                               0x0000021d   Thumb Code     6  cpu.o(.emb_text)
    CPUcpsie                                 0x00000223   Thumb Code     8  cpu.o(.emb_text)
    CPUwfi                                   0x0000022b   Thumb Code     4  cpu.o(.emb_text)
    CPUbasepriSet                            0x0000022f   Thumb Code     6  cpu.o(.emb_text)
    CPUbasepriGet                            0x00000235   Thumb Code     6  cpu.o(.emb_text)
    SysCtlDelay                              0x0000023d   Thumb Code     6  sysctl.o(.emb_text)
    main                                     0x0000035b   Thumb Code    80  app.o(.text)
    App_TaskCreateHook                       0x0000040d   Thumb Code     2  app_hooks.o(.text)
    App_TaskDelHook                          0x0000040f   Thumb Code     2  app_hooks.o(.text)
    App_TaskIdleHook                         0x00000411   Thumb Code     2  app_hooks.o(.text)
    App_TaskStatHook                         0x00000413   Thumb Code     2  app_hooks.o(.text)
    App_TaskReturnHook                       0x00000415   Thumb Code     2  app_hooks.o(.text)
    App_TaskSwHook                           0x00000417   Thumb Code     2  app_hooks.o(.text)
    App_TCBInitHook                          0x00000419   Thumb Code     2  app_hooks.o(.text)
    App_TimeTickHook                         0x0000041b   Thumb Code     2  app_hooks.o(.text)
    BSP_Init                                 0x0000041d   Thumb Code   106  bsp.o(.text)
    BSP_IntClr                               0x000004c5   Thumb Code     2  bsp_int.o(.text)
    BSP_IntDis                               0x000004c7   Thumb Code    14  bsp_int.o(.text)
    BSP_IntDisAll                            0x000004d5   Thumb Code     4  bsp_int.o(.text)
    BSP_IntEn                                0x000004d9   Thumb Code    14  bsp_int.o(.text)
    BSP_IntVectSet                           0x000004e7   Thumb Code    30  bsp_int.o(.text)
    BSP_IntInit                              0x00000507   Thumb Code    20  bsp_int.o(.text)
    BSP_IntHandler                           0x0000051b   Thumb Code    42  bsp_int.o(.text)
    BSP_IntHandlerGPIOA                      0x00000545   Thumb Code     4  bsp_int.o(.text)
    BSP_IntHandlerGPIOB                      0x00000549   Thumb Code     4  bsp_int.o(.text)
    BSP_IntHandlerGPIOC                      0x0000054d   Thumb Code     4  bsp_int.o(.text)
    BSP_IntHandlerGPIOD                      0x00000551   Thumb Code     4  bsp_int.o(.text)
    BSP_IntHandlerGPIOE                      0x00000555   Thumb Code     4  bsp_int.o(.text)
    BSP_IntHandlerUART0                      0x00000559   Thumb Code     4  bsp_int.o(.text)
    BSP_IntHandlerUART1                      0x0000055d   Thumb Code     4  bsp_int.o(.text)
    BSP_IntHandlerSSI0                       0x00000561   Thumb Code     4  bsp_int.o(.text)
    BSP_IntHandlerI2C0                       0x00000565   Thumb Code     4  bsp_int.o(.text)
    BSP_IntHandlerPWM_FAULT                  0x00000569   Thumb Code     4  bsp_int.o(.text)
    BSP_IntHandlerPWM_GEN0                   0x0000056d   Thumb Code     4  bsp_int.o(.text)
    BSP_IntHandlerPWM_GEN1                   0x00000571   Thumb Code     4  bsp_int.o(.text)
    BSP_IntHandlerPWM_GEN2                   0x00000575   Thumb Code     4  bsp_int.o(.text)
    BSP_IntHandlerQEI0                       0x00000579   Thumb Code     4  bsp_int.o(.text)
    BSP_IntHandlerADC0_0                     0x0000057d   Thumb Code     4  bsp_int.o(.text)
    BSP_IntHandlerADC0_1                     0x00000581   Thumb Code     4  bsp_int.o(.text)
    BSP_IntHandlerADC0_2                     0x00000585   Thumb Code     4  bsp_int.o(.text)
    BSP_IntHandlerADC0_3                     0x00000589   Thumb Code     4  bsp_int.o(.text)
    BSP_IntHandlerWDTO_WDT1                  0x0000058d   Thumb Code     4  bsp_int.o(.text)
    BSP_IntHandlerTMR0A                      0x00000591   Thumb Code     4  bsp_int.o(.text)
    BSP_IntHandlerTMR0B                      0x00000595   Thumb Code     4  bsp_int.o(.text)
    BSP_IntHandlerTMR1A                      0x00000599   Thumb Code     4  bsp_int.o(.text)
    BSP_IntHandlerTMR1B                      0x0000059d   Thumb Code     4  bsp_int.o(.text)
    BSP_IntHandlerTMR2A                      0x000005a1   Thumb Code     4  bsp_int.o(.text)
    BSP_IntHandlerTMR2B                      0x000005a5   Thumb Code     4  bsp_int.o(.text)
    BSP_IntHandlerACOMP0                     0x000005a9   Thumb Code     4  bsp_int.o(.text)
    BSP_IntHandlerACOMP1                     0x000005ad   Thumb Code     4  bsp_int.o(.text)
    BSP_IntHandlerACOMP2                     0x000005b1   Thumb Code     4  bsp_int.o(.text)
    BSP_IntHandlerSYS_CTRL                   0x000005b5   Thumb Code     4  bsp_int.o(.text)
    BSP_IntHandlerFLASH                      0x000005b9   Thumb Code     4  bsp_int.o(.text)
    BSP_IntHandlerGPIOF                      0x000005bd   Thumb Code     4  bsp_int.o(.text)
    BSP_IntHandlerGPIOG                      0x000005c1   Thumb Code     4  bsp_int.o(.text)
    BSP_IntHandlerGPIOH                      0x000005c5   Thumb Code     4  bsp_int.o(.text)
    BSP_IntHandlerUART2                      0x000005c9   Thumb Code     4  bsp_int.o(.text)
    BSP_IntHandlerSSI1                       0x000005cd   Thumb Code     4  bsp_int.o(.text)
    BSP_IntHandlerTMR3A                      0x000005d1   Thumb Code     4  bsp_int.o(.text)
    BSP_IntHandlerTMR3B                      0x000005d5   Thumb Code     4  bsp_int.o(.text)
    BSP_IntHandlerI2C1                       0x000005d9   Thumb Code     4  bsp_int.o(.text)
    BSP_IntHandlerCAN0                       0x000005dd   Thumb Code     4  bsp_int.o(.text)
    BSP_IntHandlerCAN1                       0x000005e1   Thumb Code     4  bsp_int.o(.text)
    BSP_IntHandlerETHER_MAC                  0x000005e5   Thumb Code     4  bsp_int.o(.text)
    BSP_IntHandlerHIB                        0x000005e9   Thumb Code     4  bsp_int.o(.text)
    BSP_IntHandlerUSB_MAC                    0x000005ed   Thumb Code     4  bsp_int.o(.text)
    BSP_IntHandlerPWM_GEN3                   0x000005f1   Thumb Code     4  bsp_int.o(.text)
    BSP_IntHandlerUDMA0_SOFT                 0x000005f5   Thumb Code     4  bsp_int.o(.text)
    BSP_IntHandlerUDAM0_ERR                  0x000005f9   Thumb Code     4  bsp_int.o(.text)
    BSP_IntHandlerADC1_0                     0x000005fd   Thumb Code     4  bsp_int.o(.text)
    BSP_IntHandlerADC1_1                     0x00000601   Thumb Code     4  bsp_int.o(.text)
    BSP_IntHandlerADC1_2                     0x00000605   Thumb Code     4  bsp_int.o(.text)
    BSP_IntHandlerADC1_3                     0x00000609   Thumb Code     4  bsp_int.o(.text)
    BSP_IntHandlerEPI0                       0x0000060d   Thumb Code     4  bsp_int.o(.text)
    BSP_IntHandlerGPIOJ                      0x00000611   Thumb Code     4  bsp_int.o(.text)
    BSP_IntHandlerGPIOK                      0x00000615   Thumb Code     4  bsp_int.o(.text)
    BSP_IntHandlerGPIOL                      0x00000619   Thumb Code     4  bsp_int.o(.text)
    BSP_IntHandlerSSI2                       0x0000061d   Thumb Code     4  bsp_int.o(.text)
    BSP_IntHandlerSSI3                       0x00000621   Thumb Code     4  bsp_int.o(.text)
    BSP_IntHandlerUART3                      0x00000625   Thumb Code     4  bsp_int.o(.text)
    BSP_IntHandlerUART4                      0x00000629   Thumb Code     4  bsp_int.o(.text)
    BSP_IntHandlerUART5                      0x0000062d   Thumb Code     4  bsp_int.o(.text)
    BSP_IntHandlerUART6                      0x00000631   Thumb Code     4  bsp_int.o(.text)
    BSP_IntHandlerUART7                      0x00000635   Thumb Code     4  bsp_int.o(.text)
    BSP_IntHandlerI2C2                       0x00000639   Thumb Code     4  bsp_int.o(.text)
    BSP_IntHandlerI2C3                       0x0000063d   Thumb Code     4  bsp_int.o(.text)
    BSP_IntHandlerTMR4A                      0x00000641   Thumb Code     4  bsp_int.o(.text)
    BSP_IntHandlerTMR4B                      0x00000645   Thumb Code     4  bsp_int.o(.text)
    BSP_IntHandlerTMR5A                      0x00000649   Thumb Code     4  bsp_int.o(.text)
    BSP_IntHandlerTMR5B                      0x0000064d   Thumb Code     4  bsp_int.o(.text)
    BSP_IntHandlerFP                         0x00000651   Thumb Code     4  bsp_int.o(.text)
    BSP_IntHandlerRSVD68                     0x00000655   Thumb Code     4  bsp_int.o(.text)
    BSP_IntHandlerRSVD69                     0x00000659   Thumb Code     4  bsp_int.o(.text)
    BSP_IntHandlerI2C4                       0x0000065d   Thumb Code     4  bsp_int.o(.text)
    BSP_IntHandlerI2C5                       0x00000661   Thumb Code     4  bsp_int.o(.text)
    BSP_IntHandlerGPIOM                      0x00000665   Thumb Code     4  bsp_int.o(.text)
    BSP_IntHandlerGPION                      0x00000669   Thumb Code     4  bsp_int.o(.text)
    BSP_IntHandlerRSVD74                     0x0000066d   Thumb Code     4  bsp_int.o(.text)
    BSP_IntHandlerTAMPER                     0x00000671   Thumb Code     4  bsp_int.o(.text)
    BSP_IntHandlerGPIOP0                     0x00000675   Thumb Code     4  bsp_int.o(.text)
    BSP_IntHandlerGPIOP1                     0x00000679   Thumb Code     4  bsp_int.o(.text)
    BSP_IntHandlerGPIOP2                     0x0000067d   Thumb Code     4  bsp_int.o(.text)
    BSP_IntHandlerGPIOP3                     0x00000681   Thumb Code     4  bsp_int.o(.text)
    BSP_IntHandlerGPIOP4                     0x00000685   Thumb Code     4  bsp_int.o(.text)
    BSP_IntHandlerGPIOP5                     0x00000689   Thumb Code     4  bsp_int.o(.text)
    BSP_IntHandlerGPIOP6                     0x0000068d   Thumb Code     4  bsp_int.o(.text)
    BSP_IntHandlerGPIOP7                     0x00000691   Thumb Code     4  bsp_int.o(.text)
    BSP_IntHandlerGPIOQ0                     0x00000695   Thumb Code     4  bsp_int.o(.text)
    BSP_IntHandlerGPIOQ1                     0x00000699   Thumb Code     4  bsp_int.o(.text)
    BSP_IntHandlerGPIOQ2                     0x0000069d   Thumb Code     4  bsp_int.o(.text)
    BSP_IntHandlerGPIOQ3                     0x000006a1   Thumb Code     4  bsp_int.o(.text)
    BSP_IntHandlerGPIOQ4                     0x000006a5   Thumb Code     4  bsp_int.o(.text)
    BSP_IntHandlerGPIOQ5                     0x000006a9   Thumb Code     4  bsp_int.o(.text)
    BSP_IntHandlerGPIOQ6                     0x000006ad   Thumb Code     4  bsp_int.o(.text)
    BSP_IntHandlerGPIOQ7                     0x000006b1   Thumb Code     4  bsp_int.o(.text)
    BSP_IntHandlerGPIOR                      0x000006b5   Thumb Code     4  bsp_int.o(.text)
    BSP_IntHandlerGPIOS                      0x000006b9   Thumb Code     4  bsp_int.o(.text)
    BSP_IntHandlerSHA_MD5                    0x000006bd   Thumb Code     4  bsp_int.o(.text)
    BSP_IntHandlerAES                        0x000006c1   Thumb Code     4  bsp_int.o(.text)
    BSP_IntHandlerDES                        0x000006c5   Thumb Code     4  bsp_int.o(.text)
    BSP_IntHandlerLCD                        0x000006c9   Thumb Code     4  bsp_int.o(.text)
    BSP_IntHandlerTMR6A                      0x000006cd   Thumb Code     4  bsp_int.o(.text)
    BSP_IntHandlerTMR6B                      0x000006d1   Thumb Code     4  bsp_int.o(.text)
    BSP_IntHandlerTMR7A                      0x000006d5   Thumb Code     4  bsp_int.o(.text)
    BSP_IntHandlerTMR7B                      0x000006d9   Thumb Code     4  bsp_int.o(.text)
    BSP_IntHandlerI2C6                       0x000006dd   Thumb Code     4  bsp_int.o(.text)
    BSP_IntHandlerI2C7                       0x000006e1   Thumb Code     4  bsp_int.o(.text)
    BSP_IntHandlerRSVD104                    0x000006e5   Thumb Code     4  bsp_int.o(.text)
    BSP_IntHandler1WIRE                      0x000006e9   Thumb Code     4  bsp_int.o(.text)
    BSP_IntHandlerRSVD106                    0x000006ed   Thumb Code     4  bsp_int.o(.text)
    BSP_IntHandlerRSVD107                    0x000006f1   Thumb Code     4  bsp_int.o(.text)
    BSP_IntHandlerRSVD108                    0x000006f5   Thumb Code     4  bsp_int.o(.text)
    BSP_IntHandlerI2C8                       0x000006f9   Thumb Code     4  bsp_int.o(.text)
    BSP_IntHandlerI2C9                       0x000006fd   Thumb Code     4  bsp_int.o(.text)
    BSP_IntHandlerGPIOT                      0x00000701   Thumb Code     4  bsp_int.o(.text)
    BSP_LED_Off                              0x0000070d   Thumb Code    46  bsp_led.o(.text)
    BSP_LED_Init                             0x0000073b   Thumb Code    24  bsp_led.o(.text)
    BSP_LED_On                               0x00000753   Thumb Code    50  bsp_led.o(.text)
    BSP_LED_Toggle                           0x00000785   Thumb Code    66  bsp_led.o(.text)
    BSP_SysInit                              0x000007d9   Thumb Code     6  bsp_sys.o(.text)
    BSP_SysClkFreqGet                        0x000007df   Thumb Code     4  bsp_sys.o(.text)
    CPU_TS_TmrInit                           0x000007e9   Thumb Code    38  cpu_bsp.o(.text)
    CPU_TS_TmrRd                             0x0000080f   Thumb Code     6  cpu_bsp.o(.text)
    CPU_TS32_to_uSec                         0x00000815   Thumb Code    32  cpu_bsp.o(.text)
    Reset_Handler                            0x00000841   Thumb Code     4  cstartup.o(.text)
    App_NMI_ISR                              0x00000845   Thumb Code     2  cstartup.o(.text)
    App_Fault_ISR                            0x00000847   Thumb Code     2  cstartup.o(.text)
    App_MemFault_ISR                         0x00000849   Thumb Code     2  cstartup.o(.text)
    App_BusFault_ISR                         0x0000084b   Thumb Code     2  cstartup.o(.text)
    App_UsageFault_ISR                       0x0000084d   Thumb Code     2  cstartup.o(.text)
    App_Spurious_ISR                         0x0000084f   Thumb Code     2  cstartup.o(.text)
    App_Reserved_ISR                         0x00000851   Thumb Code     2  cstartup.o(.text)
    CPU_NameClr                              0x00000859   Thumb Code    26  cpu_core.o(.text)
    CPU_Init                                 0x00000873   Thumb Code    18  cpu_core.o(.text)
    CPU_SW_Exception                         0x00000885   Thumb Code     2  cpu_core.o(.text)
    CPU_NameGet                              0x00000887   Thumb Code    46  cpu_core.o(.text)
    CPU_NameSet                              0x000008b5   Thumb Code    62  cpu_core.o(.text)
    CPU_TS_Get32                             0x000008f3   Thumb Code     4  cpu_core.o(.text)
    CPU_TS_Update                            0x000008f7   Thumb Code     2  cpu_core.o(.text)
    CPU_TS_TmrFreqGet                        0x000008f9   Thumb Code    24  cpu_core.o(.text)
    CPU_TS_TmrFreqSet                        0x00000911   Thumb Code     6  cpu_core.o(.text)
    CPU_CntLeadZeros08                       0x00000917   Thumb Code    10  cpu_core.o(.text)
    CPU_CntLeadZeros16                       0x00000921   Thumb Code    10  cpu_core.o(.text)
    CPU_CntLeadZeros32                       0x0000092b   Thumb Code     4  cpu_core.o(.text)
    CPU_CntLeadZeros64                       0x0000092f   Thumb Code   152  cpu_core.o(.text)
    CPU_CntTrailZeros08                      0x000009c7   Thumb Code    10  cpu_core.o(.text)
    CPU_CntTrailZeros16                      0x000009d1   Thumb Code    10  cpu_core.o(.text)
    CPU_CntTrailZeros32                      0x000009db   Thumb Code    10  cpu_core.o(.text)
    CPU_CntTrailZeros64                      0x000009e5   Thumb Code    36  cpu_core.o(.text)
    CPU_IntDis                               0x00000a15   Thumb Code     0  cpu_a.o(.text)
    CPU_IntEn                                0x00000a19   Thumb Code     0  cpu_a.o(.text)
    CPU_SR_Save                              0x00000a1d   Thumb Code     0  cpu_a.o(.text)
    CPU_SR_Restore                           0x00000a25   Thumb Code     0  cpu_a.o(.text)
    CPU_WaitForInt                           0x00000a2b   Thumb Code     0  cpu_a.o(.text)
    CPU_WaitForExcept                        0x00000a2f   Thumb Code     0  cpu_a.o(.text)
    CPU_CntLeadZeros                         0x00000a33   Thumb Code     0  cpu_a.o(.text)
    CPU_CntTrailZeros                        0x00000a39   Thumb Code     0  cpu_a.o(.text)
    CPU_RevBits                              0x00000a43   Thumb Code     0  cpu_a.o(.text)
    CPU_BitBandClr                           0x00000a49   Thumb Code    44  cpu_c.o(.text)
    CPU_BitBandSet                           0x00000a75   Thumb Code    44  cpu_c.o(.text)
    CPU_IntSrcDis                            0x00000aa1   Thumb Code   146  cpu_c.o(.text)
    CPU_IntSrcEn                             0x00000b33   Thumb Code   146  cpu_c.o(.text)
    CPU_IntSrcPendClr                        0x00000bc5   Thumb Code    72  cpu_c.o(.text)
    CPU_IntSrcPrioSet                        0x00000c0d   Thumb Code   232  cpu_c.o(.text)
    CPU_IntSrcPrioGet                        0x00000cf5   Thumb Code   200  cpu_c.o(.text)
    ASCII_IsAlpha                            0x00000dc5   Thumb Code    22  lib_ascii.o(.text)
    ASCII_IsAlphaNum                         0x00000ddb   Thumb Code    28  lib_ascii.o(.text)
    ASCII_IsLower                            0x00000df7   Thumb Code    14  lib_ascii.o(.text)
    ASCII_IsUpper                            0x00000e05   Thumb Code    14  lib_ascii.o(.text)
    ASCII_IsDig                              0x00000e13   Thumb Code    14  lib_ascii.o(.text)
    ASCII_IsDigOct                           0x00000e21   Thumb Code    14  lib_ascii.o(.text)
    ASCII_IsDigHex                           0x00000e2f   Thumb Code    28  lib_ascii.o(.text)
    ASCII_IsBlank                            0x00000e4b   Thumb Code    16  lib_ascii.o(.text)
    ASCII_IsSpace                            0x00000e5b   Thumb Code    32  lib_ascii.o(.text)
    ASCII_IsPrint                            0x00000e7b   Thumb Code    14  lib_ascii.o(.text)
    ASCII_IsGraph                            0x00000e89   Thumb Code    14  lib_ascii.o(.text)
    ASCII_IsPunct                            0x00000e97   Thumb Code    58  lib_ascii.o(.text)
    ASCII_IsCtrl                             0x00000ed1   Thumb Code    22  lib_ascii.o(.text)
    ASCII_ToLower                            0x00000ee7   Thumb Code    14  lib_ascii.o(.text)
    ASCII_ToUpper                            0x00000ef5   Thumb Code    14  lib_ascii.o(.text)
    ASCII_Cmp                                0x00000f03   Thumb Code    28  lib_ascii.o(.text)
    Mem_Init                                 0x00000f21   Thumb Code    54  lib_mem.o(.text)
    Mem_Set                                  0x00000f57   Thumb Code    70  lib_mem.o(.text)
    Mem_Clr                                  0x00000f9d   Thumb Code     6  lib_mem.o(.text)
    Mem_Move                                 0x00000fa3   Thumb Code   128  lib_mem.o(.text)
    Mem_Cmp                                  0x00001023   Thumb Code   126  lib_mem.o(.text)
    Mem_HeapAlloc                            0x00001141   Thumb Code   164  lib_mem.o(.text)
    Mem_SegGetSizeRem                        0x000011e5   Thumb Code   114  lib_mem.o(.text)
    Mem_HeapGetSizeRem                       0x00001257   Thumb Code     8  lib_mem.o(.text)
    Mem_PoolClr                              0x0000125f   Thumb Code    68  lib_mem.o(.text)
    Mem_PoolCreate                           0x000012a3   Thumb Code   722  lib_mem.o(.text)
    Mem_PoolBlkGetNbrAvail                   0x00001575   Thumb Code    64  lib_mem.o(.text)
    Mem_PoolBlkGet                           0x000015b5   Thumb Code   126  lib_mem.o(.text)
    Mem_PoolBlkGetUsedAtIx                   0x00001633   Thumb Code   102  lib_mem.o(.text)
    Mem_PoolBlkFree                          0x000016df   Thumb Code   206  lib_mem.o(.text)
    Mem_PoolBlkIxGet                         0x000017ad   Thumb Code   186  lib_mem.o(.text)
    Str_Len_N                                0x0000186d   Thumb Code    22  lib_str.o(.text)
    Str_Len                                  0x00001883   Thumb Code     6  lib_str.o(.text)
    Str_Copy_N                               0x00001889   Thumb Code    48  lib_str.o(.text)
    Str_Copy                                 0x000018b9   Thumb Code     6  lib_str.o(.text)
    Str_Cat_N                                0x000018bf   Thumb Code    58  lib_str.o(.text)
    Str_Cat                                  0x000018f9   Thumb Code     6  lib_str.o(.text)
    Str_Cmp_N                                0x000018ff   Thumb Code    86  lib_str.o(.text)
    Str_Cmp                                  0x00001955   Thumb Code     6  lib_str.o(.text)
    Str_CmpIgnoreCase_N                      0x0000195b   Thumb Code   146  lib_str.o(.text)
    Str_CmpIgnoreCase                        0x000019ed   Thumb Code     6  lib_str.o(.text)
    Str_Char_N                               0x000019f3   Thumb Code    46  lib_str.o(.text)
    Str_Char                                 0x00001a21   Thumb Code     8  lib_str.o(.text)
    Str_Char_Last_N                          0x00001a29   Thumb Code    44  lib_str.o(.text)
    Str_Char_Last                            0x00001a55   Thumb Code     8  lib_str.o(.text)
    Str_Char_Replace_N                       0x00001a5d   Thumb Code    40  lib_str.o(.text)
    Str_Char_Replace                         0x00001a85   Thumb Code     6  lib_str.o(.text)
    Str_Str_N                                0x00001a8b   Thumb Code   120  lib_str.o(.text)
    Str_Str                                  0x00001b03   Thumb Code     6  lib_str.o(.text)
    Str_FmtNbr_Int32U                        0x00001c61   Thumb Code    24  lib_str.o(.text)
    Str_FmtNbr_Int32S                        0x00001c79   Thumb Code    40  lib_str.o(.text)
    Str_ParseNbr_Int32U                      0x00001ddb   Thumb Code    12  lib_str.o(.text)
    Str_ParseNbr_Int32S                      0x00001de7   Thumb Code    42  lib_str.o(.text)
    Mem_Copy                                 0x00001e15   Thumb Code     0  lib_mem_a.o(.text)
    OS_StrLen                                0x00002035   Thumb Code    20  os_core.o(.text)
    OSEventNameGet                           0x00002049   Thumb Code    74  os_core.o(.text)
    OSEventNameSet                           0x00002093   Thumb Code    58  os_core.o(.text)
    OS_EventTaskRemoveMulti                  0x000020cd   Thumb Code    40  os_core.o(.text)
    OS_Sched                                 0x000020f5   Thumb Code    64  os_core.o(.text)
    OS_EventTaskWaitMulti                    0x00002135   Thumb Code    88  os_core.o(.text)
    OSEventPendMulti                         0x0000218d   Thumb Code   410  os_core.o(.text)
    OS_TaskStatStkChk                        0x00002327   Thumb Code    50  os_core.o(.text)
    OS_TaskStat                              0x00002359   Thumb Code    98  os_core.o(.text)
    OS_TaskIdle                              0x000023bb   Thumb Code    22  os_core.o(.text)
    OS_MemClr                                0x000023d1   Thumb Code    18  os_core.o(.text)
    OSInit                                   0x000023e3   Thumb Code   172  os_core.o(.text)
    OSIntEnter                               0x0000248f   Thumb Code    20  os_core.o(.text)
    OSIntExit                                0x000024a3   Thumb Code    82  os_core.o(.text)
    OSSchedLock                              0x000024f5   Thumb Code    38  os_core.o(.text)
    OSSchedUnlock                            0x0000251b   Thumb Code    52  os_core.o(.text)
    OSStart                                  0x0000254f   Thumb Code    38  os_core.o(.text)
    OSStatInit                               0x00002575   Thumb Code    48  os_core.o(.text)
    OSTimeTick                               0x000025a5   Thumb Code   154  os_core.o(.text)
    OSVersion                                0x0000263f   Thumb Code     6  os_core.o(.text)
    OS_Dummy                                 0x00002645   Thumb Code     2  os_core.o(.text)
    OS_EventTaskRemove                       0x00002647   Thumb Code    36  os_core.o(.text)
    OS_EventTaskRdy                          0x0000266b   Thumb Code   102  os_core.o(.text)
    OS_EventTaskWait                         0x000026d1   Thumb Code    68  os_core.o(.text)
    OS_EventWaitListInit                     0x00002715   Thumb Code    20  os_core.o(.text)
    OS_MemCopy                               0x00002729   Thumb Code    20  os_core.o(.text)
    OS_TCBInit                               0x0000273d   Thumb Code   230  os_core.o(.text)
    OSFlagAccept                             0x00002951   Thumb Code   154  os_flag.o(.text)
    OSFlagCreate                             0x000029eb   Thumb Code    68  os_flag.o(.text)
    OS_FlagUnlink                            0x00002a2f   Thumb Code    32  os_flag.o(.text)
    OSFlagDel                                0x00002a95   Thumb Code   182  os_flag.o(.text)
    OSFlagNameGet                            0x00002b4b   Thumb Code    72  os_flag.o(.text)
    OSFlagNameSet                            0x00002b93   Thumb Code    50  os_flag.o(.text)
    OSFlagPend                               0x00002c1b   Thumb Code   370  os_flag.o(.text)
    OSFlagPendGetFlagsRdy                    0x00002d8d   Thumb Code    20  os_flag.o(.text)
    OSFlagPost                               0x00002da1   Thumb Code   212  os_flag.o(.text)
    OSFlagQuery                              0x00002e75   Thumb Code    38  os_flag.o(.text)
    OS_FlagInit                              0x00002e9b   Thumb Code    64  os_flag.o(.text)
    OSMemCreate                              0x00002ee5   Thumb Code    86  os_mem.o(.text)
    OSMemGet                                 0x00002f3b   Thumb Code    48  os_mem.o(.text)
    OSMemNameGet                             0x00002f6b   Thumb Code    54  os_mem.o(.text)
    OSMemNameSet                             0x00002fa1   Thumb Code    36  os_mem.o(.text)
    OSMemPut                                 0x00002fc5   Thumb Code    46  os_mem.o(.text)
    OSMemQuery                               0x00002ff3   Thumb Code    46  os_mem.o(.text)
    OS_MemInit                               0x00003021   Thumb Code    62  os_mem.o(.text)
    OSMutexAccept                            0x00003071   Thumb Code   114  os_mutex.o(.text)
    OSMutexCreate                            0x000030e3   Thumb Code   122  os_mutex.o(.text)
    OSMutexDel                               0x000031cd   Thumb Code   244  os_mutex.o(.text)
    OSMutexPend                              0x000032c1   Thumb Code   484  os_mutex.o(.text)
    OSMutexPost                              0x000034a5   Thumb Code   170  os_mutex.o(.text)
    OSMutexQuery                             0x0000354f   Thumb Code    88  os_mutex.o(.text)
    OSTaskChangePrio                         0x000035b5   Thumb Code   322  os_task.o(.text)
    OSTaskCreate                             0x000036f7   Thumb Code   124  os_task.o(.text)
    OS_TaskStkClr                            0x00003773   Thumb Code    22  os_task.o(.text)
    OSTaskCreateExt                          0x00003789   Thumb Code   144  os_task.o(.text)
    OSTaskDel                                0x00003819   Thumb Code   274  os_task.o(.text)
    OSTaskDelReq                             0x0000392b   Thumb Code    82  os_task.o(.text)
    OSTaskNameGet                            0x0000397d   Thumb Code   138  os_task.o(.text)
    OSTaskNameSet                            0x00003a07   Thumb Code    70  os_task.o(.text)
    OSTaskResume                             0x00003a4d   Thumb Code   120  os_task.o(.text)
    OSTaskStkChk                             0x00003ac5   Thumb Code    94  os_task.o(.text)
    OSTaskSuspend                            0x00003b23   Thumb Code   128  os_task.o(.text)
    OSTaskQuery                              0x00003ba3   Thumb Code    74  os_task.o(.text)
    OSTaskRegGet                             0x00003bed   Thumb Code    50  os_task.o(.text)
    OSTaskRegGetID                           0x00003c1f   Thumb Code    40  os_task.o(.text)
    OSTaskRegSet                             0x00003c47   Thumb Code    52  os_task.o(.text)
    OS_TaskReturn                            0x00003c7b   Thumb Code    18  os_task.o(.text)
    OSTimeDly                                0x00003ca9   Thumb Code    82  os_time.o(.text)
    OSTimeDlyHMSM                            0x00003cfb   Thumb Code    70  os_time.o(.text)
    OSTimeDlyResume                          0x00003d41   Thumb Code   134  os_time.o(.text)
    OSTimeGet                                0x00003dc7   Thumb Code    18  os_time.o(.text)
    OSTimeSet                                0x00003dd9   Thumb Code    20  os_time.o(.text)
    OS_CPU_FP_Reg_Push                       0x00003e09   Thumb Code     0  os_cpu_a.o(.text)
    OS_CPU_FP_Reg_Pop                        0x00003e23   Thumb Code     0  os_cpu_a.o(.text)
    OS_CPU_SR_Save                           0x00003e35   Thumb Code     0  os_cpu_a.o(.text)
    OS_CPU_SR_Restore                        0x00003e3d   Thumb Code     0  os_cpu_a.o(.text)
    OSStartHighRdy                           0x00003e43   Thumb Code     0  os_cpu_a.o(.text)
    OSCtxSw                                  0x00003e6b   Thumb Code     0  os_cpu_a.o(.text)
    OSIntCtxSw                               0x00003e75   Thumb Code     0  os_cpu_a.o(.text)
    OS_CPU_PendSVHandler                     0x00003e7f   Thumb Code     0  os_cpu_a.o(.text)
    OSInitHookBegin                          0x00003ee5   Thumb Code    24  os_cpu_c.o(.text)
    OSInitHookEnd                            0x00003efd   Thumb Code     2  os_cpu_c.o(.text)
    OSTaskCreateHook                         0x00003eff   Thumb Code     4  os_cpu_c.o(.text)
    OSTaskDelHook                            0x00003f03   Thumb Code     4  os_cpu_c.o(.text)
    OSTaskIdleHook                           0x00003f07   Thumb Code     4  os_cpu_c.o(.text)
    OSTaskReturnHook                         0x00003f0b   Thumb Code     4  os_cpu_c.o(.text)
    OSTaskStatHook                           0x00003f0f   Thumb Code     4  os_cpu_c.o(.text)
    OSTaskStkInit                            0x00003f13   Thumb Code   322  os_cpu_c.o(.text)
    OSTaskSwHook                             0x00004055   Thumb Code    42  os_cpu_c.o(.text)
    OSTCBInitHook                            0x0000407f   Thumb Code     4  os_cpu_c.o(.text)
    OSTimeTickHook                           0x00004083   Thumb Code     4  os_cpu_c.o(.text)
    OS_CPU_SysTickHandler                    0x00004087   Thumb Code    30  os_cpu_c.o(.text)
    OS_CPU_SysTickInit                       0x000040a5   Thumb Code    36  os_cpu_c.o(.text)
    OSDebugInit                              0x0000414d   Thumb Code     2  os_dbg.o(.text)
    GPIODirModeSet                           0x00004151   Thumb Code    38  gpio.o(.text)
    GPIODirModeGet                           0x00004177   Thumb Code    38  gpio.o(.text)
    GPIOIntTypeSet                           0x0000419d   Thumb Code    78  gpio.o(.text)
    GPIOIntTypeGet                           0x000041eb   Thumb Code    68  gpio.o(.text)
    GPIOPadConfigSet                         0x0000422f   Thumb Code   164  gpio.o(.text)
    GPIOPadConfigGet                         0x000042d3   Thumb Code   110  gpio.o(.text)
    GPIOIntEnable                            0x00004341   Thumb Code    12  gpio.o(.text)
    GPIOIntDisable                           0x0000434d   Thumb Code    12  gpio.o(.text)
    GPIOIntStatus                            0x00004359   Thumb Code    14  gpio.o(.text)
    GPIOIntClear                             0x00004367   Thumb Code     6  gpio.o(.text)
    GPIOIntRegister                          0x0000436d   Thumb Code    26  gpio.o(.text)
    GPIOIntUnregister                        0x00004387   Thumb Code    22  gpio.o(.text)
    GPIOPinRead                              0x0000439d   Thumb Code     6  gpio.o(.text)
    GPIOPinWrite                             0x000043a3   Thumb Code     6  gpio.o(.text)
    GPIOPinTypeADC                           0x000043a9   Thumb Code    26  gpio.o(.text)
    GPIOPinTypeCAN                           0x000043c3   Thumb Code    26  gpio.o(.text)
    GPIOPinTypeComparator                    0x000043dd   Thumb Code    26  gpio.o(.text)
    GPIOPinTypeEPI                           0x000043f7   Thumb Code    26  gpio.o(.text)
    GPIOPinTypeEthernetLED                   0x00004411   Thumb Code    26  gpio.o(.text)
    GPIOPinTypeEthernetMII                   0x0000442b   Thumb Code    26  gpio.o(.text)
    GPIOPinTypeFan                           0x00004445   Thumb Code    26  gpio.o(.text)
    GPIOPinTypeGPIOInput                     0x0000445f   Thumb Code    26  gpio.o(.text)
    GPIOPinTypeGPIOOutput                    0x00004479   Thumb Code    26  gpio.o(.text)
    GPIOPinTypeGPIOOutputOD                  0x00004493   Thumb Code    26  gpio.o(.text)
    GPIOPinTypeI2C                           0x000044ad   Thumb Code    26  gpio.o(.text)
    GPIOPinTypeI2CSCL                        0x000044c7   Thumb Code    26  gpio.o(.text)
    GPIOPinTypeLPC                           0x000044e1   Thumb Code    26  gpio.o(.text)
    GPIOPinTypePECIRx                        0x000044fb   Thumb Code    26  gpio.o(.text)
    GPIOPinTypePECITx                        0x00004515   Thumb Code    26  gpio.o(.text)
    GPIOPinTypePWM                           0x0000452f   Thumb Code    26  gpio.o(.text)
    GPIOPinTypeQEI                           0x00004549   Thumb Code    26  gpio.o(.text)
    GPIOPinTypeSSI                           0x00004563   Thumb Code    26  gpio.o(.text)
    GPIOPinTypeTimer                         0x0000457d   Thumb Code    26  gpio.o(.text)
    GPIOPinTypeUART                          0x00004597   Thumb Code    26  gpio.o(.text)
    GPIOPinTypeUSBAnalog                     0x000045b1   Thumb Code    26  gpio.o(.text)
    GPIOPinTypeUSBDigital                    0x000045cb   Thumb Code    26  gpio.o(.text)
    GPIOPinConfigure                         0x000045e5   Thumb Code    58  gpio.o(.text)
    GPIODMATriggerEnable                     0x0000461f   Thumb Code    12  gpio.o(.text)
    GPIODMATriggerDisable                    0x0000462b   Thumb Code    12  gpio.o(.text)
    GPIOADCTriggerEnable                     0x00004637   Thumb Code    12  gpio.o(.text)
    GPIOADCTriggerDisable                    0x00004643   Thumb Code    12  gpio.o(.text)
    IntMasterEnable                          0x0000467f   Thumb Code    14  interrupt.o(.text)
    IntMasterDisable                         0x0000468d   Thumb Code    14  interrupt.o(.text)
    IntRegister                              0x0000469b   Thumb Code    38  interrupt.o(.text)
    IntUnregister                            0x000046c1   Thumb Code    10  interrupt.o(.text)
    IntPriorityGroupingSet                   0x000046cb   Thumb Code    18  interrupt.o(.text)
    IntPriorityGroupingGet                   0x000046dd   Thumb Code    30  interrupt.o(.text)
    IntPrioritySet                           0x000046fb   Thumb Code    32  interrupt.o(.text)
    IntPriorityGet                           0x0000471b   Thumb Code    22  interrupt.o(.text)
    IntEnable                                0x00004731   Thumb Code    88  interrupt.o(.text)
    IntDisable                               0x00004789   Thumb Code    88  interrupt.o(.text)
    IntIsEnabled                             0x000047e1   Thumb Code    90  interrupt.o(.text)
    IntPendSet                               0x0000483b   Thumb Code    70  interrupt.o(.text)
    IntPendClear                             0x00004881   Thumb Code    58  interrupt.o(.text)
    IntPriorityMaskSet                       0x000048bb   Thumb Code     4  interrupt.o(.text)
    IntPriorityMaskGet                       0x000048bf   Thumb Code     4  interrupt.o(.text)
    IntTrigger                               0x000048c3   Thumb Code     8  interrupt.o(.text)
    SysCtlSRAMSizeGet                        0x000048e5   Thumb Code    10  sysctl.o(.text)
    SysCtlFlashSizeGet                       0x000048ef   Thumb Code    16  sysctl.o(.text)
    SysCtlPeripheralPresent                  0x000048ff   Thumb Code    40  sysctl.o(.text)
    SysCtlPeripheralReady                    0x00004927   Thumb Code    40  sysctl.o(.text)
    SysCtlPeripheralPowerOn                  0x0000494f   Thumb Code    36  sysctl.o(.text)
    SysCtlPeripheralPowerOff                 0x00004973   Thumb Code    36  sysctl.o(.text)
    SysCtlPeripheralReset                    0x00004997   Thumb Code    54  sysctl.o(.text)
    SysCtlPeripheralEnable                   0x000049cd   Thumb Code    36  sysctl.o(.text)
    SysCtlPeripheralDisable                  0x000049f1   Thumb Code    36  sysctl.o(.text)
    SysCtlPeripheralSleepEnable              0x00004a15   Thumb Code    36  sysctl.o(.text)
    SysCtlPeripheralSleepDisable             0x00004a39   Thumb Code    36  sysctl.o(.text)
    SysCtlPeripheralDeepSleepEnable          0x00004a5d   Thumb Code    36  sysctl.o(.text)
    SysCtlPeripheralDeepSleepDisable         0x00004a81   Thumb Code    36  sysctl.o(.text)
    SysCtlPeripheralClockGating              0x00004aa5   Thumb Code    24  sysctl.o(.text)
    SysCtlIntRegister                        0x00004abd   Thumb Code    20  sysctl.o(.text)
    SysCtlIntUnregister                      0x00004ad1   Thumb Code    18  sysctl.o(.text)
    SysCtlIntEnable                          0x00004ae3   Thumb Code    12  sysctl.o(.text)
    SysCtlIntDisable                         0x00004aef   Thumb Code    12  sysctl.o(.text)
    SysCtlIntClear                           0x00004afb   Thumb Code     8  sysctl.o(.text)
    SysCtlIntStatus                          0x00004b03   Thumb Code    14  sysctl.o(.text)
    SysCtlReset                              0x00004b11   Thumb Code     8  sysctl.o(.text)
    SysCtlSleep                              0x00004b19   Thumb Code     4  sysctl.o(.text)
    SysCtlDeepSleep                          0x00004b1d   Thumb Code    28  sysctl.o(.text)
    SysCtlResetCauseGet                      0x00004b39   Thumb Code     8  sysctl.o(.text)
    SysCtlResetCauseClear                    0x00004b41   Thumb Code    12  sysctl.o(.text)
    SysCtlMOSCConfigSet                      0x00004b4d   Thumb Code     8  sysctl.o(.text)
    SysCtlPIOSCCalibrate                     0x00004b55   Thumb Code    64  sysctl.o(.text)
    SysCtlClockSet                           0x00004b95   Thumb Code   250  sysctl.o(.text)
    SysCtlClockGet                           0x00004c8f   Thumb Code   274  sysctl.o(.text)
    SysCtlDeepSleepClockSet                  0x00004da1   Thumb Code     8  sysctl.o(.text)
    SysCtlPWMClockSet                        0x00004da9   Thumb Code    14  sysctl.o(.text)
    SysCtlPWMClockGet                        0x00004db7   Thumb Code    20  sysctl.o(.text)
    SysCtlADCSpeedSet                        0x00004dcb   Thumb Code    32  sysctl.o(.text)
    SysCtlADCSpeedGet                        0x00004deb   Thumb Code    12  sysctl.o(.text)
    SysCtlGPIOAHBEnable                      0x00004df7   Thumb Code    18  sysctl.o(.text)
    SysCtlGPIOAHBDisable                     0x00004e09   Thumb Code    18  sysctl.o(.text)
    SysCtlUSBPLLEnable                       0x00004e1b   Thumb Code    12  sysctl.o(.text)
    SysCtlUSBPLLDisable                      0x00004e27   Thumb Code    12  sysctl.o(.text)
    UARTParityModeSet                        0x00004e41   Thumb Code    12  uart.o(.text)
    UARTParityModeGet                        0x00004e4d   Thumb Code     8  uart.o(.text)
    UARTFIFOLevelSet                         0x00004e55   Thumb Code     6  uart.o(.text)
    UARTFIFOLevelGet                         0x00004e5b   Thumb Code    16  uart.o(.text)
    UARTEnable                               0x00004e6b   Thumb Code    20  uart.o(.text)
    UARTDisable                              0x00004e7f   Thumb Code    26  uart.o(.text)
    UARTConfigSetExpClk                      0x00004e99   Thumb Code    70  uart.o(.text)
    UARTConfigGetExpClk                      0x00004edf   Thumb Code    38  uart.o(.text)
    UARTFIFOEnable                           0x00004f05   Thumb Code    10  uart.o(.text)
    UARTFIFODisable                          0x00004f0f   Thumb Code    10  uart.o(.text)
    UARTEnableSIR                            0x00004f19   Thumb Code    20  uart.o(.text)
    UARTDisableSIR                           0x00004f2d   Thumb Code    10  uart.o(.text)
    UARTSmartCardEnable                      0x00004f37   Thumb Code    22  uart.o(.text)
    UARTSmartCardDisable                     0x00004f4d   Thumb Code    10  uart.o(.text)
    UARTModemControlSet                      0x00004f57   Thumb Code    12  uart.o(.text)
    UARTModemControlClear                    0x00004f63   Thumb Code    12  uart.o(.text)
    UARTModemControlGet                      0x00004f6f   Thumb Code     8  uart.o(.text)
    UARTModemStatusGet                       0x00004f77   Thumb Code    10  uart.o(.text)
    UARTFlowControlSet                       0x00004f81   Thumb Code    12  uart.o(.text)
    UARTFlowControlGet                       0x00004f8d   Thumb Code     8  uart.o(.text)
    UARTTxIntModeSet                         0x00004f95   Thumb Code    12  uart.o(.text)
    UARTTxIntModeGet                         0x00004fa1   Thumb Code     8  uart.o(.text)
    UARTCharsAvail                           0x00004fa9   Thumb Code    10  uart.o(.text)
    UARTSpaceAvail                           0x00004fb3   Thumb Code    10  uart.o(.text)
    UARTCharGetNonBlocking                   0x00004fbd   Thumb Code    16  uart.o(.text)
    UARTCharGet                              0x00004fcd   Thumb Code    10  uart.o(.text)
    UARTCharPutNonBlocking                   0x00004fd7   Thumb Code    16  uart.o(.text)
    UARTCharPut                              0x00004fe7   Thumb Code    10  uart.o(.text)
    UARTBreakCtl                             0x00004ff1   Thumb Code    20  uart.o(.text)
    UARTBusy                                 0x00005005   Thumb Code     8  uart.o(.text)
    UARTIntRegister                          0x0000500d   Thumb Code    26  uart.o(.text)
    UARTIntUnregister                        0x00005027   Thumb Code    22  uart.o(.text)
    UARTIntEnable                            0x0000503d   Thumb Code     8  uart.o(.text)
    UARTIntDisable                           0x00005045   Thumb Code     8  uart.o(.text)
    UARTIntStatus                            0x0000504d   Thumb Code    10  uart.o(.text)
    UARTIntClear                             0x00005057   Thumb Code     4  uart.o(.text)
    UARTDMAEnable                            0x0000505b   Thumb Code     8  uart.o(.text)
    UARTDMADisable                           0x00005063   Thumb Code     8  uart.o(.text)
    UARTRxErrorGet                           0x0000506b   Thumb Code     8  uart.o(.text)
    UARTRxErrorClear                         0x00005073   Thumb Code     6  uart.o(.text)
    UARTClockSourceSet                       0x00005079   Thumb Code     6  uart.o(.text)
    UARTClockSourceGet                       0x0000507f   Thumb Code     6  uart.o(.text)
    UART9BitEnable                           0x00005085   Thumb Code    12  uart.o(.text)
    UART9BitDisable                          0x00005091   Thumb Code    12  uart.o(.text)
    UART9BitAddrSet                          0x0000509d   Thumb Code     8  uart.o(.text)
    UART9BitAddrSend                         0x000050a5   Thumb Code    38  uart.o(.text)
    UARTStdioConfig                          0x000050f1   Thumb Code    70  uartstdio.o(.text)
    UARTwrite                                0x00005137   Thumb Code    46  uartstdio.o(.text)
    UARTgets                                 0x00005165   Thumb Code   106  uartstdio.o(.text)
    UARTgetc                                 0x000051cf   Thumb Code    14  uartstdio.o(.text)
    UARTvprintf                              0x000051dd   Thumb Code   422  uartstdio.o(.text)
    UARTprintf                               0x00005383   Thumb Code    18  uartstdio.o(.text)
    __aeabi_uldivmod                         0x000053b1   Thumb Code    98  uldiv.o(.text)
    __aeabi_uidiv                            0x00005413   Thumb Code     0  uidiv.o(.text)
    __aeabi_uidivmod                         0x00005413   Thumb Code    44  uidiv.o(.text)
    __aeabi_llsl                             0x0000543f   Thumb Code    30  llshl.o(.text)
    _ll_shift_l                              0x0000543f   Thumb Code     0  llshl.o(.text)
    __aeabi_llsr                             0x0000545d   Thumb Code    32  llushr.o(.text)
    _ll_ushift_r                             0x0000545d   Thumb Code     0  llushr.o(.text)
    __scatterload                            0x0000547d   Thumb Code    28  init.o(.text)
    __scatterload_rt2                        0x0000547d   Thumb Code     0  init.o(.text)
    __decompress                             0x000054a1   Thumb Code     0  __dczerorl.o(.text)
    __decompress0                            0x000054a1   Thumb Code    58  __dczerorl.o(.text)
    __0sprintf$1                             0x000054dd   Thumb Code    34  printf1.o(i.__0sprintf$1)
    __1sprintf$1                             0x000054dd   Thumb Code     0  printf1.o(i.__0sprintf$1)
    __2sprintf                               0x000054dd   Thumb Code     0  printf1.o(i.__0sprintf$1)
    __scatterload_copy                       0x00005505   Thumb Code    14  handlers.o(i.__scatterload_copy)
    __scatterload_null                       0x00005513   Thumb Code     2  handlers.o(i.__scatterload_null)
    __scatterload_zeroinit                   0x00005515   Thumb Code    14  handlers.o(i.__scatterload_zeroinit)
    OSUnMapTbl                               0x00005818   Data         256  os_core.o(.constdata)
    Region$$Table$$Base                      0x00005c38   Number         0  anon$$obj.o(Region$$Table)
    Region$$Table$$Limit                     0x00005c58   Number         0  anon$$obj.o(Region$$Table)
    err                                      0x20000000   Data           1  app.o(.data)
    mutex                                    0x20000004   Data           4  app.o(.data)
    CPU_TS_TmrFreq_Hz                        0x20000008   Data           4  cpu_core.o(.data)
    Mem_PoolTbl                              0x2000000c   Data           4  lib_mem.o(.data)
    OSCPUUsage                               0x20000010   Data           1  os_core.o(.data)
    OSStatRdy                                0x20000011   Data           1  os_core.o(.data)
    OSIntNesting                             0x20000012   Data           1  os_core.o(.data)
    OSLockNesting                            0x20000013   Data           1  os_core.o(.data)
    OSPrioCur                                0x20000014   Data           1  os_core.o(.data)
    OSPrioHighRdy                            0x20000015   Data           1  os_core.o(.data)
    OSRdyGrp                                 0x20000016   Data           1  os_core.o(.data)
    OSRunning                                0x20000017   Data           1  os_core.o(.data)
    OSTaskCtr                                0x20000018   Data           1  os_core.o(.data)
    OSTickStepState                          0x20000019   Data           1  os_core.o(.data)
    OSTaskRegNextAvailID                     0x2000001a   Data           1  os_core.o(.data)
    OSCtxSwCtr                               0x2000001c   Data           4  os_core.o(.data)
    OSEventFreeList                          0x20000020   Data           4  os_core.o(.data)
    OSIdleCtrMax                             0x20000024   Data           4  os_core.o(.data)
    OSIdleCtrRun                             0x20000028   Data           4  os_core.o(.data)
    OSIdleCtr                                0x2000002c   Data           4  os_core.o(.data)
    OSTCBCur                                 0x20000030   Data           4  os_core.o(.data)
    OSTCBFreeList                            0x20000034   Data           4  os_core.o(.data)
    OSTCBHighRdy                             0x20000038   Data           4  os_core.o(.data)
    OSTCBList                                0x2000003c   Data           4  os_core.o(.data)
    OSTime                                   0x20000040   Data           4  os_core.o(.data)
    OSRdyTbl                                 0x20000044   Data           8  os_core.o(.data)
    OSFlagFreeList                           0x2000004c   Data           4  os_core.o(.data)
    OSMemFreeList                            0x20000050   Data           4  os_core.o(.data)
    OS_CPU_ExceptStkBase                     0x20000054   Data           4  os_cpu_c.o(.data)
    CPU_Name                                 0x2000182c   Data          16  cpu_core.o(.bss)
    Mem_PoolHeap                             0x2000183c   Data          72  lib_mem.o(.bss)
    Mem_Heap                                 0x20001884   Data        1024  lib_mem.o(.bss)
    OSEventTbl                               0x20001c84   Data         240  os_core.o(.bss)
    OSTaskStatStk                            0x20001d74   Data         512  os_core.o(.bss)
    OSTaskIdleStk                            0x20001f74   Data         512  os_core.o(.bss)
    OSTCBPrioTbl                             0x20002174   Data         256  os_core.o(.bss)
    OSTCBTbl                                 0x20002274   Data        1936  os_core.o(.bss)
    OSFlagTbl                                0x20002a04   Data          80  os_core.o(.bss)
    OSMemTbl                                 0x20002a54   Data         120  os_core.o(.bss)
    OS_CPU_ExceptStk                         0x20002acc   Data         512  os_cpu_c.o(.bss)
    __initial_sp                             0x20002ed0   Data           0  cstartup.o(STACK)



==============================================================================

Memory Map of the image

  Image Entry point : 0x00000201

  Load Region LR_IROM1 (Base: 0x00000000, Size: 0x000062c4, Max: 0x00040000, ABSOLUTE, COMPRESSED[0x00005c68])

    Execution Region ER_IROM1 (Exec base: 0x00000000, Load base: 0x00000000, Size: 0x00005c58, Max: 0x00040000, ABSOLUTE)

    Exec Addr    Load Addr    Size         Type   Attr      Idx    E Section Name        Object

    0x00000000   0x00000000   0x00000200   Data   RO          243    RESET               cstartup.o
    0x00000200   0x00000200   0x00000000   Code   RO         1024  * .ARM.Collect$$$$00000000  mc_w.l(entry.o)
    0x00000200   0x00000200   0x00000004   Code   RO         1290    .ARM.Collect$$$$00000001  mc_w.l(entry2.o)
    0x00000204   0x00000204   0x00000004   Code   RO         1293    .ARM.Collect$$$$00000004  mc_w.l(entry5.o)
    0x00000208   0x00000208   0x00000000   Code   RO         1295    .ARM.Collect$$$$00000008  mc_w.l(entry7b.o)
    0x00000208   0x00000208   0x00000000   Code   RO         1297    .ARM.Collect$$$$0000000A  mc_w.l(entry8b.o)
    0x00000208   0x00000208   0x00000008   Code   RO         1298    .ARM.Collect$$$$0000000B  mc_w.l(entry9a.o)
    0x00000210   0x00000210   0x00000000   Code   RO         1300    .ARM.Collect$$$$0000000D  mc_w.l(entry10a.o)
    0x00000210   0x00000210   0x00000000   Code   RO         1302    .ARM.Collect$$$$0000000F  mc_w.l(entry11a.o)
    0x00000210   0x00000210   0x00000004   Code   RO         1291    .ARM.Collect$$$$00002712  mc_w.l(entry2.o)
    0x00000214   0x00000214   0x00000026   Code   RO          627    .emb_text           cpu.o
    0x0000023a   0x0000023a   0x00000002   PAD
    0x0000023c   0x0000023c   0x00000006   Code   RO          856    .emb_text           sysctl.o
    0x00000242   0x00000242   0x00000002   PAD
    0x00000244   0x00000244   0x000001c8   Code   RO            1    .text               app.o
    0x0000040c   0x0000040c   0x00000010   Code   RO          100    .text               app_hooks.o
    0x0000041c   0x0000041c   0x000000a8   Code   RO          116    .text               bsp.o
    0x000004c4   0x000004c4   0x00000248   Code   RO          162    .text               bsp_int.o
    0x0000070c   0x0000070c   0x000000cc   Code   RO          183    .text               bsp_led.o
    0x000007d8   0x000007d8   0x00000010   Code   RO          204    .text               bsp_sys.o
    0x000007e8   0x000007e8   0x00000058   Code   RO          219    .text               cpu_bsp.o
    0x00000840   0x00000840   0x00000018   Code   RO          244    .text               cstartup.o
    0x00000858   0x00000858   0x000001bc   Code   RO          249    .text               cpu_core.o
    0x00000a14   0x00000a14   0x00000034   Code   RO          271    .text               cpu_a.o
    0x00000a48   0x00000a48   0x0000037c   Code   RO          274    .text               cpu_c.o
    0x00000dc4   0x00000dc4   0x0000015a   Code   RO          290    .text               lib_ascii.o
    0x00000f1e   0x00000f1e   0x00000002   PAD
    0x00000f20   0x00000f20   0x0000094c   Code   RO          337    .text               lib_mem.o
    0x0000186c   0x0000186c   0x000005a8   Code   RO          356    .text               lib_str.o
    0x00001e14   0x00001e14   0x00000220   Code   RO          374    .text               lib_mem_a.o
    0x00002034   0x00002034   0x0000091c   Code   RO          377    .text               os_core.o
    0x00002950   0x00002950   0x00000594   Code   RO          402    .text               os_flag.o
    0x00002ee4   0x00002ee4   0x0000018c   Code   RO          427    .text               os_mem.o
    0x00003070   0x00003070   0x00000544   Code   RO          439    .text               os_mutex.o
    0x000035b4   0x000035b4   0x000006f4   Code   RO          469    .text               os_task.o
    0x00003ca8   0x00003ca8   0x00000160   Code   RO          482    .text               os_time.o
    0x00003e08   0x00003e08   0x000000dc   Code   RO          500    .text               os_cpu_a.o
    0x00003ee4   0x00003ee4   0x00000268   Code   RO          503    .text               os_cpu_c.o
    0x0000414c   0x0000414c   0x00000002   Code   RO          526    .text               os_dbg.o
    0x0000414e   0x0000414e   0x00000002   PAD
    0x00004150   0x00004150   0x0000052c   Code   RO          693    .text               gpio.o
    0x0000467c   0x0000467c   0x00000268   Code   RO          753    .text               interrupt.o
    0x000048e4   0x000048e4   0x0000055c   Code   RO          857    .text               sysctl.o
    0x00004e40   0x00004e40   0x000002b0   Code   RO          930    .text               uart.o
    0x000050f0   0x000050f0   0x000002c0   Code   RO         1002    .text               uartstdio.o
    0x000053b0   0x000053b0   0x00000062   Code   RO         1027    .text               mc_w.l(uldiv.o)
    0x00005412   0x00005412   0x0000002c   Code   RO         1307    .text               mc_w.l(uidiv.o)
    0x0000543e   0x0000543e   0x0000001e   Code   RO         1309    .text               mc_w.l(llshl.o)
    0x0000545c   0x0000545c   0x00000020   Code   RO         1311    .text               mc_w.l(llushr.o)
    0x0000547c   0x0000547c   0x00000024   Code   RO         1324    .text               mc_w.l(init.o)
    0x000054a0   0x000054a0   0x0000003a   Code   RO         1340    .text               mc_w.l(__dczerorl.o)
    0x000054da   0x000054da   0x00000002   PAD
    0x000054dc   0x000054dc   0x00000028   Code   RO         1076    i.__0sprintf$1      mc_w.l(printf1.o)
    0x00005504   0x00005504   0x0000000e   Code   RO         1334    i.__scatterload_copy  mc_w.l(handlers.o)
    0x00005512   0x00005512   0x00000002   Code   RO         1335    i.__scatterload_null  mc_w.l(handlers.o)
    0x00005514   0x00005514   0x0000000e   Code   RO         1336    i.__scatterload_zeroinit  mc_w.l(handlers.o)
    0x00005522   0x00005522   0x00000002   PAD
    0x00005524   0x00005524   0x00000154   Code   RO         1081    i._printf_core      mc_w.l(printf1.o)
    0x00005678   0x00005678   0x0000000a   Code   RO         1083    i._sputc            mc_w.l(printf1.o)
    0x00005682   0x00005682   0x00000100   Data   RO          251    .constdata          cpu_core.o
    0x00005782   0x00005782   0x00000002   PAD
    0x00005784   0x00005784   0x00000094   Data   RO          357    .constdata          lib_str.o
    0x00005818   0x00005818   0x00000100   Data   RO          381    .constdata          os_core.o
    0x00005918   0x00005918   0x00000138   Data   RO          694    .constdata          gpio.o
    0x00005a50   0x00005a50   0x0000010c   Data   RO          754    .constdata          interrupt.o
    0x00005b5c   0x00005b5c   0x0000006c   Data   RO          858    .constdata          sysctl.o
    0x00005bc8   0x00005bc8   0x00000040   Data   RO          931    .constdata          uart.o
    0x00005c08   0x00005c08   0x0000001c   Data   RO         1003    .constdata          uartstdio.o
    0x00005c24   0x00005c24   0x00000011   Data   RO         1004    .conststring        uartstdio.o
    0x00005c35   0x00005c35   0x00000003   PAD
    0x00005c38   0x00005c38   0x00000020   Data   RO         1332    Region$$Table       anon$$obj.o


    Execution Region RW_IRAM1 (Exec base: 0x20000000, Load base: 0x00005c58, Size: 0x00002ed0, Max: 0x00008000, ABSOLUTE, COMPRESSED[0x00000010])

    Exec Addr    Load Addr    Size         Type   Attr      Idx    E Section Name        Object

    0x20000000   COMPRESSED   0x00000008   Data   RW            3    .data               app.o
    0x20000008   COMPRESSED   0x00000004   Data   RW          253    .data               cpu_core.o
    0x2000000c   COMPRESSED   0x00000004   Data   RW          339    .data               lib_mem.o
    0x20000010   COMPRESSED   0x0000003c   Data   RW          382    .data               os_core.o
    0x2000004c   COMPRESSED   0x00000004   Data   RW          383    .data               os_core.o
    0x20000050   COMPRESSED   0x00000004   Data   RW          384    .data               os_core.o
    0x20000054   COMPRESSED   0x00000004   Data   RW          505    .data               os_cpu_c.o
    0x20000058   COMPRESSED   0x00000008   Data   RW         1005    .data               uartstdio.o
    0x20000060   COMPRESSED   0x000003a0   PAD
    0x20000400   COMPRESSED   0x0000026c   Data   RW          755    vtable              interrupt.o
    0x2000066c        -       0x00001000   Zero   RW            2    .bss                app.o
    0x2000166c        -       0x000001c0   Zero   RW          163    .bss                bsp_int.o
    0x2000182c        -       0x00000010   Zero   RW          250    .bss                cpu_core.o
    0x2000183c        -       0x00000448   Zero   RW          338    .bss                lib_mem.o
    0x20001c84        -       0x00000d80   Zero   RW          378    .bss                os_core.o
    0x20002a04        -       0x00000050   Zero   RW          379    .bss                os_core.o
    0x20002a54        -       0x00000078   Zero   RW          380    .bss                os_core.o
    0x20002acc        -       0x00000200   Zero   RW          504    .bss                os_cpu_c.o
    0x20002ccc   COMPRESSED   0x00000004   PAD
    0x20002cd0        -       0x00000200   Zero   RW          241    STACK               cstartup.o


==============================================================================

Image component sizes


      Code (inc. data)   RO Data    RW Data    ZI Data      Debug   Object Name

       456         98          0          8       4096      25645   app.o
        16          0          0          0          0       9391   app_hooks.o
       168         62          0          0          0       8423   bsp.o
       584          8          0          0        448      14550   bsp_int.o
       204         18          0          0          0       1241   bsp_led.o
        16          6          0          0          0        616   bsp_sys.o
        38          0          0          0          0        640   cpu.o
        52          0          0          0          0        380   cpu_a.o
        88         12          0          0          0       2536   cpu_bsp.o
       892         72          0          0          0       3557   cpu_c.o
       444         12        256          4         16       6941   cpu_core.o
        24          6        512          0        512        764   cstartup.o
      1324         10        312          0          0      12756   gpio.o
       616         26        268        620          0       5108   interrupt.o
       346          0          0          0          0      15274   lib_ascii.o
      2380         38          0          4       1096      25256   lib_mem.o
       544          0          0          0          0        528   lib_mem_a.o
      1448          4        148          0          0      12872   lib_str.o
      2332         92        256         68       3656      19415   os_core.o
       220         36          0          0          0        472   os_cpu_a.o
       616        132          0          4        512      12560   os_cpu_c.o
         2          0          0          0          0        606   os_dbg.o
      1428         40          0          0          0       7754   os_flag.o
       396         18          0          0          0       3424   os_mem.o
      1348         50          0          0          0       5342   os_mutex.o
      1780         72          0          0          0       9090   os_task.o
       352         28          0          0          0       2002   os_time.o
      1378         80        108          0          0       9683   sysctl.o
       688          4         64          0          0      11142   uart.o
       704         28         45          8          0       4009   uartstdio.o

    ----------------------------------------------------------------------
     20892        952       2006       1644      10340     231977   Object Totals
         0          0         32          0          0          0   (incl. Generated)
         8          0          5        928          4          0   (incl. Padding)

    ----------------------------------------------------------------------

      Code (inc. data)   RO Data    RW Data    ZI Data      Debug   Library Member Name

        58          0          0          0          0          0   __dczerorl.o
         0          0          0          0          0          0   entry.o
         0          0          0          0          0          0   entry10a.o
         0          0          0          0          0          0   entry11a.o
         8          4          0          0          0          0   entry2.o
         4          0          0          0          0          0   entry5.o
         0          0          0          0          0          0   entry7b.o
         0          0          0          0          0          0   entry8b.o
         8          4          0          0          0          0   entry9a.o
        30          0          0          0          0          0   handlers.o
        36          8          0          0          0         68   init.o
        30          0          0          0          0         68   llshl.o
        32          0          0          0          0         68   llushr.o
       390         10          0          0          0        252   printf1.o
        44          0          0          0          0         80   uidiv.o
        98          0          0          0          0         92   uldiv.o

    ----------------------------------------------------------------------
       742         26          0          0          0        628   Library Totals
         4          0          0          0          0          0   (incl. Padding)

    ----------------------------------------------------------------------

      Code (inc. data)   RO Data    RW Data    ZI Data      Debug   Library Name

       738         26          0          0          0        628   mc_w.l

    ----------------------------------------------------------------------
       742         26          0          0          0        628   Library Totals

    ----------------------------------------------------------------------

==============================================================================


      Code (inc. data)   RO Data    RW Data    ZI Data      Debug   

     21634        978       2006       1644      10340     226729   Grand Totals
     21634        978       2006         16      10340     226729   ELF Image Totals (compressed)
     21634        978       2006         16          0          0   ROM Totals

==============================================================================

    Total RO  Size (Code + RO Data)                23640 (  23.09kB)
    Total RW  Size (RW Data + ZI Data)             11984 (  11.70kB)
    Total ROM Size (Code + RO Data + RW Data)      23656 (  23.10kB)

==============================================================================

