Component: ARM Compiler 5.06 update 5 (build 528) Tool: armlink [4d35e2]

==============================================================================

Section Cross References

    app.o(.text) refers to bsp_led.o(.text) for BSP_LED_Toggle
    app.o(.text) refers to uartstdio.o(.text) for UARTprintf
    app.o(.text) refers to os_time.o(.text) for OSTimeDlyHMSM
    app.o(.text) refers to bsp.o(.text) for BSP_Init
    app.o(.text) refers to bsp_sys.o(.text) for BSP_SysClkFreqGet
    app.o(.text) refers to os_cpu_c.o(.text) for OS_CPU_SysTickInit
    app.o(.text) refers to cpu_core.o(.text) for CPU_Init
    app.o(.text) refers to os_core.o(.text) for OSStatInit
    app.o(.text) refers to lib_mem.o(.text) for Mem_Init
    app.o(.text) refers to os_task.o(.text) for OSTaskCreate
    app.o(.text) refers to cpu_a.o(.text) for CPU_IntDis
    app.o(.text) refers to app.o(.bss) for .bss
    bsp.o(.text) refers to bsp_int.o(.text) for BSP_IntInit
    bsp.o(.text) refers to bsp_sys.o(.text) for BSP_SysInit
    bsp.o(.text) refers to bsp_led.o(.text) for BSP_LED_Init
    bsp.o(.text) refers to sysctl.o(.text) for SysCtlPeripheralEnable
    bsp.o(.text) refers to gpio.o(.text) for GPIOPinConfigure
    bsp.o(.text) refers to uartstdio.o(.text) for UARTStdioConfig
    bsp.o(.text) refers to printf1.o(i.__0sprintf$1) for __2sprintf
    bsp_int.o(.text) refers to cpu_c.o(.text) for CPU_IntSrcDis
    bsp_int.o(.text) refers to cpu_a.o(.text) for CPU_IntDis
    bsp_int.o(.text) refers to os_core.o(.text) for OSIntEnter
    bsp_int.o(.text) refers to bsp_int.o(.bss) for .bss
    bsp_sys.o(.text) refers to sysctl.o(.text) for SysCtlClockSet
    cpu_bsp.o(.text) refers to bsp_sys.o(.text) for BSP_SysClkFreqGet
    cpu_bsp.o(.text) refers to cpu_core.o(.text) for CPU_TS_TmrFreqSet
    cpu_bsp.o(.text) refers to uldiv.o(.text) for __aeabi_uldivmod
    cstartup.o(RESET) refers to cstartup.o(STACK) for __initial_sp
    cstartup.o(RESET) refers to cstartup.o(.text) for Reset_Handler
    cstartup.o(RESET) refers to os_cpu_a.o(.text) for OS_CPU_PendSVHandler
    cstartup.o(RESET) refers to os_cpu_c.o(.text) for OS_CPU_SysTickHandler
    cstartup.o(RESET) refers to bsp_int.o(.text) for BSP_IntHandlerGPIOA
    cstartup.o(.text) refers to entry.o(.ARM.Collect$$$$00000000) for __main
    cpu_core.o(.text) refers to cpu_a.o(.text) for CPU_SR_Save
    cpu_core.o(.text) refers to lib_mem.o(.text) for Mem_Clr
    cpu_core.o(.text) refers to cpu_bsp.o(.text) for CPU_TS_TmrInit
    cpu_core.o(.text) refers to lib_str.o(.text) for Str_Copy_N
    cpu_core.o(.text) refers to cpu_core.o(.bss) for .bss
    cpu_core.o(.text) refers to cpu_core.o(.data) for .data
    cpu_core.o(.text) refers to cpu_core.o(.constdata) for .constdata
    cpu_c.o(.text) refers to cpu_a.o(.text) for CPU_SR_Save
    lib_math.o(.text) refers to cpu_a.o(.text) for CPU_SR_Save
    lib_math.o(.text) refers to lib_math.o(.data) for .data
    lib_mem.o(.text) refers to lib_mem_a.o(.text) for Mem_Copy
    lib_mem.o(.text) refers to cpu_core.o(.text) for CPU_SW_Exception
    lib_mem.o(.text) refers to cpu_a.o(.text) for CPU_SR_Save
    lib_mem.o(.text) refers to lib_mem.o(.bss) for .bss
    lib_mem.o(.text) refers to lib_mem.o(.data) for .data
    lib_str.o(.text) refers to lib_ascii.o(.text) for ASCII_ToLower
    lib_str.o(.text) refers to lib_str.o(.constdata) for .constdata
    os_core.o(.text) refers to os_cpu_a.o(.text) for OS_CPU_SR_Save
    os_core.o(.text) refers to os_task.o(.text) for OSTaskStkChk
    os_core.o(.text) refers to os_time.o(.text) for OSTimeDly
    os_core.o(.text) refers to os_cpu_c.o(.text) for OSTaskStatHook
    os_core.o(.text) refers to os_flag.o(.text) for OS_FlagInit
    os_core.o(.text) refers to os_mem.o(.text) for OS_MemInit
    os_core.o(.text) refers to os_core.o(.data) for .data
    os_core.o(.text) refers to os_core.o(.bss) for .bss
    os_core.o(.text) refers to os_dbg.o(.text) for OSDebugInit
    os_core.o(.text) refers to os_core.o(.constdata) for .constdata
    os_flag.o(.text) refers to os_cpu_a.o(.text) for OS_CPU_SR_Save
    os_flag.o(.text) refers to os_core.o(.text) for OS_Sched
    os_flag.o(.text) refers to os_core.o(.data) for OSIntNesting
    os_flag.o(.text) refers to os_core.o(.data) for OSFlagFreeList
    os_flag.o(.text) refers to os_core.o(.bss) for OSFlagTbl
    os_mbox.o(.text) refers to os_cpu_a.o(.text) for OS_CPU_SR_Save
    os_mbox.o(.text) refers to os_core.o(.text) for OS_EventWaitListInit
    os_mbox.o(.text) refers to os_core.o(.data) for OSIntNesting
    os_mem.o(.text) refers to os_cpu_a.o(.text) for OS_CPU_SR_Save
    os_mem.o(.text) refers to os_core.o(.text) for OS_StrLen
    os_mem.o(.text) refers to os_core.o(.data) for OSMemFreeList
    os_mem.o(.text) refers to os_core.o(.data) for OSIntNesting
    os_mem.o(.text) refers to os_core.o(.bss) for OSMemTbl
    os_mutex.o(.text) refers to os_cpu_a.o(.text) for OS_CPU_SR_Save
    os_mutex.o(.text) refers to os_core.o(.text) for OS_EventWaitListInit
[...]
    depilogue.o(.text) refers to llushr.o(.text) for __aeabi_llsr


==============================================================================

Removing Unused input sections from the image.

    Removing cstartup.o(HEAP), (0 bytes).
    Removing cpu_core.o(.constdata), (4 bytes).
    Removing lib_math.o(.text), (80 bytes).
    Removing lib_math.o(.data), (4 bytes).
    Removing os_mbox.o(.text), (848 bytes).
    Removing os_mutex.o(.text), (1348 bytes).
    Removing os_sem.o(.text), (784 bytes).
    Removing os_dbg.o(.constdata), (96 bytes).
    Removing os_dbg.o(.constdata), (2 bytes).
    Removing os_dbg.o(.constdata), (2 bytes).
    Removing os_dbg.o(.constdata), (2 bytes).
    Removing os_dbg.o(.constdata), (2 bytes).
    Removing os_dbg.o(.constdata), (2 bytes).
    Removing os_dbg.o(.constdata), (2 bytes).
    Removing os_dbg.o(.constdata), (2 bytes).
    Removing os_dbg.o(.constdata), (2 bytes).
    Removing os_dbg.o(.constdata), (2 bytes).
    Removing os_dbg.o(.constdata), (2 bytes).
    Removing adc.o(.text), (724 bytes).
    Removing adc.o(.data), (3 bytes).
    Removing can.o(.text), (1300 bytes).
    Removing can.o(.constdata), (32 bytes).
    Removing comp.o(.text), (146 bytes).
    Removing eeprom.o(.text), (772 bytes).
    Removing flash.o(.text), (448 bytes).
    Removing flash.o(.constdata), (32 bytes).
    Removing fpu.o(.text), (136 bytes).
    Removing hibernate.o(.text), (564 bytes).
    Removing i2c.o(.text), (564 bytes).
    Removing i2c.o(.constdata), (48 bytes).
    Removing mpu.o(.text), (168 bytes).
    Removing pwm.o(.text), (672 bytes).
    Removing qei.o(.text), (232 bytes).
    Removing ssi.o(.text), (296 bytes).
    Removing ssi.o(.constdata), (32 bytes).
    Removing sw_crc.o(.text), (688 bytes).
    Removing sw_crc.o(.constdata), (1792 bytes).
    Removing sysctl.o(.data), (4 bytes).
    Removing sysctl.o(.data), (4 bytes).
    Removing sysctl.o(.data), (4 bytes).
    Removing sysctl.o(.data), (4 bytes).
    Removing sysctl.o(.data), (1 bytes).
    Removing sysexc.o(.text), (124 bytes).
    Removing systick.o(.text), (126 bytes).
    Removing timer.o(.text), (528 bytes).
    Removing timer.o(.constdata), (96 bytes).
    Removing udma.o(.text), (680 bytes).
    Removing usb.o(.text), (2196 bytes).
    Removing watchdog.o(.text), (184 bytes).
    Removing dadd.o(.text), (334 bytes).
    Removing dmul.o(.text), (228 bytes).
    Removing ddiv.o(.text), (222 bytes).
    Removing dfixul.o(.text), (48 bytes).
    Removing cdrcmple.o(.text), (48 bytes).
    Removing depilogue.o(.text), (186 bytes).

55 unused section(s) (total 16850 bytes) removed from the image.

==============================================================================

Image Symbol Table

    Local Symbols

    Symbol Name                              Value     Ov Type        Size  Object(Section)

    RESET                                    0x00000000   Section      512  cstartup.o(RESET)
    ../clib/../cmprslib/zerorunl.c           0x00000000   Number         0  __dczerorl.o ABSOLUTE
    ../clib/microlib/division.c              0x00000000   Number         0  uidiv.o ABSOLUTE
    ../clib/microlib/division.c              0x00000000   Number         0  uldiv.o ABSOLUTE
    ../clib/microlib/init/entry.s            0x00000000   Number         0  entry9a.o ABSOLUTE
    ../clib/microlib/init/entry.s            0x00000000   Number         0  entry10a.o ABSOLUTE
    ../clib/microlib/init/entry.s            0x00000000   Number         0  entry11a.o ABSOLUTE
    ../clib/microlib/init/entry.s            0x00000000   Number         0  entry9b.o ABSOLUTE
    ../clib/microlib/init/entry.s            0x00000000   Number         0  entry5.o ABSOLUTE
    ../clib/microlib/init/entry.s            0x00000000   Number         0  entry7a.o ABSOLUTE
    ../clib/microlib/init/entry.s            0x00000000   Number         0  entry7b.o ABSOLUTE
    ../clib/microlib/init/entry.s            0x00000000   Number         0  entry8a.o ABSOLUTE
    ../clib/microlib/init/entry.s            0x00000000   Number         0  entry8b.o ABSOLUTE
    ../clib/microlib/init/entry.s            0x00000000   Number         0  entry2.o ABSOLUTE
    ../clib/microlib/init/entry.s            0x00000000   Number         0  entry10b.o ABSOLUTE
    ../clib/microlib/init/entry.s            0x00000000   Number         0  entry11b.o ABSOLUTE
    ../clib/microlib/init/entry.s            0x00000000   Number         0  entry.o ABSOLUTE
    ../clib/microlib/longlong.c              0x00000000   Number         0  llsshr.o ABSOLUTE
    ../clib/microlib/longlong.c              0x00000000   Number         0  llushr.o ABSOLUTE
    ../clib/microlib/longlong.c              0x00000000   Number         0  llshl.o ABSOLUTE
    ../clib/microlib/printf/printf.c         0x00000000   Number         0  printfa.o ABSOLUTE
    ../clib/microlib/printf/printf.c         0x00000000   Number         0  printf3.o ABSOLUTE
    ../clib/microlib/printf/printf.c         0x00000000   Number         0  printf5.o ABSOLUTE
    ../clib/microlib/printf/printf.c         0x00000000   Number         0  printf1.o ABSOLUTE
    ../clib/microlib/printf/printf.c         0x00000000   Number         0  printf2.o ABSOLUTE
    ../clib/microlib/printf/printf.c         0x00000000   Number         0  printf4.o ABSOLUTE
    ../clib/microlib/printf/printf.c         0x00000000   Number         0  printf6.o ABSOLUTE
    ../clib/microlib/printf/printf.c         0x00000000   Number         0  printf7.o ABSOLUTE
    ../clib/microlib/printf/printf.c         0x00000000   Number         0  printf0.o ABSOLUTE
    ../clib/microlib/printf/printf.c         0x00000000   Number         0  printfb.o ABSOLUTE
    ../clib/microlib/printf/printf.c         0x00000000   Number         0  printf8.o ABSOLUTE
    ../clib/microlib/printf/stubs.s          0x00000000   Number         0  stubs.o ABSOLUTE
    ../clib/microlib/stdio/fputc.c           0x00000000   Number         0  fputc.o ABSOLUTE
    ../clib/microlib/stdio/semi.s            0x00000000   Number         0  semi.o ABSOLUTE
    ../clib/microlib/stdio/streams.c         0x00000000   Number         0  stdout.o ABSOLUTE
    ../clib/microlib/stubs.s                 0x00000000   Number         0  iusefp.o ABSOLUTE
    ../clib/microlib/stubs.s                 0x00000000   Number         0  iusesemip.o ABSOLUTE
    ../fplib/microlib/fpadd.c                0x00000000   Number         0  dadd.o ABSOLUTE
    ../fplib/microlib/fpdiv.c                0x00000000   Number         0  ddiv.o ABSOLUTE
    ../fplib/microlib/fpepilogue.c           0x00000000   Number         0  depilogue.o ABSOLUTE
    ../fplib/microlib/fpfix.c                0x00000000   Number         0  dfixul.o ABSOLUTE
    ../fplib/microlib/fpmul.c                0x00000000   Number         0  dmul.o ABSOLUTE
    ..\..\..\..\..\uC-CPU\ARM-Cortex-M4\RealView\cpu_a.asm 0x00000000   Number         0  cpu_a.o ABSOLUTE
    ..\..\..\..\..\uC-CPU\ARM-Cortex-M4\RealView\cpu_c.c 0x00000000   Number         0  cpu_c.o ABSOLUTE
    ..\..\..\..\..\uC-CPU\cpu_core.c         0x00000000   Number         0  cpu_core.o ABSOLUTE
    ..\..\..\..\..\uC-LIB\Ports\ARM-Cortex-M4\RealView\lib_mem_a.asm 0x00000000   Number         0  lib_mem_a.o ABSOLUTE
    ..\..\..\..\..\uC-LIB\lib_ascii.c        0x00000000   Number         0  lib_ascii.o ABSOLUTE
    ..\..\..\..\..\uC-LIB\lib_math.c         0x00000000   Number         0  lib_math.o ABSOLUTE
    ..\..\..\..\..\uC-LIB\lib_mem.c          0x00000000   Number         0  lib_mem.o ABSOLUTE
    ..\..\..\..\..\uC-LIB\lib_str.c          0x00000000   Number         0  lib_str.o ABSOLUTE
    ..\..\..\..\..\uCOS-II\Ports\ARM-Cortex-M4\Generic\RealView\os_cpu_a.asm 0x00000000   Number         0  os_cpu_a.o ABSOLUTE
    ..\..\..\..\..\uCOS-II\Ports\ARM-Cortex-M4\Generic\RealView\os_cpu_c.c 0x00000000   Number         0  os_cpu_c.o ABSOLUTE
    ..\..\..\..\..\uCOS-II\Ports\ARM-Cortex-M4\Generic\RealView\os_dbg.c 0x00000000   Number         0  os_dbg.o ABSOLUTE
    ..\..\..\..\..\uCOS-II\Source\os_core.c  0x00000000   Number         0  os_core.o ABSOLUTE
    ..\..\..\..\..\uCOS-II\Source\os_flag.c  0x00000000   Number         0  os_flag.o ABSOLUTE
    ..\..\..\..\..\uCOS-II\Source\os_mbox.c  0x00000000   Number         0  os_mbox.o ABSOLUTE
    ..\..\..\..\..\uCOS-II\Source\os_mem.c   0x00000000   Number         0  os_mem.o ABSOLUTE
    ..\..\..\..\..\uCOS-II\Source\os_mutex.c 0x00000000   Number         0  os_mutex.o ABSOLUTE
    ..\..\..\..\..\uCOS-II\Source\os_q.c     0x00000000   Number         0  os_q.o ABSOLUTE
    ..\..\..\..\..\uCOS-II\Source\os_sem.c   0x00000000   Number         0  os_sem.o ABSOLUTE
    ..\..\..\..\..\uCOS-II\Source\os_task.c  0x00000000   Number         0  os_task.o ABSOLUTE
    ..\..\..\..\..\uCOS-II\Source\os_time.c  0x00000000   Number         0  os_time.o ABSOLUTE
    ..\..\..\..\..\uCOS-II\Source\os_tmr.c   0x00000000   Number         0  os_tmr.o ABSOLUTE
    ..\..\BSP\KeilMDK\cstartup.s             0x00000000   Number         0  cstartup.o ABSOLUTE
    ..\..\BSP\bsp.c                          0x00000000   Number         0  bsp.o ABSOLUTE
    ..\..\BSP\bsp_int.c                      0x00000000   Number         0  bsp_int.o ABSOLUTE
    ..\..\BSP\bsp_led.c                      0x00000000   Number         0  bsp_led.o ABSOLUTE
    ..\..\BSP\bsp_sys.c                      0x00000000   Number         0  bsp_sys.o ABSOLUTE
    ..\..\BSP\cpu_bsp.c                      0x00000000   Number         0  cpu_bsp.o ABSOLUTE
    ..\..\BSP\driverlib\adc.c                0x00000000   Number         0  adc.o ABSOLUTE
    ..\..\BSP\driverlib\can.c                0x00000000   Number         0  can.o ABSOLUTE
    ..\..\BSP\driverlib\comp.c               0x00000000   Number         0  comp.o ABSOLUTE
    ..\..\BSP\driverlib\cpu.c                0x00000000   Number         0  cpu.o ABSOLUTE
    ..\..\BSP\driverlib\eeprom.c             0x00000000   Number         0  eeprom.o ABSOLUTE
    ..\..\BSP\driverlib\flash.c              0x00000000   Number         0  flash.o ABSOLUTE
    ..\..\BSP\driverlib\fpu.c                0x00000000   Number         0  fpu.o ABSOLUTE
    ..\..\BSP\driverlib\gpio.c               0x00000000   Number         0  gpio.o ABSOLUTE
    ..\..\BSP\driverlib\hibernate.c          0x00000000   Number         0  hibernate.o ABSOLUTE
    ..\..\BSP\driverlib\i2c.c                0x00000000   Number         0  i2c.o ABSOLUTE
    ..\..\BSP\driverlib\interrupt.c          0x00000000   Number         0  interrupt.o ABSOLUTE
    ..\..\BSP\driverlib\mpu.c                0x00000000   Number         0  mpu.o ABSOLUTE
    ..\..\BSP\driverlib\pwm.c                0x00000000   Number         0  pwm.o ABSOLUTE
    ..\..\BSP\driverlib\qei.c                0x00000000   Number         0  qei.o ABSOLUTE
    ..\..\BSP\driverlib\ssi.c                0x00000000   Number         0  ssi.o ABSOLUTE
    ..\..\BSP\driverlib\sw_crc.c             0x00000000   Number         0  sw_crc.o ABSOLUTE
    ..\..\BSP\driverlib\sysctl.c             0x00000000   Number         0  sysctl.o ABSOLUTE
    ..\..\BSP\driverlib\sysexc.c             0x00000000   Number         0  sysexc.o ABSOLUTE
    ..\..\BSP\driverlib\systick.c            0x00000000   Number         0  systick.o ABSOLUTE
    ..\..\BSP\driverlib\timer.c              0x00000000   Number         0  timer.o ABSOLUTE
    ..\..\BSP\driverlib\uart.c               0x00000000   Number         0  uart.o ABSOLUTE
    ..\..\BSP\driverlib\udma.c               0x00000000   Number         0  udma.o ABSOLUTE
    ..\..\BSP\driverlib\usb.c                0x00000000   Number         0  usb.o ABSOLUTE
    ..\..\BSP\driverlib\watchdog.c           0x00000000   Number         0  watchdog.o ABSOLUTE
    ..\..\BSP\utils\uartstdio.c              0x00000000   Number         0  uartstdio.o ABSOLUTE
    ..\\..\\BSP\\driverlib\\cpu.c            0x00000000   Number         0  cpu.o ABSOLUTE
    ..\\..\\BSP\\driverlib\\sysctl.c         0x00000000   Number         0  sysctl.o ABSOLUTE
    ..\app.c                                 0x00000000   Number         0  app.o ABSOLUTE
    ..\app_hooks.c                           0x00000000   Number         0  app_hooks.o ABSOLUTE
    cdrcmple.s                               0x00000000   Number         0  cdrcmple.o ABSOLUTE
    dc.s                                     0x00000000   Number         0  dc.o ABSOLUTE
    handlers.s                               0x00000000   Number         0  handlers.o ABSOLUTE
    init.s                                   0x00000000   Number         0  init.o ABSOLUTE
    .ARM.Collect$$$$00000000                 0x00000200   Section        0  entry.o(.ARM.Collect$$$$00000000)
    .ARM.Collect$$$$00000001                 0x00000200   Section        4  entry2.o(.ARM.Collect$$$$00000001)
    .ARM.Collect$$$$00000004                 0x00000204   Section        4  entry5.o(.ARM.Collect$$$$00000004)
    .ARM.Collect$$$$00000008                 0x00000208   Section        0  entry7b.o(.ARM.Collect$$$$00000008)
    .ARM.Collect$$$$0000000A                 0x00000208   Section        0  entry8b.o(.ARM.Collect$$$$0000000A)
    .ARM.Collect$$$$0000000B                 0x00000208   Section        8  entry9a.o(.ARM.Collect$$$$0000000B)
    .ARM.Collect$$$$0000000D                 0x00000210   Section        0  entry10a.o(.ARM.Collect$$$$0000000D)
    .ARM.Collect$$$$0000000F                 0x00000210   Section        0  entry11a.o(.ARM.Collect$$$$0000000F)
    .ARM.Collect$$$$00002712                 0x00000210   Section        4  entry2.o(.ARM.Collect$$$$00002712)
    __lit__00000000                          0x00000210   Data           4  entry2.o(.ARM.Collect$$$$00002712)
    .emb_text                                0x00000214   Section       38  cpu.o(.emb_text)
    $v0                                      0x00000214   Number         0  cpu.o(.emb_text)
    .emb_text                                0x0000023c   Section        6  sysctl.o(.emb_text)
    $v0                                      0x0000023c   Number         0  sysctl.o(.emb_text)
    .text                                    0x00000244   Section        0  app.o(.text)
    Task2                                    0x00000245   Thumb Code    30  app.o(.text)
    Task1                                    0x00000263   Thumb Code    30  app.o(.text)
    AppTaskStart                             0x00000281   Thumb Code   154  app.o(.text)
    .text                                    0x0000039c   Section        0  app_hooks.o(.text)
    .text                                    0x000003ac   Section        0  bsp.o(.text)
    .text                                    0x00000454   Section        0  bsp_int.o(.text)
    BSP_IntHandlerDummy                      0x00000495   Thumb Code     2  bsp_int.o(.text)
    .text                                    0x0000069c   Section        0  bsp_led.o(.text)
    .text                                    0x00000768   Section        0  bsp_sys.o(.text)
    .text                                    0x00000778   Section        0  cpu_bsp.o(.text)
    .text                                    0x000007d0   Section       24  cstartup.o(.text)
    $v0                                      0x000007d0   Number         0  cstartup.o(.text)
    .text                                    0x000007e8   Section        0  cpu_core.o(.text)
    .text                                    0x000009a4   Section       52  cpu_a.o(.text)
    $v0                                      0x000009a4   Number         0  cpu_a.o(.text)
    .text                                    0x000009d8   Section        0  cpu_c.o(.text)
    .text                                    0x00000d54   Section        0  lib_ascii.o(.text)
    .text                                    0x00000eb0   Section        0  lib_mem.o(.text)
    Mem_SegAlloc                             0x00001031   Thumb Code    52  lib_mem.o(.text)
    Mem_SegCalcTotSize                       0x00001065   Thumb Code   108  lib_mem.o(.text)
    Mem_PoolBlkIsValidAddr                   0x00001629   Thumb Code    70  lib_mem.o(.text)
    .text                                    0x000017fc   Section        0  lib_str.o(.text)
    Str_FmtNbr_Int32                         0x00001a99   Thumb Code   344  lib_str.o(.text)
    Str_ParseNbr_Int32                       0x00001c31   Thumb Code   314  lib_str.o(.text)
    .text                                    0x00001da4   Section      544  lib_mem_a.o(.text)
    $v0                                      0x00001da4   Number         0  lib_mem_a.o(.text)
    .text                                    0x00001fc4   Section        0  os_core.o(.text)
    OS_SchedNew                              0x000027b3   Thumb Code    82  os_core.o(.text)
    OS_InitEventList                         0x00002805   Thumb Code    74  os_core.o(.text)
    OS_InitTCBList                           0x0000284f   Thumb Code    96  os_core.o(.text)
    OS_InitMisc                              0x000028af   Thumb Code    28  os_core.o(.text)
    .text                                    0x000028e0   Section        0  os_flag.o(.text)
    OS_FlagTaskRdy                           0x000029df   Thumb Code    70  os_flag.o(.text)
    OS_FlagBlock                             0x00002b55   Thumb Code    86  os_flag.o(.text)
    .text                                    0x00002e74   Section        0  os_mem.o(.text)
    .text                                    0x00003000   Section        0  os_task.o(.text)
    .text                                    0x000036f4   Section        0  os_time.o(.text)
    .text                                    0x00003854   Section      220  os_cpu_a.o(.text)
    $v0                                      0x00003854   Number         0  os_cpu_a.o(.text)
    .text                                    0x00003930   Section        0  os_cpu_c.o(.text)
    .text                                    0x00003b98   Section        0  os_dbg.o(.text)
    .text                                    0x00003b9c   Section        0  gpio.o(.text)
    _GPIOIntNumberGet                        0x0000409b   Thumb Code    36  gpio.o(.text)
    .text                                    0x000040c8   Section        0  interrupt.o(.text)
    _IntDefaultHandler                       0x000040c9   Thumb Code     2  interrupt.o(.text)
    .text                                    0x00004330   Section        0  sysctl.o(.text)
    .text                                    0x0000488c   Section        0  uart.o(.text)
    _UARTIntNumberGet                        0x00004b17   Thumb Code    34  uart.o(.text)
    .text                                    0x00004b3c   Section        0  uartstdio.o(.text)
    .text                                    0x00004dfc   Section        0  uldiv.o(.text)
    .text                                    0x00004e5e   Section        0  uidiv.o(.text)
    .text                                    0x00004e8a   Section        0  llshl.o(.text)
    .text                                    0x00004ea8   Section        0  llushr.o(.text)
    .text                                    0x00004ec8   Section       36  init.o(.text)
    .text                                    0x00004eec   Section        0  __dczerorl.o(.text)
    i.__0sprintf$1                           0x00004f28   Section        0  printf1.o(i.__0sprintf$1)
    i.__scatterload_copy                     0x00004f50   Section       14  handlers.o(i.__scatterload_copy)
    i.__scatterload_null                     0x00004f5e   Section        2  handlers.o(i.__scatterload_null)
    i.__scatterload_zeroinit                 0x00004f60   Section       14  handlers.o(i.__scatterload_zeroinit)
    i._printf_core                           0x00004f70   Section        0  printf1.o(i._printf_core)
    _printf_core                             0x00004f71   Thumb Code   336  printf1.o(i._printf_core)
    i._sputc                                 0x000050c4   Section        0  printf1.o(i._sputc)
    _sputc                                   0x000050c5   Thumb Code    10  printf1.o(i._sputc)
    .constdata                               0x000050ce   Section      256  cpu_core.o(.constdata)
    CPU_CntLeadZerosTbl                      0x000050ce   Data         256  cpu_core.o(.constdata)
    .constdata                               0x000051d0   Section      148  lib_str.o(.constdata)
    Str_MultOvfThTbl_Int32U                  0x000051d0   Data         148  lib_str.o(.constdata)
    .constdata                               0x00005264   Section      256  os_core.o(.constdata)
    .constdata                               0x00005364   Section      312  gpio.o(.constdata)
    g_ppui32GPIOIntMapBlizzard               0x00005364   Data         192  gpio.o(.constdata)
    g_pui32GPIOBaseAddrs                     0x00005424   Data         120  gpio.o(.constdata)
    .constdata                               0x0000549c   Section      268  interrupt.o(.constdata)
    g_pui32Priority                          0x0000549c   Data          32  interrupt.o(.constdata)
    g_pui32Regs                              0x000054bc   Data         156  interrupt.o(.constdata)
    g_pui32EnRegs                            0x00005558   Data          20  interrupt.o(.constdata)
    g_pui32Dii16Regs                         0x0000556c   Data          20  interrupt.o(.constdata)
    g_pui32PendRegs                          0x00005580   Data          20  interrupt.o(.constdata)
    g_pui32UnpendRegs                        0x00005594   Data          20  interrupt.o(.constdata)
    .constdata                               0x000055a8   Section      108  sysctl.o(.constdata)
    g_pui32Xtals                             0x000055a8   Data         108  sysctl.o(.constdata)
    .constdata                               0x00005614   Section       64  uart.o(.constdata)
    g_ppui32UARTIntMap                       0x00005614   Data          64  uart.o(.constdata)
    .constdata                               0x00005654   Section       28  uartstdio.o(.constdata)
    g_pcHex                                  0x00005654   Data           4  uartstdio.o(.constdata)
    g_ui32UARTBase                           0x00005658   Data          12  uartstdio.o(.constdata)
    g_ui32UARTPeriph                         0x00005664   Data          12  uartstdio.o(.constdata)
    .conststring                             0x00005670   Section       17  uartstdio.o(.conststring)
    .data                                    0x20000000   Section        4  cpu_core.o(.data)
    .data                                    0x20000004   Section        4  lib_mem.o(.data)
    .data                                    0x20000008   Section       60  os_core.o(.data)
    .data                                    0x20000044   Section        4  os_core.o(.data)
    .data                                    0x20000048   Section        4  os_core.o(.data)
    .data                                    0x2000004c   Section        4  os_cpu_c.o(.data)
    .data                                    0x20000050   Section        8  uartstdio.o(.data)
    bLastWasCR                               0x20000050   Data           1  uartstdio.o(.data)
    g_ui32Base                               0x20000054   Data           4  uartstdio.o(.data)
    vtable                                   0x20000400   Section      620  interrupt.o(vtable)
    g_pfnRAMVectors                          0x20000400   Data         620  interrupt.o(vtable)
    .bss                                     0x2000066c   Section     3072  app.o(.bss)
    AppTaskStartStk                          0x2000066c   Data        1024  app.o(.bss)
    Task1Stk                                 0x20000a6c   Data        1024  app.o(.bss)
    Task2Stk                                 0x20000e6c   Data        1024  app.o(.bss)
    .bss                                     0x2000126c   Section      448  bsp_int.o(.bss)
    BSP_IntVectTbl                           0x2000126c   Data         448  bsp_int.o(.bss)
    .bss                                     0x2000142c   Section       16  cpu_core.o(.bss)
    .bss                                     0x2000143c   Section     1096  lib_mem.o(.bss)
    .bss                                     0x20001884   Section     3456  os_core.o(.bss)
    .bss                                     0x20002604   Section       80  os_core.o(.bss)
    .bss                                     0x20002654   Section      120  os_core.o(.bss)
    .bss                                     0x200026cc   Section      512  os_cpu_c.o(.bss)
    STACK                                    0x200028d0   Section      512  cstartup.o(STACK)

    Global Symbols

    Symbol Name                              Value     Ov Type        Size  Object(Section)

    BuildAttributes$$THM_ISAv4$E$P$D$K$B$S$7EM$VFPi3$EXTD16$VFPS$VFMA$PE$A:L22UL41UL21$X:L11$S22US41US21$IEEE1$IW$USESV6$~STKCKD$USESV7$~SHL$OSPACE$ROPI$EBA8$MICROLIB$REQ8$PRES8$EABIv2 0x00000000   Number         0  anon$$obj.o ABSOLUTE
    __ARM_use_no_argv                        0x00000000   Number         0  app.o ABSOLUTE
    __Vectors                                0x00000000   Data           4  cstartup.o(RESET)
    _printf_a                                0x00000000   Number         0  stubs.o ABSOLUTE
    _printf_c                                0x00000000   Number         0  stubs.o ABSOLUTE
    _printf_charcount                        0x00000000   Number         0  stubs.o ABSOLUTE
    _printf_d                                0x00000000   Number         0  stubs.o ABSOLUTE
    _printf_e                                0x00000000   Number         0  stubs.o ABSOLUTE
    _printf_f                                0x00000000   Number         0  stubs.o ABSOLUTE
    _printf_flags                            0x00000000   Number         0  stubs.o ABSOLUTE
    _printf_fp_dec                           0x00000000   Number         0  stubs.o ABSOLUTE
    _printf_fp_hex                           0x00000000   Number         0  stubs.o ABSOLUTE
    _printf_g                                0x00000000   Number         0  stubs.o ABSOLUTE
    _printf_i                                0x00000000   Number         0  stubs.o ABSOLUTE
    _printf_int_dec                          0x00000000   Number         0  stubs.o ABSOLUTE
    _printf_l                                0x00000000   Number         0  stubs.o ABSOLUTE
    _printf_lc                               0x00000000   Number         0  stubs.o ABSOLUTE
    _printf_ll                               0x00000000   Number         0  stubs.o ABSOLUTE
    _printf_lld                              0x00000000   Number         0  stubs.o ABSOLUTE
    _printf_lli                              0x00000000   Number         0  stubs.o ABSOLUTE
    _printf_llo                              0x00000000   Number         0  stubs.o ABSOLUTE
    _printf_llu                              0x00000000   Number         0  stubs.o ABSOLUTE
    _printf_llx                              0x00000000   Number         0  stubs.o ABSOLUTE
    _printf_longlong_dec                     0x00000000   Number         0  stubs.o ABSOLUTE
    _printf_longlong_hex                     0x00000000   Number         0  stubs.o ABSOLUTE
    _printf_longlong_oct                     0x00000000   Number         0  stubs.o ABSOLUTE
    _printf_ls                               0x00000000   Number         0  stubs.o ABSOLUTE
    _printf_mbtowc                           0x00000000   Number         0  stubs.o ABSOLUTE
    _printf_n                                0x00000000   Number         0  stubs.o ABSOLUTE
    _printf_o                                0x00000000   Number         0  stubs.o ABSOLUTE
    _printf_p                                0x00000000   Number         0  stubs.o ABSOLUTE
    _printf_percent                          0x00000000   Number         0  stubs.o ABSOLUTE
    _printf_pre_padding                      0x00000000   Number         0  stubs.o ABSOLUTE
    _printf_return_value                     0x00000000   Number         0  stubs.o ABSOLUTE
    _printf_s                                0x00000000   Number         0  stubs.o ABSOLUTE
    _printf_sizespec                         0x00000000   Number         0  stubs.o ABSOLUTE
    _printf_str                              0x00000000   Number         0  stubs.o ABSOLUTE
    _printf_truncate_signed                  0x00000000   Number         0  stubs.o ABSOLUTE
    _printf_truncate_unsigned                0x00000000   Number         0  stubs.o ABSOLUTE
    _printf_u                                0x00000000   Number         0  stubs.o ABSOLUTE
    _printf_wc                               0x00000000   Number         0  stubs.o ABSOLUTE
    _printf_wctomb                           0x00000000   Number         0  stubs.o ABSOLUTE
    _printf_widthprec                        0x00000000   Number         0  stubs.o ABSOLUTE
    _printf_x                                0x00000000   Number         0  stubs.o ABSOLUTE
    __cpp_initialize__aeabi_                  - Undefined Weak Reference
    __cxa_finalize                            - Undefined Weak Reference
    _clock_init                               - Undefined Weak Reference
    _microlib_exit                            - Undefined Weak Reference
    __Vectors_End                            0x00000200   Data           0  cstartup.o(RESET)
    __Vectors_Size                           0x00000200   Number         0  cstartup.o ABSOLUTE
    __main                                   0x00000201   Thumb Code     0  entry.o(.ARM.Collect$$$$00000000)
    _main_stk                                0x00000201   Thumb Code     0  entry2.o(.ARM.Collect$$$$00000001)
    _main_scatterload                        0x00000205   Thumb Code     0  entry5.o(.ARM.Collect$$$$00000004)
    __main_after_scatterload                 0x00000209   Thumb Code     0  entry5.o(.ARM.Collect$$$$00000004)
    _main_clock                              0x00000209   Thumb Code     0  entry7b.o(.ARM.Collect$$$$00000008)
    _main_cpp_init                           0x00000209   Thumb Code     0  entry8b.o(.ARM.Collect$$$$0000000A)
    _main_init                               0x00000209   Thumb Code     0  entry9a.o(.ARM.Collect$$$$0000000B)
    __rt_final_cpp                           0x00000211   Thumb Code     0  entry10a.o(.ARM.Collect$$$$0000000D)
    __rt_final_exit                          0x00000211   Thumb Code     0  entry11a.o(.ARM.Collect$$$$0000000F)
    CPUcpsid                                 0x00000215   Thumb Code     8  cpu.o(.emb_text)
    CPUprimask                               0x0000021d   Thumb Code     6  cpu.o(.emb_text)
    CPUcpsie                                 0x00000223   Thumb Code     8  cpu.o(.emb_text)
    CPUwfi                                   0x0000022b   Thumb Code     4  cpu.o(.emb_text)
    CPUbasepriSet                            0x0000022f   Thumb Code     6  cpu.o(.emb_text)
    CPUbasepriGet                            0x00000235   Thumb Code     6  cpu.o(.emb_text)
    SysCtlDelay                              0x0000023d   Thumb Code     6  sysctl.o(.emb_text)
    main                                     0x0000031b   Thumb Code    68  app.o(.text)
    App_TaskCreateHook                       0x0000039d   Thumb Code     2  app_hooks.o(.text)
    App_TaskDelHook                          0x0000039f   Thumb Code     2  app_hooks.o(.text)
    App_TaskIdleHook                         0x000003a1   Thumb Code     2  app_hooks.o(.text)
    App_TaskStatHook                         0x000003a3   Thumb Code     2  app_hooks.o(.text)
    App_TaskReturnHook                       0x000003a5   Thumb Code     2  app_hooks.o(.text)
    App_TaskSwHook                           0x000003a7   Thumb Code     2  app_hooks.o(.text)
    App_TCBInitHook                          0x000003a9   Thumb Code     2  app_hooks.o(.text)
    App_TimeTickHook                         0x000003ab   Thumb Code     2  app_hooks.o(.text)
    BSP_Init                                 0x000003ad   Thumb Code   106  bsp.o(.text)
    BSP_IntClr                               0x00000455   Thumb Code     2  bsp_int.o(.text)
    BSP_IntDis                               0x00000457   Thumb Code    14  bsp_int.o(.text)
    BSP_IntDisAll                            0x00000465   Thumb Code     4  bsp_int.o(.text)
    BSP_IntEn                                0x00000469   Thumb Code    14  bsp_int.o(.text)
    BSP_IntVectSet                           0x00000477   Thumb Code    30  bsp_int.o(.text)
    BSP_IntInit                              0x00000497   Thumb Code    20  bsp_int.o(.text)
    BSP_IntHandler                           0x000004ab   Thumb Code    42  bsp_int.o(.text)
    BSP_IntHandlerGPIOA                      0x000004d5   Thumb Code     4  bsp_int.o(.text)
    BSP_IntHandlerGPIOB                      0x000004d9   Thumb Code     4  bsp_int.o(.text)
    BSP_IntHandlerGPIOC                      0x000004dd   Thumb Code     4  bsp_int.o(.text)
    BSP_IntHandlerGPIOD                      0x000004e1   Thumb Code     4  bsp_int.o(.text)
    BSP_IntHandlerGPIOE                      0x000004e5   Thumb Code     4  bsp_int.o(.text)
    BSP_IntHandlerUART0                      0x000004e9   Thumb Code     4  bsp_int.o(.text)
    BSP_IntHandlerUART1                      0x000004ed   Thumb Code     4  bsp_int.o(.text)
    BSP_IntHandlerSSI0                       0x000004f1   Thumb Code     4  bsp_int.o(.text)
    BSP_IntHandlerI2C0                       0x000004f5   Thumb Code     4  bsp_int.o(.text)
    BSP_IntHandlerPWM_FAULT                  0x000004f9   Thumb Code     4  bsp_int.o(.text)
    BSP_IntHandlerPWM_GEN0                   0x000004fd   Thumb Code     4  bsp_int.o(.text)
    BSP_IntHandlerPWM_GEN1                   0x00000501   Thumb Code     4  bsp_int.o(.text)
    BSP_IntHandlerPWM_GEN2                   0x00000505   Thumb Code     4  bsp_int.o(.text)
    BSP_IntHandlerQEI0                       0x00000509   Thumb Code     4  bsp_int.o(.text)
    BSP_IntHandlerADC0_0                     0x0000050d   Thumb Code     4  bsp_int.o(.text)
    BSP_IntHandlerADC0_1                     0x00000511   Thumb Code     4  bsp_int.o(.text)
    BSP_IntHandlerADC0_2                     0x00000515   Thumb Code     4  bsp_int.o(.text)
    BSP_IntHandlerADC0_3                     0x00000519   Thumb Code     4  bsp_int.o(.text)
    BSP_IntHandlerWDTO_WDT1                  0x0000051d   Thumb Code     4  bsp_int.o(.text)
    BSP_IntHandlerTMR0A                      0x00000521   Thumb Code     4  bsp_int.o(.text)
    BSP_IntHandlerTMR0B                      0x00000525   Thumb Code     4  bsp_int.o(.text)
    BSP_IntHandlerTMR1A                      0x00000529   Thumb Code     4  bsp_int.o(.text)
    BSP_IntHandlerTMR1B                      0x0000052d   Thumb Code     4  bsp_int.o(.text)
    BSP_IntHandlerTMR2A                      0x00000531   Thumb Code     4  bsp_int.o(.text)
    BSP_IntHandlerTMR2B                      0x00000535   Thumb Code     4  bsp_int.o(.text)
    BSP_IntHandlerACOMP0                     0x00000539   Thumb Code     4  bsp_int.o(.text)
    BSP_IntHandlerACOMP1                     0x0000053d   Thumb Code     4  bsp_int.o(.text)
    BSP_IntHandlerACOMP2                     0x00000541   Thumb Code     4  bsp_int.o(.text)
    BSP_IntHandlerSYS_CTRL                   0x00000545   Thumb Code     4  bsp_int.o(.text)
    BSP_IntHandlerFLASH                      0x00000549   Thumb Code     4  bsp_int.o(.text)
    BSP_IntHandlerGPIOF                      0x0000054d   Thumb Code     4  bsp_int.o(.text)
    BSP_IntHandlerGPIOG                      0x00000551   Thumb Code     4  bsp_int.o(.text)
    BSP_IntHandlerGPIOH                      0x00000555   Thumb Code     4  bsp_int.o(.text)
    BSP_IntHandlerUART2                      0x00000559   Thumb Code     4  bsp_int.o(.text)
    BSP_IntHandlerSSI1                       0x0000055d   Thumb Code     4  bsp_int.o(.text)
    BSP_IntHandlerTMR3A                      0x00000561   Thumb Code     4  bsp_int.o(.text)
    BSP_IntHandlerTMR3B                      0x00000565   Thumb Code     4  bsp_int.o(.text)
    BSP_IntHandlerI2C1                       0x00000569   Thumb Code     4  bsp_int.o(.text)
    BSP_IntHandlerCAN0                       0x0000056d   Thumb Code     4  bsp_int.o(.text)
    BSP_IntHandlerCAN1                       0x00000571   Thumb Code     4  bsp_int.o(.text)
    BSP_IntHandlerETHER_MAC                  0x00000575   Thumb Code     4  bsp_int.o(.text)
    BSP_IntHandlerHIB                        0x00000579   Thumb Code     4  bsp_int.o(.text)
    BSP_IntHandlerUSB_MAC                    0x0000057d   Thumb Code     4  bsp_int.o(.text)
    BSP_IntHandlerPWM_GEN3                   0x00000581   Thumb Code     4  bsp_int.o(.text)
    BSP_IntHandlerUDMA0_SOFT                 0x00000585   Thumb Code     4  bsp_int.o(.text)
    BSP_IntHandlerUDAM0_ERR                  0x00000589   Thumb Code     4  bsp_int.o(.text)
    BSP_IntHandlerADC1_0                     0x0000058d   Thumb Code     4  bsp_int.o(.text)
    BSP_IntHandlerADC1_1                     0x00000591   Thumb Code     4  bsp_int.o(.text)
    BSP_IntHandlerADC1_2                     0x00000595   Thumb Code     4  bsp_int.o(.text)
    BSP_IntHandlerADC1_3                     0x00000599   Thumb Code     4  bsp_int.o(.text)
    BSP_IntHandlerEPI0                       0x0000059d   Thumb Code     4  bsp_int.o(.text)
    BSP_IntHandlerGPIOJ                      0x000005a1   Thumb Code     4  bsp_int.o(.text)
    BSP_IntHandlerGPIOK                      0x000005a5   Thumb Code     4  bsp_int.o(.text)
    BSP_IntHandlerGPIOL                      0x000005a9   Thumb Code     4  bsp_int.o(.text)
    BSP_IntHandlerSSI2                       0x000005ad   Thumb Code     4  bsp_int.o(.text)
    BSP_IntHandlerSSI3                       0x000005b1   Thumb Code     4  bsp_int.o(.text)
    BSP_IntHandlerUART3                      0x000005b5   Thumb Code     4  bsp_int.o(.text)
    BSP_IntHandlerUART4                      0x000005b9   Thumb Code     4  bsp_int.o(.text)
    BSP_IntHandlerUART5                      0x000005bd   Thumb Code     4  bsp_int.o(.text)
    BSP_IntHandlerUART6                      0x000005c1   Thumb Code     4  bsp_int.o(.text)
    BSP_IntHandlerUART7                      0x000005c5   Thumb Code     4  bsp_int.o(.text)
    BSP_IntHandlerI2C2                       0x000005c9   Thumb Code     4  bsp_int.o(.text)
    BSP_IntHandlerI2C3                       0x000005cd   Thumb Code     4  bsp_int.o(.text)
    BSP_IntHandlerTMR4A                      0x000005d1   Thumb Code     4  bsp_int.o(.text)
    BSP_IntHandlerTMR4B                      0x000005d5   Thumb Code     4  bsp_int.o(.text)
    BSP_IntHandlerTMR5A                      0x000005d9   Thumb Code     4  bsp_int.o(.text)
    BSP_IntHandlerTMR5B                      0x000005dd   Thumb Code     4  bsp_int.o(.text)
    BSP_IntHandlerFP                         0x000005e1   Thumb Code     4  bsp_int.o(.text)
    BSP_IntHandlerRSVD68                     0x000005e5   Thumb Code     4  bsp_int.o(.text)
    BSP_IntHandlerRSVD69                     0x000005e9   Thumb Code     4  bsp_int.o(.text)
    BSP_IntHandlerI2C4                       0x000005ed   Thumb Code     4  bsp_int.o(.text)
    BSP_IntHandlerI2C5                       0x000005f1   Thumb Code     4  bsp_int.o(.text)
    BSP_IntHandlerGPIOM                      0x000005f5   Thumb Code     4  bsp_int.o(.text)
    BSP_IntHandlerGPION                      0x000005f9   Thumb Code     4  bsp_int.o(.text)
    BSP_IntHandlerRSVD74                     0x000005fd   Thumb Code     4  bsp_int.o(.text)
    BSP_IntHandlerTAMPER                     0x00000601   Thumb Code     4  bsp_int.o(.text)
    BSP_IntHandlerGPIOP0                     0x00000605   Thumb Code     4  bsp_int.o(.text)
    BSP_IntHandlerGPIOP1                     0x00000609   Thumb Code     4  bsp_int.o(.text)
    BSP_IntHandlerGPIOP2                     0x0000060d   Thumb Code     4  bsp_int.o(.text)
    BSP_IntHandlerGPIOP3                     0x00000611   Thumb Code     4  bsp_int.o(.text)
    BSP_IntHandlerGPIOP4                     0x00000615   Thumb Code     4  bsp_int.o(.text)
    BSP_IntHandlerGPIOP5                     0x00000619   Thumb Code     4  bsp_int.o(.text)
    BSP_IntHandlerGPIOP6                     0x0000061d   Thumb Code     4  bsp_int.o(.text)
    BSP_IntHandlerGPIOP7                     0x00000621   Thumb Code     4  bsp_int.o(.text)
    BSP_IntHandlerGPIOQ0                     0x00000625   Thumb Code     4  bsp_int.o(.text)
    BSP_IntHandlerGPIOQ1                     0x00000629   Thumb Code     4  bsp_int.o(.text)
    BSP_IntHandlerGPIOQ2                     0x0000062d   Thumb Code     4  bsp_int.o(.text)
    BSP_IntHandlerGPIOQ3                     0x00000631   Thumb Code     4  bsp_int.o(.text)
    BSP_IntHandlerGPIOQ4                     0x00000635   Thumb Code     4  bsp_int.o(.text)
    BSP_IntHandlerGPIOQ5                     0x00000639   Thumb Code     4  bsp_int.o(.text)
    BSP_IntHandlerGPIOQ6                     0x0000063d   Thumb Code     4  bsp_int.o(.text)
    BSP_IntHandlerGPIOQ7                     0x00000641   Thumb Code     4  bsp_int.o(.text)
    BSP_IntHandlerGPIOR                      0x00000645   Thumb Code     4  bsp_int.o(.text)
    BSP_IntHandlerGPIOS                      0x00000649   Thumb Code     4  bsp_int.o(.text)
    BSP_IntHandlerSHA_MD5                    0x0000064d   Thumb Code     4  bsp_int.o(.text)
    BSP_IntHandlerAES                        0x00000651   Thumb Code     4  bsp_int.o(.text)
    BSP_IntHandlerDES                        0x00000655   Thumb Code     4  bsp_int.o(.text)
    BSP_IntHandlerLCD                        0x00000659   Thumb Code     4  bsp_int.o(.text)
    BSP_IntHandlerTMR6A                      0x0000065d   Thumb Code     4  bsp_int.o(.text)
    BSP_IntHandlerTMR6B                      0x00000661   Thumb Code     4  bsp_int.o(.text)
    BSP_IntHandlerTMR7A                      0x00000665   Thumb Code     4  bsp_int.o(.text)
    BSP_IntHandlerTMR7B                      0x00000669   Thumb Code     4  bsp_int.o(.text)
    BSP_IntHandlerI2C6                       0x0000066d   Thumb Code     4  bsp_int.o(.text)
    BSP_IntHandlerI2C7                       0x00000671   Thumb Code     4  bsp_int.o(.text)
    BSP_IntHandlerRSVD104                    0x00000675   Thumb Code     4  bsp_int.o(.text)
    BSP_IntHandler1WIRE                      0x00000679   Thumb Code     4  bsp_int.o(.text)
    BSP_IntHandlerRSVD106                    0x0000067d   Thumb Code     4  bsp_int.o(.text)
    BSP_IntHandlerRSVD107                    0x00000681   Thumb Code     4  bsp_int.o(.text)
    BSP_IntHandlerRSVD108                    0x00000685   Thumb Code     4  bsp_int.o(.text)
    BSP_IntHandlerI2C8                       0x00000689   Thumb Code     4  bsp_int.o(.text)
    BSP_IntHandlerI2C9                       0x0000068d   Thumb Code     4  bsp_int.o(.text)
    BSP_IntHandlerGPIOT                      0x00000691   Thumb Code     4  bsp_int.o(.text)
    BSP_LED_Off                              0x0000069d   Thumb Code    46  bsp_led.o(.text)
    BSP_LED_Init                             0x000006cb   Thumb Code    24  bsp_led.o(.text)
    BSP_LED_On                               0x000006e3   Thumb Code    50  bsp_led.o(.text)
    BSP_LED_Toggle                           0x00000715   Thumb Code    66  bsp_led.o(.text)
    BSP_SysInit                              0x00000769   Thumb Code     6  bsp_sys.o(.text)
    BSP_SysClkFreqGet                        0x0000076f   Thumb Code     4  bsp_sys.o(.text)
    CPU_TS_TmrInit                           0x00000779   Thumb Code    38  cpu_bsp.o(.text)
    CPU_TS_TmrRd                             0x0000079f   Thumb Code     6  cpu_bsp.o(.text)
    CPU_TS32_to_uSec                         0x000007a5   Thumb Code    32  cpu_bsp.o(.text)
    Reset_Handler                            0x000007d1   Thumb Code     4  cstartup.o(.text)
    App_NMI_ISR                              0x000007d5   Thumb Code     2  cstartup.o(.text)
    App_Fault_ISR                            0x000007d7   Thumb Code     2  cstartup.o(.text)
    App_MemFault_ISR                         0x000007d9   Thumb Code     2  cstartup.o(.text)
    App_BusFault_ISR                         0x000007db   Thumb Code     2  cstartup.o(.text)
    App_UsageFault_ISR                       0x000007dd   Thumb Code     2  cstartup.o(.text)
    App_Spurious_ISR                         0x000007df   Thumb Code     2  cstartup.o(.text)
    App_Reserved_ISR                         0x000007e1   Thumb Code     2  cstartup.o(.text)
    CPU_NameClr                              0x000007e9   Thumb Code    26  cpu_core.o(.text)
    CPU_Init                                 0x00000803   Thumb Code    18  cpu_core.o(.text)
    CPU_SW_Exception                         0x00000815   Thumb Code     2  cpu_core.o(.text)
    CPU_NameGet                              0x00000817   Thumb Code    46  cpu_core.o(.text)
    CPU_NameSet                              0x00000845   Thumb Code    62  cpu_core.o(.text)
    CPU_TS_Get32                             0x00000883   Thumb Code     4  cpu_core.o(.text)
    CPU_TS_Update                            0x00000887   Thumb Code     2  cpu_core.o(.text)
    CPU_TS_TmrFreqGet                        0x00000889   Thumb Code    24  cpu_core.o(.text)
    CPU_TS_TmrFreqSet                        0x000008a1   Thumb Code     6  cpu_core.o(.text)
    CPU_CntLeadZeros08                       0x000008a7   Thumb Code    10  cpu_core.o(.text)
    CPU_CntLeadZeros16                       0x000008b1   Thumb Code    10  cpu_core.o(.text)
    CPU_CntLeadZeros32                       0x000008bb   Thumb Code     4  cpu_core.o(.text)
    CPU_CntLeadZeros64                       0x000008bf   Thumb Code   152  cpu_core.o(.text)
    CPU_CntTrailZeros08                      0x00000957   Thumb Code    10  cpu_core.o(.text)
    CPU_CntTrailZeros16                      0x00000961   Thumb Code    10  cpu_core.o(.text)
    CPU_CntTrailZeros32                      0x0000096b   Thumb Code    10  cpu_core.o(.text)
    CPU_CntTrailZeros64                      0x00000975   Thumb Code    36  cpu_core.o(.text)
    CPU_IntDis                               0x000009a5   Thumb Code     0  cpu_a.o(.text)
    CPU_IntEn                                0x000009a9   Thumb Code     0  cpu_a.o(.text)
    CPU_SR_Save                              0x000009ad   Thumb Code     0  cpu_a.o(.text)
    CPU_SR_Restore                           0x000009b5   Thumb Code     0  cpu_a.o(.text)
    CPU_WaitForInt                           0x000009bb   Thumb Code     0  cpu_a.o(.text)
    CPU_WaitForExcept                        0x000009bf   Thumb Code     0  cpu_a.o(.text)
    CPU_CntLeadZeros                         0x000009c3   Thumb Code     0  cpu_a.o(.text)
    CPU_CntTrailZeros                        0x000009c9   Thumb Code     0  cpu_a.o(.text)
    CPU_RevBits                              0x000009d3   Thumb Code     0  cpu_a.o(.text)
    CPU_BitBandClr                           0x000009d9   Thumb Code    44  cpu_c.o(.text)
    CPU_BitBandSet                           0x00000a05   Thumb Code    44  cpu_c.o(.text)
    CPU_IntSrcDis                            0x00000a31   Thumb Code   146  cpu_c.o(.text)
    CPU_IntSrcEn                             0x00000ac3   Thumb Code   146  cpu_c.o(.text)
    CPU_IntSrcPendClr                        0x00000b55   Thumb Code    72  cpu_c.o(.text)
    CPU_IntSrcPrioSet                        0x00000b9d   Thumb Code   232  cpu_c.o(.text)
    CPU_IntSrcPrioGet                        0x00000c85   Thumb Code   200  cpu_c.o(.text)
    ASCII_IsAlpha                            0x00000d55   Thumb Code    22  lib_ascii.o(.text)
    ASCII_IsAlphaNum                         0x00000d6b   Thumb Code    28  lib_ascii.o(.text)
    ASCII_IsLower                            0x00000d87   Thumb Code    14  lib_ascii.o(.text)
    ASCII_IsUpper                            0x00000d95   Thumb Code    14  lib_ascii.o(.text)
    ASCII_IsDig                              0x00000da3   Thumb Code    14  lib_ascii.o(.text)
    ASCII_IsDigOct                           0x00000db1   Thumb Code    14  lib_ascii.o(.text)
    ASCII_IsDigHex                           0x00000dbf   Thumb Code    28  lib_ascii.o(.text)
    ASCII_IsBlank                            0x00000ddb   Thumb Code    16  lib_ascii.o(.text)
    ASCII_IsSpace                            0x00000deb   Thumb Code    32  lib_ascii.o(.text)
    ASCII_IsPrint                            0x00000e0b   Thumb Code    14  lib_ascii.o(.text)
    ASCII_IsGraph                            0x00000e19   Thumb Code    14  lib_ascii.o(.text)
    ASCII_IsPunct                            0x00000e27   Thumb Code    58  lib_ascii.o(.text)
    ASCII_IsCtrl                             0x00000e61   Thumb Code    22  lib_ascii.o(.text)
    ASCII_ToLower                            0x00000e77   Thumb Code    14  lib_ascii.o(.text)
    ASCII_ToUpper                            0x00000e85   Thumb Code    14  lib_ascii.o(.text)
    ASCII_Cmp                                0x00000e93   Thumb Code    28  lib_ascii.o(.text)
    Mem_Init                                 0x00000eb1   Thumb Code    54  lib_mem.o(.text)
    Mem_Set                                  0x00000ee7   Thumb Code    70  lib_mem.o(.text)
    Mem_Clr                                  0x00000f2d   Thumb Code     6  lib_mem.o(.text)
    Mem_Move                                 0x00000f33   Thumb Code   128  lib_mem.o(.text)
    Mem_Cmp                                  0x00000fb3   Thumb Code   126  lib_mem.o(.text)
    Mem_HeapAlloc                            0x000010d1   Thumb Code   164  lib_mem.o(.text)
    Mem_SegGetSizeRem                        0x00001175   Thumb Code   114  lib_mem.o(.text)
    Mem_HeapGetSizeRem                       0x000011e7   Thumb Code     8  lib_mem.o(.text)
    Mem_PoolClr                              0x000011ef   Thumb Code    68  lib_mem.o(.text)
    Mem_PoolCreate                           0x00001233   Thumb Code   722  lib_mem.o(.text)
    Mem_PoolBlkGetNbrAvail                   0x00001505   Thumb Code    64  lib_mem.o(.text)
    Mem_PoolBlkGet                           0x00001545   Thumb Code   126  lib_mem.o(.text)
    Mem_PoolBlkGetUsedAtIx                   0x000015c3   Thumb Code   102  lib_mem.o(.text)
    Mem_PoolBlkFree                          0x0000166f   Thumb Code   206  lib_mem.o(.text)
    Mem_PoolBlkIxGet                         0x0000173d   Thumb Code   186  lib_mem.o(.text)
    Str_Len_N                                0x000017fd   Thumb Code    22  lib_str.o(.text)
    Str_Len                                  0x00001813   Thumb Code     6  lib_str.o(.text)
    Str_Copy_N                               0x00001819   Thumb Code    48  lib_str.o(.text)
    Str_Copy                                 0x00001849   Thumb Code     6  lib_str.o(.text)
    Str_Cat_N                                0x0000184f   Thumb Code    58  lib_str.o(.text)
    Str_Cat                                  0x00001889   Thumb Code     6  lib_str.o(.text)
    Str_Cmp_N                                0x0000188f   Thumb Code    86  lib_str.o(.text)
    Str_Cmp                                  0x000018e5   Thumb Code     6  lib_str.o(.text)
    Str_CmpIgnoreCase_N                      0x000018eb   Thumb Code   146  lib_str.o(.text)
    Str_CmpIgnoreCase                        0x0000197d   Thumb Code     6  lib_str.o(.text)
    Str_Char_N                               0x00001983   Thumb Code    46  lib_str.o(.text)
    Str_Char                                 0x000019b1   Thumb Code     8  lib_str.o(.text)
    Str_Char_Last_N                          0x000019b9   Thumb Code    44  lib_str.o(.text)
    Str_Char_Last                            0x000019e5   Thumb Code     8  lib_str.o(.text)
    Str_Char_Replace_N                       0x000019ed   Thumb Code    40  lib_str.o(.text)
    Str_Char_Replace                         0x00001a15   Thumb Code     6  lib_str.o(.text)
    Str_Str_N                                0x00001a1b   Thumb Code   120  lib_str.o(.text)
    Str_Str                                  0x00001a93   Thumb Code     6  lib_str.o(.text)
    Str_FmtNbr_Int32U                        0x00001bf1   Thumb Code    24  lib_str.o(.text)
    Str_FmtNbr_Int32S                        0x00001c09   Thumb Code    40  lib_str.o(.text)
    Str_ParseNbr_Int32U                      0x00001d6b   Thumb Code    12  lib_str.o(.text)
    Str_ParseNbr_Int32S                      0x00001d77   Thumb Code    42  lib_str.o(.text)
    Mem_Copy                                 0x00001da5   Thumb Code     0  lib_mem_a.o(.text)
    OS_StrLen                                0x00001fc5   Thumb Code    20  os_core.o(.text)
    OSEventNameGet                           0x00001fd9   Thumb Code    74  os_core.o(.text)
    OSEventNameSet                           0x00002023   Thumb Code    58  os_core.o(.text)
    OS_EventTaskRemoveMulti                  0x0000205d   Thumb Code    40  os_core.o(.text)
    OS_Sched                                 0x00002085   Thumb Code    64  os_core.o(.text)
    OS_EventTaskWaitMulti                    0x000020c5   Thumb Code    88  os_core.o(.text)
    OSEventPendMulti                         0x0000211d   Thumb Code   410  os_core.o(.text)
    OS_TaskStatStkChk                        0x000022b7   Thumb Code    50  os_core.o(.text)
    OS_TaskStat                              0x000022e9   Thumb Code    98  os_core.o(.text)
    OS_TaskIdle                              0x0000234b   Thumb Code    22  os_core.o(.text)
    OS_MemClr                                0x00002361   Thumb Code    18  os_core.o(.text)
    OSInit                                   0x00002373   Thumb Code   172  os_core.o(.text)
    OSIntEnter                               0x0000241f   Thumb Code    20  os_core.o(.text)
    OSIntExit                                0x00002433   Thumb Code    82  os_core.o(.text)
    OSSchedLock                              0x00002485   Thumb Code    38  os_core.o(.text)
    OSSchedUnlock                            0x000024ab   Thumb Code    52  os_core.o(.text)
    OSStart                                  0x000024df   Thumb Code    38  os_core.o(.text)
    OSStatInit                               0x00002505   Thumb Code    48  os_core.o(.text)
    OSTimeTick                               0x00002535   Thumb Code   154  os_core.o(.text)
    OSVersion                                0x000025cf   Thumb Code     6  os_core.o(.text)
    OS_Dummy                                 0x000025d5   Thumb Code     2  os_core.o(.text)
    OS_EventTaskRemove                       0x000025d7   Thumb Code    36  os_core.o(.text)
    OS_EventTaskRdy                          0x000025fb   Thumb Code   102  os_core.o(.text)
    OS_EventTaskWait                         0x00002661   Thumb Code    68  os_core.o(.text)
    OS_EventWaitListInit                     0x000026a5   Thumb Code    20  os_core.o(.text)
    OS_MemCopy                               0x000026b9   Thumb Code    20  os_core.o(.text)
    OS_TCBInit                               0x000026cd   Thumb Code   230  os_core.o(.text)
    OSFlagAccept                             0x000028e1   Thumb Code   154  os_flag.o(.text)
    OSFlagCreate                             0x0000297b   Thumb Code    68  os_flag.o(.text)
    OS_FlagUnlink                            0x000029bf   Thumb Code    32  os_flag.o(.text)
    OSFlagDel                                0x00002a25   Thumb Code   182  os_flag.o(.text)
    OSFlagNameGet                            0x00002adb   Thumb Code    72  os_flag.o(.text)
    OSFlagNameSet                            0x00002b23   Thumb Code    50  os_flag.o(.text)
    OSFlagPend                               0x00002bab   Thumb Code   370  os_flag.o(.text)
    OSFlagPendGetFlagsRdy                    0x00002d1d   Thumb Code    20  os_flag.o(.text)
    OSFlagPost                               0x00002d31   Thumb Code   212  os_flag.o(.text)
    OSFlagQuery                              0x00002e05   Thumb Code    38  os_flag.o(.text)
    OS_FlagInit                              0x00002e2b   Thumb Code    64  os_flag.o(.text)
    OSMemCreate                              0x00002e75   Thumb Code    86  os_mem.o(.text)
    OSMemGet                                 0x00002ecb   Thumb Code    48  os_mem.o(.text)
    OSMemNameGet                             0x00002efb   Thumb Code    54  os_mem.o(.text)
    OSMemNameSet                             0x00002f31   Thumb Code    36  os_mem.o(.text)
    OSMemPut                                 0x00002f55   Thumb Code    46  os_mem.o(.text)
    OSMemQuery                               0x00002f83   Thumb Code    46  os_mem.o(.text)
    OS_MemInit                               0x00002fb1   Thumb Code    62  os_mem.o(.text)
    OSTaskChangePrio                         0x00003001   Thumb Code   322  os_task.o(.text)
    OSTaskCreate                             0x00003143   Thumb Code   124  os_task.o(.text)
    OS_TaskStkClr                            0x000031bf   Thumb Code    22  os_task.o(.text)
    OSTaskCreateExt                          0x000031d5   Thumb Code   144  os_task.o(.text)
    OSTaskDel                                0x00003265   Thumb Code   274  os_task.o(.text)
    OSTaskDelReq                             0x00003377   Thumb Code    82  os_task.o(.text)
    OSTaskNameGet                            0x000033c9   Thumb Code   138  os_task.o(.text)
    OSTaskNameSet                            0x00003453   Thumb Code    70  os_task.o(.text)
    OSTaskResume                             0x00003499   Thumb Code   120  os_task.o(.text)
    OSTaskStkChk                             0x00003511   Thumb Code    94  os_task.o(.text)
    OSTaskSuspend                            0x0000356f   Thumb Code   128  os_task.o(.text)
    OSTaskQuery                              0x000035ef   Thumb Code    74  os_task.o(.text)
    OSTaskRegGet                             0x00003639   Thumb Code    50  os_task.o(.text)
    OSTaskRegGetID                           0x0000366b   Thumb Code    40  os_task.o(.text)
    OSTaskRegSet                             0x00003693   Thumb Code    52  os_task.o(.text)
    OS_TaskReturn                            0x000036c7   Thumb Code    18  os_task.o(.text)
    OSTimeDly                                0x000036f5   Thumb Code    82  os_time.o(.text)
    OSTimeDlyHMSM                            0x00003747   Thumb Code    70  os_time.o(.text)
    OSTimeDlyResume                          0x0000378d   Thumb Code   134  os_time.o(.text)
    OSTimeGet                                0x00003813   Thumb Code    18  os_time.o(.text)
    OSTimeSet                                0x00003825   Thumb Code    20  os_time.o(.text)
    OS_CPU_FP_Reg_Push                       0x00003855   Thumb Code     0  os_cpu_a.o(.text)
    OS_CPU_FP_Reg_Pop                        0x0000386f   Thumb Code     0  os_cpu_a.o(.text)
    OS_CPU_SR_Save                           0x00003881   Thumb Code     0  os_cpu_a.o(.text)
    OS_CPU_SR_Restore                        0x00003889   Thumb Code     0  os_cpu_a.o(.text)
    OSStartHighRdy                           0x0000388f   Thumb Code     0  os_cpu_a.o(.text)
    OSCtxSw                                  0x000038b7   Thumb Code     0  os_cpu_a.o(.text)
    OSIntCtxSw                               0x000038c1   Thumb Code     0  os_cpu_a.o(.text)
    OS_CPU_PendSVHandler                     0x000038cb   Thumb Code     0  os_cpu_a.o(.text)
    OSInitHookBegin                          0x00003931   Thumb Code    24  os_cpu_c.o(.text)
    OSInitHookEnd                            0x00003949   Thumb Code     2  os_cpu_c.o(.text)
    OSTaskCreateHook                         0x0000394b   Thumb Code     4  os_cpu_c.o(.text)
    OSTaskDelHook                            0x0000394f   Thumb Code     4  os_cpu_c.o(.text)
    OSTaskIdleHook                           0x00003953   Thumb Code     4  os_cpu_c.o(.text)
    OSTaskReturnHook                         0x00003957   Thumb Code     4  os_cpu_c.o(.text)
    OSTaskStatHook                           0x0000395b   Thumb Code     4  os_cpu_c.o(.text)
    OSTaskStkInit                            0x0000395f   Thumb Code   322  os_cpu_c.o(.text)
    OSTaskSwHook                             0x00003aa1   Thumb Code    42  os_cpu_c.o(.text)
    OSTCBInitHook                            0x00003acb   Thumb Code     4  os_cpu_c.o(.text)
    OSTimeTickHook                           0x00003acf   Thumb Code     4  os_cpu_c.o(.text)
    OS_CPU_SysTickHandler                    0x00003ad3   Thumb Code    30  os_cpu_c.o(.text)
    OS_CPU_SysTickInit                       0x00003af1   Thumb Code    36  os_cpu_c.o(.text)
    OSDebugInit                              0x00003b99   Thumb Code     2  os_dbg.o(.text)
    GPIODirModeSet                           0x00003b9d   Thumb Code    38  gpio.o(.text)
    GPIODirModeGet                           0x00003bc3   Thumb Code    38  gpio.o(.text)
    GPIOIntTypeSet                           0x00003be9   Thumb Code    78  gpio.o(.text)
    GPIOIntTypeGet                           0x00003c37   Thumb Code    68  gpio.o(.text)
    GPIOPadConfigSet                         0x00003c7b   Thumb Code   164  gpio.o(.text)
    GPIOPadConfigGet                         0x00003d1f   Thumb Code   110  gpio.o(.text)
    GPIOIntEnable                            0x00003d8d   Thumb Code    12  gpio.o(.text)
    GPIOIntDisable                           0x00003d99   Thumb Code    12  gpio.o(.text)
    GPIOIntStatus                            0x00003da5   Thumb Code    14  gpio.o(.text)
    GPIOIntClear                             0x00003db3   Thumb Code     6  gpio.o(.text)
    GPIOIntRegister                          0x00003db9   Thumb Code    26  gpio.o(.text)
    GPIOIntUnregister                        0x00003dd3   Thumb Code    22  gpio.o(.text)
    GPIOPinRead                              0x00003de9   Thumb Code     6  gpio.o(.text)
    GPIOPinWrite                             0x00003def   Thumb Code     6  gpio.o(.text)
    GPIOPinTypeADC                           0x00003df5   Thumb Code    26  gpio.o(.text)
    GPIOPinTypeCAN                           0x00003e0f   Thumb Code    26  gpio.o(.text)
    GPIOPinTypeComparator                    0x00003e29   Thumb Code    26  gpio.o(.text)
    GPIOPinTypeEPI                           0x00003e43   Thumb Code    26  gpio.o(.text)
    GPIOPinTypeEthernetLED                   0x00003e5d   Thumb Code    26  gpio.o(.text)
    GPIOPinTypeEthernetMII                   0x00003e77   Thumb Code    26  gpio.o(.text)
    GPIOPinTypeFan                           0x00003e91   Thumb Code    26  gpio.o(.text)
    GPIOPinTypeGPIOInput                     0x00003eab   Thumb Code    26  gpio.o(.text)
    GPIOPinTypeGPIOOutput                    0x00003ec5   Thumb Code    26  gpio.o(.text)
    GPIOPinTypeGPIOOutputOD                  0x00003edf   Thumb Code    26  gpio.o(.text)
    GPIOPinTypeI2C                           0x00003ef9   Thumb Code    26  gpio.o(.text)
    GPIOPinTypeI2CSCL                        0x00003f13   Thumb Code    26  gpio.o(.text)
    GPIOPinTypeLPC                           0x00003f2d   Thumb Code    26  gpio.o(.text)
    GPIOPinTypePECIRx                        0x00003f47   Thumb Code    26  gpio.o(.text)
    GPIOPinTypePECITx                        0x00003f61   Thumb Code    26  gpio.o(.text)
    GPIOPinTypePWM                           0x00003f7b   Thumb Code    26  gpio.o(.text)
    GPIOPinTypeQEI                           0x00003f95   Thumb Code    26  gpio.o(.text)
    GPIOPinTypeSSI                           0x00003faf   Thumb Code    26  gpio.o(.text)
    GPIOPinTypeTimer                         0x00003fc9   Thumb Code    26  gpio.o(.text)
    GPIOPinTypeUART                          0x00003fe3   Thumb Code    26  gpio.o(.text)
    GPIOPinTypeUSBAnalog                     0x00003ffd   Thumb Code    26  gpio.o(.text)
    GPIOPinTypeUSBDigital                    0x00004017   Thumb Code    26  gpio.o(.text)
    GPIOPinConfigure                         0x00004031   Thumb Code    58  gpio.o(.text)
    GPIODMATriggerEnable                     0x0000406b   Thumb Code    12  gpio.o(.text)
    GPIODMATriggerDisable                    0x00004077   Thumb Code    12  gpio.o(.text)
    GPIOADCTriggerEnable                     0x00004083   Thumb Code    12  gpio.o(.text)
    GPIOADCTriggerDisable                    0x0000408f   Thumb Code    12  gpio.o(.text)
    IntMasterEnable                          0x000040cb   Thumb Code    14  interrupt.o(.text)
    IntMasterDisable                         0x000040d9   Thumb Code    14  interrupt.o(.text)
    IntRegister                              0x000040e7   Thumb Code    38  interrupt.o(.text)
    IntUnregister                            0x0000410d   Thumb Code    10  interrupt.o(.text)
    IntPriorityGroupingSet                   0x00004117   Thumb Code    18  interrupt.o(.text)
    IntPriorityGroupingGet                   0x00004129   Thumb Code    30  interrupt.o(.text)
    IntPrioritySet                           0x00004147   Thumb Code    32  interrupt.o(.text)
    IntPriorityGet                           0x00004167   Thumb Code    22  interrupt.o(.text)
    IntEnable                                0x0000417d   Thumb Code    88  interrupt.o(.text)
    IntDisable                               0x000041d5   Thumb Code    88  interrupt.o(.text)
    IntIsEnabled                             0x0000422d   Thumb Code    90  interrupt.o(.text)
    IntPendSet                               0x00004287   Thumb Code    70  interrupt.o(.text)
    IntPendClear                             0x000042cd   Thumb Code    58  interrupt.o(.text)
    IntPriorityMaskSet                       0x00004307   Thumb Code     4  interrupt.o(.text)
    IntPriorityMaskGet                       0x0000430b   Thumb Code     4  interrupt.o(.text)
    IntTrigger                               0x0000430f   Thumb Code     8  interrupt.o(.text)
    SysCtlSRAMSizeGet                        0x00004331   Thumb Code    10  sysctl.o(.text)
    SysCtlFlashSizeGet                       0x0000433b   Thumb Code    16  sysctl.o(.text)
    SysCtlPeripheralPresent                  0x0000434b   Thumb Code    40  sysctl.o(.text)
    SysCtlPeripheralReady                    0x00004373   Thumb Code    40  sysctl.o(.text)
    SysCtlPeripheralPowerOn                  0x0000439b   Thumb Code    36  sysctl.o(.text)
    SysCtlPeripheralPowerOff                 0x000043bf   Thumb Code    36  sysctl.o(.text)
    SysCtlPeripheralReset                    0x000043e3   Thumb Code    54  sysctl.o(.text)
    SysCtlPeripheralEnable                   0x00004419   Thumb Code    36  sysctl.o(.text)
    SysCtlPeripheralDisable                  0x0000443d   Thumb Code    36  sysctl.o(.text)
    SysCtlPeripheralSleepEnable              0x00004461   Thumb Code    36  sysctl.o(.text)
    SysCtlPeripheralSleepDisable             0x00004485   Thumb Code    36  sysctl.o(.text)
    SysCtlPeripheralDeepSleepEnable          0x000044a9   Thumb Code    36  sysctl.o(.text)
    SysCtlPeripheralDeepSleepDisable         0x000044cd   Thumb Code    36  sysctl.o(.text)
    SysCtlPeripheralClockGating              0x000044f1   Thumb Code    24  sysctl.o(.text)
    SysCtlIntRegister                        0x00004509   Thumb Code    20  sysctl.o(.text)
    SysCtlIntUnregister                      0x0000451d   Thumb Code    18  sysctl.o(.text)
    SysCtlIntEnable                          0x0000452f   Thumb Code    12  sysctl.o(.text)
    SysCtlIntDisable                         0x0000453b   Thumb Code    12  sysctl.o(.text)
    SysCtlIntClear                           0x00004547   Thumb Code     8  sysctl.o(.text)
    SysCtlIntStatus                          0x0000454f   Thumb Code    14  sysctl.o(.text)
    SysCtlReset                              0x0000455d   Thumb Code     8  sysctl.o(.text)
    SysCtlSleep                              0x00004565   Thumb Code     4  sysctl.o(.text)
    SysCtlDeepSleep                          0x00004569   Thumb Code    28  sysctl.o(.text)
    SysCtlResetCauseGet                      0x00004585   Thumb Code     8  sysctl.o(.text)
    SysCtlResetCauseClear                    0x0000458d   Thumb Code    12  sysctl.o(.text)
    SysCtlMOSCConfigSet                      0x00004599   Thumb Code     8  sysctl.o(.text)
    SysCtlPIOSCCalibrate                     0x000045a1   Thumb Code    64  sysctl.o(.text)
    SysCtlClockSet                           0x000045e1   Thumb Code   250  sysctl.o(.text)
    SysCtlClockGet                           0x000046db   Thumb Code   274  sysctl.o(.text)
    SysCtlDeepSleepClockSet                  0x000047ed   Thumb Code     8  sysctl.o(.text)
    SysCtlPWMClockSet                        0x000047f5   Thumb Code    14  sysctl.o(.text)
    SysCtlPWMClockGet                        0x00004803   Thumb Code    20  sysctl.o(.text)
    SysCtlADCSpeedSet                        0x00004817   Thumb Code    32  sysctl.o(.text)
    SysCtlADCSpeedGet                        0x00004837   Thumb Code    12  sysctl.o(.text)
    SysCtlGPIOAHBEnable                      0x00004843   Thumb Code    18  sysctl.o(.text)
    SysCtlGPIOAHBDisable                     0x00004855   Thumb Code    18  sysctl.o(.text)
    SysCtlUSBPLLEnable                       0x00004867   Thumb Code    12  sysctl.o(.text)
    SysCtlUSBPLLDisable                      0x00004873   Thumb Code    12  sysctl.o(.text)
    UARTParityModeSet                        0x0000488d   Thumb Code    12  uart.o(.text)
    UARTParityModeGet                        0x00004899   Thumb Code     8  uart.o(.text)
    UARTFIFOLevelSet                         0x000048a1   Thumb Code     6  uart.o(.text)
    UARTFIFOLevelGet                         0x000048a7   Thumb Code    16  uart.o(.text)
    UARTEnable                               0x000048b7   Thumb Code    20  uart.o(.text)
    UARTDisable                              0x000048cb   Thumb Code    26  uart.o(.text)
    UARTConfigSetExpClk                      0x000048e5   Thumb Code    70  uart.o(.text)
    UARTConfigGetExpClk                      0x0000492b   Thumb Code    38  uart.o(.text)
    UARTFIFOEnable                           0x00004951   Thumb Code    10  uart.o(.text)
    UARTFIFODisable                          0x0000495b   Thumb Code    10  uart.o(.text)
    UARTEnableSIR                            0x00004965   Thumb Code    20  uart.o(.text)
    UARTDisableSIR                           0x00004979   Thumb Code    10  uart.o(.text)
    UARTSmartCardEnable                      0x00004983   Thumb Code    22  uart.o(.text)
    UARTSmartCardDisable                     0x00004999   Thumb Code    10  uart.o(.text)
    UARTModemControlSet                      0x000049a3   Thumb Code    12  uart.o(.text)
    UARTModemControlClear                    0x000049af   Thumb Code    12  uart.o(.text)
    UARTModemControlGet                      0x000049bb   Thumb Code     8  uart.o(.text)
    UARTModemStatusGet                       0x000049c3   Thumb Code    10  uart.o(.text)
    UARTFlowControlSet                       0x000049cd   Thumb Code    12  uart.o(.text)
    UARTFlowControlGet                       0x000049d9   Thumb Code     8  uart.o(.text)
    UARTTxIntModeSet                         0x000049e1   Thumb Code    12  uart.o(.text)
    UARTTxIntModeGet                         0x000049ed   Thumb Code     8  uart.o(.text)
    UARTCharsAvail                           0x000049f5   Thumb Code    10  uart.o(.text)
    UARTSpaceAvail                           0x000049ff   Thumb Code    10  uart.o(.text)
    UARTCharGetNonBlocking                   0x00004a09   Thumb Code    16  uart.o(.text)
    UARTCharGet                              0x00004a19   Thumb Code    10  uart.o(.text)
    UARTCharPutNonBlocking                   0x00004a23   Thumb Code    16  uart.o(.text)
    UARTCharPut                              0x00004a33   Thumb Code    10  uart.o(.text)
    UARTBreakCtl                             0x00004a3d   Thumb Code    20  uart.o(.text)
    UARTBusy                                 0x00004a51   Thumb Code     8  uart.o(.text)
    UARTIntRegister                          0x00004a59   Thumb Code    26  uart.o(.text)
    UARTIntUnregister                        0x00004a73   Thumb Code    22  uart.o(.text)
    UARTIntEnable                            0x00004a89   Thumb Code     8  uart.o(.text)
    UARTIntDisable                           0x00004a91   Thumb Code     8  uart.o(.text)
    UARTIntStatus                            0x00004a99   Thumb Code    10  uart.o(.text)
    UARTIntClear                             0x00004aa3   Thumb Code     4  uart.o(.text)
    UARTDMAEnable                            0x00004aa7   Thumb Code     8  uart.o(.text)
    UARTDMADisable                           0x00004aaf   Thumb Code     8  uart.o(.text)
    UARTRxErrorGet                           0x00004ab7   Thumb Code     8  uart.o(.text)
    UARTRxErrorClear                         0x00004abf   Thumb Code     6  uart.o(.text)
    UARTClockSourceSet                       0x00004ac5   Thumb Code     6  uart.o(.text)
    UARTClockSourceGet                       0x00004acb   Thumb Code     6  uart.o(.text)
    UART9BitEnable                           0x00004ad1   Thumb Code    12  uart.o(.text)
    UART9BitDisable                          0x00004add   Thumb Code    12  uart.o(.text)
    UART9BitAddrSet                          0x00004ae9   Thumb Code     8  uart.o(.text)
    UART9BitAddrSend                         0x00004af1   Thumb Code    38  uart.o(.text)
    UARTStdioConfig                          0x00004b3d   Thumb Code    70  uartstdio.o(.text)
    UARTwrite                                0x00004b83   Thumb Code    46  uartstdio.o(.text)
    UARTgets                                 0x00004bb1   Thumb Code   106  uartstdio.o(.text)
    UARTgetc                                 0x00004c1b   Thumb Code    14  uartstdio.o(.text)
    UARTvprintf                              0x00004c29   Thumb Code   422  uartstdio.o(.text)
    UARTprintf                               0x00004dcf   Thumb Code    18  uartstdio.o(.text)
    __aeabi_uldivmod                         0x00004dfd   Thumb Code    98  uldiv.o(.text)
    __aeabi_uidiv                            0x00004e5f   Thumb Code     0  uidiv.o(.text)
    __aeabi_uidivmod                         0x00004e5f   Thumb Code    44  uidiv.o(.text)
    __aeabi_llsl                             0x00004e8b   Thumb Code    30  llshl.o(.text)
    _ll_shift_l                              0x00004e8b   Thumb Code     0  llshl.o(.text)
    __aeabi_llsr                             0x00004ea9   Thumb Code    32  llushr.o(.text)
    _ll_ushift_r                             0x00004ea9   Thumb Code     0  llushr.o(.text)
    __scatterload                            0x00004ec9   Thumb Code    28  init.o(.text)
    __scatterload_rt2                        0x00004ec9   Thumb Code     0  init.o(.text)
    __decompress                             0x00004eed   Thumb Code     0  __dczerorl.o(.text)
    __decompress0                            0x00004eed   Thumb Code    58  __dczerorl.o(.text)
    __0sprintf$1                             0x00004f29   Thumb Code    34  printf1.o(i.__0sprintf$1)
    __1sprintf$1                             0x00004f29   Thumb Code     0  printf1.o(i.__0sprintf$1)
    __2sprintf                               0x00004f29   Thumb Code     0  printf1.o(i.__0sprintf$1)
    __scatterload_copy                       0x00004f51   Thumb Code    14  handlers.o(i.__scatterload_copy)
    __scatterload_null                       0x00004f5f   Thumb Code     2  handlers.o(i.__scatterload_null)
    __scatterload_zeroinit                   0x00004f61   Thumb Code    14  handlers.o(i.__scatterload_zeroinit)
    OSUnMapTbl                               0x00005264   Data         256  os_core.o(.constdata)
    Region$$Table$$Base                      0x00005684   Number         0  anon$$obj.o(Region$$Table)
    Region$$Table$$Limit                     0x000056a4   Number         0  anon$$obj.o(Region$$Table)
    CPU_TS_TmrFreq_Hz                        0x20000000   Data           4  cpu_core.o(.data)
    Mem_PoolTbl                              0x20000004   Data           4  lib_mem.o(.data)
    OSCPUUsage                               0x20000008   Data           1  os_core.o(.data)
    OSStatRdy                                0x20000009   Data           1  os_core.o(.data)
    OSIntNesting                             0x2000000a   Data           1  os_core.o(.data)
    OSLockNesting                            0x2000000b   Data           1  os_core.o(.data)
    OSPrioCur                                0x2000000c   Data           1  os_core.o(.data)
    OSPrioHighRdy                            0x2000000d   Data           1  os_core.o(.data)
    OSRdyGrp                                 0x2000000e   Data           1  os_core.o(.data)
    OSRunning                                0x2000000f   Data           1  os_core.o(.data)
    OSTaskCtr                                0x20000010   Data           1  os_core.o(.data)
    OSTickStepState                          0x20000011   Data           1  os_core.o(.data)
    OSTaskRegNextAvailID                     0x20000012   Data           1  os_core.o(.data)
    OSCtxSwCtr                               0x20000014   Data           4  os_core.o(.data)
    OSEventFreeList                          0x20000018   Data           4  os_core.o(.data)
    OSIdleCtrMax                             0x2000001c   Data           4  os_core.o(.data)
    OSIdleCtrRun                             0x20000020   Data           4  os_core.o(.data)
    OSIdleCtr                                0x20000024   Data           4  os_core.o(.data)
    OSTCBCur                                 0x20000028   Data           4  os_core.o(.data)
    OSTCBFreeList                            0x2000002c   Data           4  os_core.o(.data)
    OSTCBHighRdy                             0x20000030   Data           4  os_core.o(.data)
    OSTCBList                                0x20000034   Data           4  os_core.o(.data)
    OSTime                                   0x20000038   Data           4  os_core.o(.data)
    OSRdyTbl                                 0x2000003c   Data           8  os_core.o(.data)
    OSFlagFreeList                           0x20000044   Data           4  os_core.o(.data)
    OSMemFreeList                            0x20000048   Data           4  os_core.o(.data)
    OS_CPU_ExceptStkBase                     0x2000004c   Data           4  os_cpu_c.o(.data)
    CPU_Name                                 0x2000142c   Data          16  cpu_core.o(.bss)
    Mem_PoolHeap                             0x2000143c   Data          72  lib_mem.o(.bss)
    Mem_Heap                                 0x20001484   Data        1024  lib_mem.o(.bss)
    OSEventTbl                               0x20001884   Data         240  os_core.o(.bss)
    OSTaskStatStk                            0x20001974   Data         512  os_core.o(.bss)
    OSTaskIdleStk                            0x20001b74   Data         512  os_core.o(.bss)
    OSTCBPrioTbl                             0x20001d74   Data         256  os_core.o(.bss)
    OSTCBTbl                                 0x20001e74   Data        1936  os_core.o(.bss)
    OSFlagTbl                                0x20002604   Data          80  os_core.o(.bss)
    OSMemTbl                                 0x20002654   Data         120  os_core.o(.bss)
    OS_CPU_ExceptStk                         0x200026cc   Data         512  os_cpu_c.o(.bss)
    __initial_sp                             0x20002ad0   Data           0  cstartup.o(STACK)



==============================================================================

Memory Map of the image

  Image Entry point : 0x00000201

  Load Region LR_IROM1 (Base: 0x00000000, Size: 0x00005d10, Max: 0x00040000, ABSOLUTE, COMPRESSED[0x000056b4])

    Execution Region ER_IROM1 (Exec base: 0x00000000, Load base: 0x00000000, Size: 0x000056a4, Max: 0x00040000, ABSOLUTE)

    Exec Addr    Load Addr    Size         Type   Attr      Idx    E Section Name        Object

    0x00000000   0x00000000   0x00000200   Data   RO          241    RESET               cstartup.o
    0x00000200   0x00000200   0x00000000   Code   RO         1022  * .ARM.Collect$$$$00000000  mc_w.l(entry.o)
    0x00000200   0x00000200   0x00000004   Code   RO         1288    .ARM.Collect$$$$00000001  mc_w.l(entry2.o)
    0x00000204   0x00000204   0x00000004   Code   RO         1291    .ARM.Collect$$$$00000004  mc_w.l(entry5.o)
    0x00000208   0x00000208   0x00000000   Code   RO         1293    .ARM.Collect$$$$00000008  mc_w.l(entry7b.o)
    0x00000208   0x00000208   0x00000000   Code   RO         1295    .ARM.Collect$$$$0000000A  mc_w.l(entry8b.o)
    0x00000208   0x00000208   0x00000008   Code   RO         1296    .ARM.Collect$$$$0000000B  mc_w.l(entry9a.o)
    0x00000210   0x00000210   0x00000000   Code   RO         1298    .ARM.Collect$$$$0000000D  mc_w.l(entry10a.o)
    0x00000210   0x00000210   0x00000000   Code   RO         1300    .ARM.Collect$$$$0000000F  mc_w.l(entry11a.o)
    0x00000210   0x00000210   0x00000004   Code   RO         1289    .ARM.Collect$$$$00002712  mc_w.l(entry2.o)
    0x00000214   0x00000214   0x00000026   Code   RO          625    .emb_text           cpu.o
    0x0000023a   0x0000023a   0x00000002   PAD
    0x0000023c   0x0000023c   0x00000006   Code   RO          854    .emb_text           sysctl.o
    0x00000242   0x00000242   0x00000002   PAD
    0x00000244   0x00000244   0x00000158   Code   RO            1    .text               app.o
    0x0000039c   0x0000039c   0x00000010   Code   RO           98    .text               app_hooks.o
    0x000003ac   0x000003ac   0x000000a8   Code   RO          114    .text               bsp.o
    0x00000454   0x00000454   0x00000248   Code   RO          160    .text               bsp_int.o
    0x0000069c   0x0000069c   0x000000cc   Code   RO          181    .text               bsp_led.o
    0x00000768   0x00000768   0x00000010   Code   RO          202    .text               bsp_sys.o
    0x00000778   0x00000778   0x00000058   Code   RO          217    .text               cpu_bsp.o
    0x000007d0   0x000007d0   0x00000018   Code   RO          242    .text               cstartup.o
    0x000007e8   0x000007e8   0x000001bc   Code   RO          247    .text               cpu_core.o
    0x000009a4   0x000009a4   0x00000034   Code   RO          269    .text               cpu_a.o
    0x000009d8   0x000009d8   0x0000037c   Code   RO          272    .text               cpu_c.o
    0x00000d54   0x00000d54   0x0000015a   Code   RO          288    .text               lib_ascii.o
    0x00000eae   0x00000eae   0x00000002   PAD
    0x00000eb0   0x00000eb0   0x0000094c   Code   RO          335    .text               lib_mem.o
    0x000017fc   0x000017fc   0x000005a8   Code   RO          354    .text               lib_str.o
    0x00001da4   0x00001da4   0x00000220   Code   RO          372    .text               lib_mem_a.o
    0x00001fc4   0x00001fc4   0x0000091c   Code   RO          375    .text               os_core.o
    0x000028e0   0x000028e0   0x00000594   Code   RO          400    .text               os_flag.o
    0x00002e74   0x00002e74   0x0000018c   Code   RO          425    .text               os_mem.o
    0x00003000   0x00003000   0x000006f4   Code   RO          467    .text               os_task.o
    0x000036f4   0x000036f4   0x00000160   Code   RO          480    .text               os_time.o
    0x00003854   0x00003854   0x000000dc   Code   RO          498    .text               os_cpu_a.o
    0x00003930   0x00003930   0x00000268   Code   RO          501    .text               os_cpu_c.o
    0x00003b98   0x00003b98   0x00000002   Code   RO          524    .text               os_dbg.o
    0x00003b9a   0x00003b9a   0x00000002   PAD
    0x00003b9c   0x00003b9c   0x0000052c   Code   RO          691    .text               gpio.o
    0x000040c8   0x000040c8   0x00000268   Code   RO          751    .text               interrupt.o
    0x00004330   0x00004330   0x0000055c   Code   RO          855    .text               sysctl.o
    0x0000488c   0x0000488c   0x000002b0   Code   RO          928    .text               uart.o
    0x00004b3c   0x00004b3c   0x000002c0   Code   RO         1000    .text               uartstdio.o
    0x00004dfc   0x00004dfc   0x00000062   Code   RO         1025    .text               mc_w.l(uldiv.o)
    0x00004e5e   0x00004e5e   0x0000002c   Code   RO         1305    .text               mc_w.l(uidiv.o)
    0x00004e8a   0x00004e8a   0x0000001e   Code   RO         1307    .text               mc_w.l(llshl.o)
    0x00004ea8   0x00004ea8   0x00000020   Code   RO         1309    .text               mc_w.l(llushr.o)
    0x00004ec8   0x00004ec8   0x00000024   Code   RO         1322    .text               mc_w.l(init.o)
    0x00004eec   0x00004eec   0x0000003a   Code   RO         1338    .text               mc_w.l(__dczerorl.o)
    0x00004f26   0x00004f26   0x00000002   PAD
    0x00004f28   0x00004f28   0x00000028   Code   RO         1074    i.__0sprintf$1      mc_w.l(printf1.o)
    0x00004f50   0x00004f50   0x0000000e   Code   RO         1332    i.__scatterload_copy  mc_w.l(handlers.o)
    0x00004f5e   0x00004f5e   0x00000002   Code   RO         1333    i.__scatterload_null  mc_w.l(handlers.o)
    0x00004f60   0x00004f60   0x0000000e   Code   RO         1334    i.__scatterload_zeroinit  mc_w.l(handlers.o)
    0x00004f6e   0x00004f6e   0x00000002   PAD
    0x00004f70   0x00004f70   0x00000154   Code   RO         1079    i._printf_core      mc_w.l(printf1.o)
    0x000050c4   0x000050c4   0x0000000a   Code   RO         1081    i._sputc            mc_w.l(printf1.o)
    0x000050ce   0x000050ce   0x00000100   Data   RO          249    .constdata          cpu_core.o
    0x000051ce   0x000051ce   0x00000002   PAD
    0x000051d0   0x000051d0   0x00000094   Data   RO          355    .constdata          lib_str.o
    0x00005264   0x00005264   0x00000100   Data   RO          379    .constdata          os_core.o
    0x00005364   0x00005364   0x00000138   Data   RO          692    .constdata          gpio.o
    0x0000549c   0x0000549c   0x0000010c   Data   RO          752    .constdata          interrupt.o
    0x000055a8   0x000055a8   0x0000006c   Data   RO          856    .constdata          sysctl.o
    0x00005614   0x00005614   0x00000040   Data   RO          929    .constdata          uart.o
    0x00005654   0x00005654   0x0000001c   Data   RO         1001    .constdata          uartstdio.o
    0x00005670   0x00005670   0x00000011   Data   RO         1002    .conststring        uartstdio.o
    0x00005681   0x00005681   0x00000003   PAD
    0x00005684   0x00005684   0x00000020   Data   RO         1330    Region$$Table       anon$$obj.o


    Execution Region RW_IRAM1 (Exec base: 0x20000000, Load base: 0x000056a4, Size: 0x00002ad0, Max: 0x00008000, ABSOLUTE, COMPRESSED[0x00000010])

    Exec Addr    Load Addr    Size         Type   Attr      Idx    E Section Name        Object

    0x20000000   COMPRESSED   0x00000004   Data   RW          251    .data               cpu_core.o
    0x20000004   COMPRESSED   0x00000004   Data   RW          337    .data               lib_mem.o
    0x20000008   COMPRESSED   0x0000003c   Data   RW          380    .data               os_core.o
    0x20000044   COMPRESSED   0x00000004   Data   RW          381    .data               os_core.o
    0x20000048   COMPRESSED   0x00000004   Data   RW          382    .data               os_core.o
    0x2000004c   COMPRESSED   0x00000004   Data   RW          503    .data               os_cpu_c.o
    0x20000050   COMPRESSED   0x00000008   Data   RW         1003    .data               uartstdio.o
    0x20000058   COMPRESSED   0x000003a8   PAD
    0x20000400   COMPRESSED   0x0000026c   Data   RW          753    vtable              interrupt.o
    0x2000066c        -       0x00000c00   Zero   RW            2    .bss                app.o
    0x2000126c        -       0x000001c0   Zero   RW          161    .bss                bsp_int.o
    0x2000142c        -       0x00000010   Zero   RW          248    .bss                cpu_core.o
    0x2000143c        -       0x00000448   Zero   RW          336    .bss                lib_mem.o
    0x20001884        -       0x00000d80   Zero   RW          376    .bss                os_core.o
    0x20002604        -       0x00000050   Zero   RW          377    .bss                os_core.o
    0x20002654        -       0x00000078   Zero   RW          378    .bss                os_core.o
    0x200026cc        -       0x00000200   Zero   RW          502    .bss                os_cpu_c.o
    0x200028cc   COMPRESSED   0x00000004   PAD
    0x200028d0        -       0x00000200   Zero   RW          239    STACK               cstartup.o


==============================================================================

Image component sizes


      Code (inc. data)   RO Data    RW Data    ZI Data      Debug   Object Name

       344         62          0          0       3072      17532   app.o
        16          0          0          0          0       9423   app_hooks.o
       168         62          0          0          0       8455   bsp.o
       584          8          0          0        448      14598   bsp_int.o
       204         18          0          0          0       1257   bsp_led.o
        16          6          0          0          0        632   bsp_sys.o
        38          0          0          0          0        656   cpu.o
        52          0          0          0          0        396   cpu_a.o
        88         12          0          0          0       2568   cpu_bsp.o
       892         72          0          0          0       3573   cpu_c.o
       444         12        256          4         16       7005   cpu_core.o
        24          6        512          0        512        780   cstartup.o
      1324         10        312          0          0      12804   gpio.o
       616         26        268        620          0       5156   interrupt.o
       346          0          0          0          0      15322   lib_ascii.o
      2380         38          0          4       1096      25320   lib_mem.o
       544          0          0          0          0        544   lib_mem_a.o
      1448          4        148          0          0      12920   lib_str.o
      2332         92        256         68       3656      19479   os_core.o
       220         36          0          0          0        488   os_cpu_a.o
       616        132          0          4        512      12624   os_cpu_c.o
         2          0          0          0          0        622   os_dbg.o
      1428         40          0          0          0       7786   os_flag.o
       396         18          0          0          0       3456   os_mem.o
      1780         72          0          0          0       9122   os_task.o
       352         28          0          0          0       2018   os_time.o
      1378         80        108          0          0       9747   sysctl.o
       688          4         64          0          0      11190   uart.o
       704         28         45          8          0       4057   uartstdio.o

    ----------------------------------------------------------------------
     19432        866       2006       1644       9316     219530   Object Totals
         0          0         32          0          0          0   (incl. Generated)
         8          0          5        936          4          0   (incl. Padding)

    ----------------------------------------------------------------------

      Code (inc. data)   RO Data    RW Data    ZI Data      Debug   Library Member Name

        58          0          0          0          0          0   __dczerorl.o
         0          0          0          0          0          0   entry.o
         0          0          0          0          0          0   entry10a.o
         0          0          0          0          0          0   entry11a.o
         8          4          0          0          0          0   entry2.o
         4          0          0          0          0          0   entry5.o
         0          0          0          0          0          0   entry7b.o
         0          0          0          0          0          0   entry8b.o
         8          4          0          0          0          0   entry9a.o
        30          0          0          0          0          0   handlers.o
        36          8          0          0          0         68   init.o
        30          0          0          0          0         68   llshl.o
        32          0          0          0          0         68   llushr.o
       390         10          0          0          0        252   printf1.o
        44          0          0          0          0         80   uidiv.o
        98          0          0          0          0         92   uldiv.o

    ----------------------------------------------------------------------
       742         26          0          0          0        628   Library Totals
         4          0          0          0          0          0   (incl. Padding)

    ----------------------------------------------------------------------

      Code (inc. data)   RO Data    RW Data    ZI Data      Debug   Library Name

       738         26          0          0          0        628   mc_w.l

    ----------------------------------------------------------------------
       742         26          0          0          0        628   Library Totals

    ----------------------------------------------------------------------

==============================================================================


      Code (inc. data)   RO Data    RW Data    ZI Data      Debug   

     20174        892       2006       1644       9316     214382   Grand Totals
     20174        892       2006         16       9316     214382   ELF Image Totals (compressed)
     20174        892       2006         16          0          0   ROM Totals

==============================================================================

    Total RO  Size (Code + RO Data)                22180 (  21.66kB)
    Total RW  Size (RW Data + ZI Data)             10960 (  10.70kB)
    Total ROM Size (Code + RO Data + RW Data)      22196 (  21.68kB)

==============================================================================

