Component: ARM Compiler 5.06 update 5 (build 528) Tool: armlink [4d35e2]

==============================================================================

Section Cross References

    freertos_demo.o(i.ConfigureUART) refers to uart.o(i.UARTClockSourceSet) for UARTClockSourceSet
    freertos_demo.o(i.ConfigureUART) refers to uartstdio.o(i.UARTStdioConfig) for UARTStdioConfig
    freertos_demo.o(i.main) refers to freertos_demo.o(i.ConfigureUART) for ConfigureUART
    freertos_demo.o(i.main) refers to uartstdio.o(i.UARTprintf) for UARTprintf
    freertos_demo.o(i.main) refers to queue.o(i.xQueueCreateMutex) for xQueueCreateMutex
    freertos_demo.o(i.main) refers to switch_task.o(i.SwitchTaskInit) for SwitchTaskInit
    freertos_demo.o(i.main) refers to accel_task.o(i.AccelTaskInit) for AccelTaskInit
    freertos_demo.o(i.main) refers to lcd_task.o(i.LCDTaskInit) for LCDTaskInit
    freertos_demo.o(i.main) refers to tasks.o(i.vTaskStartScheduler) for vTaskStartScheduler
    freertos_demo.o(i.main) refers to freertos_demo.o(.data) for .data
    switch_task.o(i.SwitchTask) refers to tasks.o(i.xTaskGetTickCount) for xTaskGetTickCount
    switch_task.o(i.SwitchTask) refers to bsp.o(i.BSP_Button1_Input) for BSP_Button1_Input
    switch_task.o(i.SwitchTask) refers to bsp.o(i.BSP_Button2_Input) for BSP_Button2_Input
    switch_task.o(i.SwitchTask) refers to queue.o(i.xQueueGenericReceive) for xQueueGenericReceive
    switch_task.o(i.SwitchTask) refers to uartstdio.o(i.UARTprintf) for UARTprintf
    switch_task.o(i.SwitchTask) refers to queue.o(i.xQueueGenericSend) for xQueueGenericSend
    switch_task.o(i.SwitchTask) refers to tasks.o(i.vTaskDelayUntil) for vTaskDelayUntil
    switch_task.o(i.SwitchTask) refers to freertos_demo.o(.data) for g_pUARTSemaphore
    switch_task.o(i.SwitchTask) refers to switch_task.o(.data) for .data
    switch_task.o(i.SwitchTaskInit) refers to bsp.o(i.BSP_Button1_Init) for BSP_Button1_Init
    switch_task.o(i.SwitchTaskInit) refers to bsp.o(i.BSP_Button2_Init) for BSP_Button2_Init
    switch_task.o(i.SwitchTaskInit) refers to queue.o(i.xQueueGenericReceive) for xQueueGenericReceive
    switch_task.o(i.SwitchTaskInit) refers to uartstdio.o(i.UARTprintf) for UARTprintf
    switch_task.o(i.SwitchTaskInit) refers to queue.o(i.xQueueGenericSend) for xQueueGenericSend
    switch_task.o(i.SwitchTaskInit) refers to queue.o(i.xQueueGenericCreate) for xQueueGenericCreate
    switch_task.o(i.SwitchTaskInit) refers to tasks.o(i.xTaskCreate) for xTaskCreate
    switch_task.o(i.SwitchTaskInit) refers to freertos_demo.o(.data) for g_pUARTSemaphore
    switch_task.o(i.SwitchTaskInit) refers to switch_task.o(.data) for .data
    switch_task.o(i.SwitchTaskInit) refers to switch_task.o(i.SwitchTask) for SwitchTask
    startup_rvmdk.o(RESET) refers to startup_rvmdk.o(STACK) for StackMem
    startup_rvmdk.o(RESET) refers to port.o(.emb_text) for vPortSVCHandler
    startup_rvmdk.o(RESET) refers to port.o(i.xPortSysTickHandler) for xPortSysTickHandler
    startup_rvmdk.o(RESET) refers to entry.o(.ARM.Collect$$$$00000000) for __main
    lcd_task.o(i.LCDTask) refers to tasks.o(i.xTaskGetTickCount) for xTaskGetTickCount
    lcd_task.o(i.LCDTask) refers to queue.o(i.xQueueGenericReceive) for xQueueGenericReceive
    lcd_task.o(i.LCDTask) refers to uartstdio.o(i.UARTprintf) for UARTprintf
    lcd_task.o(i.LCDTask) refers to queue.o(i.xQueueGenericSend) for xQueueGenericSend
    lcd_task.o(i.LCDTask) refers to bsp.o(i.BSP_LCD_Color565) for BSP_LCD_Color565
    lcd_task.o(i.LCDTask) refers to bsp.o(i.BSP_LCD_FillScreen) for BSP_LCD_FillScreen
    lcd_task.o(i.LCDTask) refers to lcd_task.o(i.drawBubble) for drawBubble
    lcd_task.o(i.LCDTask) refers to lcd_task.o(i.drawText) for drawText
    lcd_task.o(i.LCDTask) refers to tasks.o(i.vTaskDelayUntil) for vTaskDelayUntil
    lcd_task.o(i.LCDTask) refers to accel_task.o(.data) for g_pLCDQueue
    lcd_task.o(i.LCDTask) refers to switch_task.o(.data) for buttonQueue
    lcd_task.o(i.LCDTask) refers to freertos_demo.o(.data) for g_pUARTSemaphore
    lcd_task.o(i.LCDTask) refers to lcd_task.o(.data) for .data
    lcd_task.o(i.LCDTaskInit) refers to bsp.o(i.BSP_LCD_Init) for BSP_LCD_Init
    lcd_task.o(i.LCDTaskInit) refers to bsp.o(i.BSP_LCD_Color565) for BSP_LCD_Color565
    lcd_task.o(i.LCDTaskInit) refers to bsp.o(i.BSP_LCD_FillScreen) for BSP_LCD_FillScreen
    lcd_task.o(i.LCDTaskInit) refers to queue.o(i.xQueueGenericReceive) for xQueueGenericReceive
    lcd_task.o(i.LCDTaskInit) refers to uartstdio.o(i.UARTprintf) for UARTprintf
    lcd_task.o(i.LCDTaskInit) refers to queue.o(i.xQueueGenericSend) for xQueueGenericSend
    lcd_task.o(i.LCDTaskInit) refers to tasks.o(i.xTaskCreate) for xTaskCreate
    lcd_task.o(i.LCDTaskInit) refers to freertos_demo.o(.data) for g_pUARTSemaphore
    lcd_task.o(i.LCDTaskInit) refers to lcd_task.o(i.LCDTask) for LCDTask
    lcd_task.o(i.calcNadir) refers to lcd_task.o(i.map) for map
[...]
    interrupt.o(i.IntPriorityGet) refers to interrupt.o(.constdata) for .constdata
    interrupt.o(i.IntPriorityGroupingGet) refers to interrupt.o(.constdata) for .constdata
    interrupt.o(i.IntPriorityGroupingSet) refers to interrupt.o(.constdata) for .constdata
    interrupt.o(i.IntPriorityMaskGet) refers to cpu.o(.emb_text) for CPUbasepriGet
    interrupt.o(i.IntPriorityMaskSet) refers to cpu.o(.emb_text) for CPUbasepriSet
    interrupt.o(i.IntPrioritySet) refers to interrupt.o(.constdata) for .constdata
    interrupt.o(i.IntRegister) refers to interrupt.o(vtable) for vtable
    interrupt.o(i.IntUnregister) refers to interrupt.o(i._IntDefaultHandler) for _IntDefaultHandler
    interrupt.o(i.IntUnregister) refers to interrupt.o(vtable) for vtable
    atan2.o(i.__hardfp_atan2) refers (Special) to iusefp.o(.text) for __I$use$fp
    atan2.o(i.__hardfp_atan2) refers to dunder.o(i.__mathlib_dbl_infnan2) for __mathlib_dbl_infnan2
    atan2.o(i.__hardfp_atan2) refers to atan.o(i.atan) for atan
    atan2.o(i.__hardfp_atan2) refers to ddiv.o(.text) for __aeabi_ddiv
    atan2.o(i.__hardfp_atan2) refers to fabs.o(i.fabs) for fabs
    atan2.o(i.__hardfp_atan2) refers to dadd.o(.text) for __aeabi_dsub
    atan2.o(i.__hardfp_atan2) refers to qnan.o(.constdata) for __mathlib_zero
    atan2.o(i.__softfp_atan2) refers (Special) to iusefp.o(.text) for __I$use$fp
    atan2.o(i.__softfp_atan2) refers to atan2.o(i.__hardfp_atan2) for __hardfp_atan2
    atan2.o(i.atan2) refers (Special) to iusefp.o(.text) for __I$use$fp
    atan2.o(i.atan2) refers to atan2.o(i.__hardfp_atan2) for __hardfp_atan2
    atan2_x.o(i.____hardfp_atan2$lsc) refers (Special) to iusefp.o(.text) for __I$use$fp
    atan2_x.o(i.____hardfp_atan2$lsc) refers to dunder.o(i.__mathlib_dbl_infnan2) for __mathlib_dbl_infnan2
    atan2_x.o(i.____hardfp_atan2$lsc) refers to atan.o(i.atan) for atan
    atan2_x.o(i.____hardfp_atan2$lsc) refers to errno.o(i.__set_errno) for __set_errno
    atan2_x.o(i.____hardfp_atan2$lsc) refers to ddiv.o(.text) for __aeabi_ddiv
    atan2_x.o(i.____hardfp_atan2$lsc) refers to fabs.o(i.fabs) for fabs
    atan2_x.o(i.____hardfp_atan2$lsc) refers to dadd.o(.text) for __aeabi_dsub
    atan2_x.o(i.____hardfp_atan2$lsc) refers to qnan.o(.constdata) for __mathlib_zero
    atan2_x.o(i.____softfp_atan2$lsc) refers (Special) to iusefp.o(.text) for __I$use$fp
    atan2_x.o(i.____softfp_atan2$lsc) refers to atan2_x.o(i.____hardfp_atan2$lsc) for ____hardfp_atan2$lsc
    atan2_x.o(i.__atan2$lsc) refers (Special) to iusefp.o(.text) for __I$use$fp
    atan2_x.o(i.__atan2$lsc) refers to atan2_x.o(i.____hardfp_atan2$lsc) for ____hardfp_atan2$lsc
    sqrt.o(i.__hardfp_sqrt) refers (Special) to iusefp.o(.text) for __I$use$fp
    sqrt.o(i.__hardfp_sqrt) refers to dsqrt.o(.text) for _dsqrt
    sqrt.o(i.__hardfp_sqrt) refers to errno.o(i.__set_errno) for __set_errno
    sqrt.o(i.__softfp_sqrt) refers (Special) to iusefp.o(.text) for __I$use$fp
    sqrt.o(i.__softfp_sqrt) refers to dsqrt.o(.text) for _dsqrt
    sqrt.o(i.__softfp_sqrt) refers to errno.o(i.__set_errno) for __set_errno
    sqrt.o(i.sqrt) refers (Special) to iusefp.o(.text) for __I$use$fp
    sqrt.o(i.sqrt) refers to dsqrt.o(.text) for _dsqrt
    sqrt.o(i.sqrt) refers to errno.o(i.__set_errno) for __set_errno
    sqrt_x.o(i.____hardfp_sqrt$lsc) refers (Special) to iusefp.o(.text) for __I$use$fp
    sqrt_x.o(i.____hardfp_sqrt$lsc) refers to cdcmple.o(.text) for __aeabi_cdcmple
    sqrt_x.o(i.____hardfp_sqrt$lsc) refers to errno.o(i.__set_errno) for __set_errno
    sqrt_x.o(i.____hardfp_sqrt$lsc) refers to dsqrt.o(.text) for _dsqrt
    sqrt_x.o(i.____softfp_sqrt$lsc) refers (Special) to iusefp.o(.text) for __I$use$fp
    sqrt_x.o(i.____softfp_sqrt$lsc) refers to cdcmple.o(.text) for __aeabi_cdcmple
    sqrt_x.o(i.____softfp_sqrt$lsc) refers to errno.o(i.__set_errno) for __set_errno
    sqrt_x.o(i.____softfp_sqrt$lsc) refers to dsqrt.o(.text) for _dsqrt
    sqrt_x.o(i.__sqrt$lsc) refers (Special) to iusefp.o(.text) for __I$use$fp
    sqrt_x.o(i.__sqrt$lsc) refers to cdcmple.o(.text) for __aeabi_cdcmple
    sqrt_x.o(i.__sqrt$lsc) refers to errno.o(i.__set_errno) for __set_errno
    sqrt_x.o(i.__sqrt$lsc) refers to dsqrt.o(.text) for _dsqrt
    entry.o(.ARM.Collect$$$$00000000) refers (Special) to entry10a.o(.ARM.Collect$$$$0000000D) for __rt_final_cpp
    entry.o(.ARM.Collect$$$$00000000) refers (Special) to entry11a.o(.ARM.Collect$$$$0000000F) for __rt_final_exit
    entry.o(.ARM.Collect$$$$00000000) refers (Special) to entry7b.o(.ARM.Collect$$$$00000008) for _main_clock
    entry.o(.ARM.Collect$$$$00000000) refers (Special) to entry8b.o(.ARM.Collect$$$$0000000A) for _main_cpp_init
    entry.o(.ARM.Collect$$$$00000000) refers (Special) to entry9a.o(.ARM.Collect$$$$0000000B) for _main_init
    entry.o(.ARM.Collect$$$$00000000) refers (Special) to entry5.o(.ARM.Collect$$$$00000004) for _main_scatterload
    entry.o(.ARM.Collect$$$$00000000) refers (Special) to entry2.o(.ARM.Collect$$$$00000001) for _main_stk
    dadd.o(.text) refers (Special) to iusefp.o(.text) for __I$use$fp
    dadd.o(.text) refers to llshl.o(.text) for __aeabi_llsl
    dadd.o(.text) refers to llsshr.o(.text) for __aeabi_lasr
    dadd.o(.text) refers to depilogue.o(.text) for _double_epilogue
    dmul.o(.text) refers (Special) to iusefp.o(.text) for __I$use$fp
    dmul.o(.text) refers to depilogue.o(.text) for _double_epilogue
    ddiv.o(.text) refers (Special) to iusefp.o(.text) for __I$use$fp
    ddiv.o(.text) refers to depilogue.o(.text) for _double_round
    dneg.o(.text) refers (Special) to iusefp.o(.text) for __I$use$fp
    dflti.o(.text) refers (Special) to iusefp.o(.text) for __I$use$fp
    dflti.o(.text) refers to depilogue.o(.text) for _double_epilogue
    ffixul.o(.text) refers (Special) to iusefp.o(.text) for __I$use$fp
    ffixul.o(.text) refers to llshl.o(.text) for __aeabi_llsl
    dfixui.o(.text) refers (Special) to iusefp.o(.text) for __I$use$fp
    dfixui.o(.text) refers to llushr.o(.text) for __aeabi_llsr
    atan.o(i.__hardfp_atan) refers (Special) to iusefp.o(.text) for __I$use$fp
    atan.o(i.__hardfp_atan) refers to dunder.o(i.__mathlib_dbl_infnan) for __mathlib_dbl_infnan
    atan.o(i.__hardfp_atan) refers to fpclassify.o(i.__ARM_fpclassify) for __ARM_fpclassify
    atan.o(i.__hardfp_atan) refers to dunder.o(i.__mathlib_dbl_underflow) for __mathlib_dbl_underflow
    atan.o(i.__hardfp_atan) refers to fabs.o(i.fabs) for fabs
    atan.o(i.__hardfp_atan) refers to dadd.o(.text) for __aeabi_dadd
    atan.o(i.__hardfp_atan) refers to dmul.o(.text) for __aeabi_dmul
    atan.o(i.__hardfp_atan) refers to ddiv.o(.text) for __aeabi_ddiv
    atan.o(i.__hardfp_atan) refers to poly.o(i.__kernel_poly) for __kernel_poly
    atan.o(i.__hardfp_atan) refers to atan.o(.constdata) for .constdata
    atan.o(i.__softfp_atan) refers (Special) to iusefp.o(.text) for __I$use$fp
    atan.o(i.__softfp_atan) refers to atan.o(i.__hardfp_atan) for __hardfp_atan
    atan.o(i.atan) refers (Special) to iusefp.o(.text) for __I$use$fp
    atan.o(i.atan) refers to atan.o(i.__hardfp_atan) for __hardfp_atan
    atan.o(.constdata) refers (Special) to iusefp.o(.text) for __I$use$fp
    atan_x.o(i.____hardfp_atan$lsc) refers (Special) to iusefp.o(.text) for __I$use$fp
    atan_x.o(i.____hardfp_atan$lsc) refers to dunder.o(i.__mathlib_dbl_infnan) for __mathlib_dbl_infnan
    atan_x.o(i.____hardfp_atan$lsc) refers to fabs.o(i.fabs) for fabs
    atan_x.o(i.____hardfp_atan$lsc) refers to dadd.o(.text) for __aeabi_dadd
    atan_x.o(i.____hardfp_atan$lsc) refers to dmul.o(.text) for __aeabi_dmul
    atan_x.o(i.____hardfp_atan$lsc) refers to ddiv.o(.text) for __aeabi_ddiv
    atan_x.o(i.____hardfp_atan$lsc) refers to poly.o(i.__kernel_poly) for __kernel_poly
    atan_x.o(i.____hardfp_atan$lsc) refers to atan_x.o(.constdata) for .constdata
    atan_x.o(i.____softfp_atan$lsc) refers (Special) to iusefp.o(.text) for __I$use$fp
    atan_x.o(i.____softfp_atan$lsc) refers to atan_x.o(i.____hardfp_atan$lsc) for ____hardfp_atan$lsc
    atan_x.o(i.__atan$lsc) refers (Special) to iusefp.o(.text) for __I$use$fp
    atan_x.o(i.__atan$lsc) refers to atan_x.o(i.____hardfp_atan$lsc) for ____hardfp_atan$lsc
    atan_x.o(.constdata) refers (Special) to iusefp.o(.text) for __I$use$fp
    dunder.o(i.__mathlib_dbl_divzero) refers to ddiv.o(.text) for __aeabi_ddiv
    dunder.o(i.__mathlib_dbl_infnan) refers to dadd.o(.text) for __aeabi_dadd
    dunder.o(i.__mathlib_dbl_infnan2) refers to dadd.o(.text) for __aeabi_dadd
    dunder.o(i.__mathlib_dbl_invalid) refers to ddiv.o(.text) for __aeabi_ddiv
    dunder.o(i.__mathlib_dbl_overflow) refers to dmul.o(.text) for __aeabi_dmul
    dunder.o(i.__mathlib_dbl_posinfnan) refers to dmul.o(.text) for __aeabi_dmul
    dunder.o(i.__mathlib_dbl_underflow) refers to dmul.o(.text) for __aeabi_dmul
    fabs.o(i.__hardfp_fabs) refers (Special) to iusefp.o(.text) for __I$use$fp
    fabs.o(i.__softfp_fabs) refers (Special) to iusefp.o(.text) for __I$use$fp
    fabs.o(i.fabs) refers (Special) to iusefp.o(.text) for __I$use$fp
    qnan.o(.constdata) refers (Special) to iusefp.o(.text) for __I$use$fp
    entry2.o(.ARM.Collect$$$$00000001) refers to entry2.o(.ARM.Collect$$$$00002712) for __lit__00000000
    entry2.o(.ARM.Collect$$$$00002712) refers to startup_rvmdk.o(STACK) for __initial_sp
    entry2.o(__vectab_stack_and_reset_area) refers to startup_rvmdk.o(STACK) for __initial_sp
    entry2.o(__vectab_stack_and_reset_area) refers to entry.o(.ARM.Collect$$$$00000000) for __main
    entry5.o(.ARM.Collect$$$$00000004) refers to init.o(.text) for __scatterload
    entry9a.o(.ARM.Collect$$$$0000000B) refers to freertos_demo.o(i.main) for main
    entry9b.o(.ARM.Collect$$$$0000000C) refers to freertos_demo.o(i.main) for main
    errno.o(i.__aeabi_errno_addr) refers to errno.o(.data) for .data
    errno.o(i.__read_errno) refers to errno.o(.data) for .data
    errno.o(i.__set_errno) refers to errno.o(.data) for .data
    depilogue.o(.text) refers to llshl.o(.text) for __aeabi_llsl
    depilogue.o(.text) refers to llushr.o(.text) for __aeabi_llsr
    dsqrt.o(.text) refers to llushr.o(.text) for __aeabi_llsr
    dsqrt.o(.text) refers to depilogue.o(.text) for _double_round
    fpclassify.o(i.__ARM_fpclassify) refers (Special) to iusefp.o(.text) for __I$use$fp
    poly.o(i.__kernel_poly) refers (Special) to iusefp.o(.text) for __I$use$fp
    poly.o(i.__kernel_poly) refers to dmul.o(.text) for __aeabi_dmul
    poly.o(i.__kernel_poly) refers to dadd.o(.text) for __aeabi_dadd
    init.o(.text) refers to entry5.o(.ARM.Collect$$$$00000004) for __main_after_scatterload


==============================================================================

Removing Unused input sections from the image.

    Removing startup_rvmdk.o(HEAP), (0 bytes).
    Removing startup_rvmdk.o(.text), (0 bytes).
    Removing bsp.o(i.BSP_Buzzer_Init), (164 bytes).
    Removing bsp.o(i.BSP_Buzzer_Set), (28 bytes).
    Removing bsp.o(i.BSP_Clock_GetFreq), (12 bytes).
    Removing bsp.o(i.BSP_Clock_InitFastest), (108 bytes).
    Removing bsp.o(i.BSP_Joystick_Init), (252 bytes).
    Removing bsp.o(i.BSP_Joystick_Input), (44 bytes).
    Removing bsp.o(i.BSP_LCD_DrawCharS), (188 bytes).
    Removing bsp.o(i.BSP_LCD_DrawFastHLine), (80 bytes).
    Removing bsp.o(i.BSP_LCD_DrawFastVLine), (80 bytes).
    Removing bsp.o(i.BSP_LCD_Drawaxes), (240 bytes).
    Removing bsp.o(i.BSP_LCD_OutUDec4), (92 bytes).
    Removing bsp.o(i.BSP_LCD_OutUDec5), (92 bytes).
    Removing bsp.o(i.BSP_LCD_OutUFix2_1), (148 bytes).
    Removing bsp.o(i.BSP_LCD_OutUHex2), (128 bytes).
    Removing bsp.o(i.BSP_LCD_PlotIncrement), (40 bytes).
    Removing bsp.o(i.BSP_LCD_PlotPoint), (84 bytes).
    Removing bsp.o(i.BSP_LCD_SwapColor), (16 bytes).
    Removing bsp.o(i.BSP_LightSensor_End), (56 bytes).
    Removing bsp.o(i.BSP_LightSensor_Init), (72 bytes).
    Removing bsp.o(i.BSP_LightSensor_Input), (44 bytes).
    Removing bsp.o(i.BSP_LightSensor_Start), (24 bytes).
    Removing bsp.o(i.BSP_Microphone_Init), (140 bytes).
    Removing bsp.o(i.BSP_Microphone_Input), (28 bytes).
    Removing bsp.o(i.BSP_PeriodicTask_Init), (156 bytes).
    Removing bsp.o(i.BSP_PeriodicTask_InitB), (156 bytes).
    Removing bsp.o(i.BSP_PeriodicTask_InitC), (156 bytes).
    Removing bsp.o(i.BSP_PeriodicTask_Restart), (24 bytes).
    Removing bsp.o(i.BSP_PeriodicTask_Stop), (24 bytes).
    Removing bsp.o(i.BSP_PeriodicTask_StopB), (24 bytes).
    Removing bsp.o(i.BSP_PeriodicTask_StopC), (24 bytes).
    Removing bsp.o(i.BSP_RGB_D_Init), (272 bytes).
    Removing bsp.o(i.BSP_RGB_D_Set), (52 bytes).
    Removing bsp.o(i.BSP_RGB_D_Toggle), (52 bytes).
    Removing bsp.o(i.BSP_RGB_Init), (464 bytes).
    Removing bsp.o(i.BSP_RGB_Set), (64 bytes).
    Removing bsp.o(i.BSP_TempSensor_End), (68 bytes).
    Removing bsp.o(i.BSP_TempSensor_Init), (72 bytes).
    Removing bsp.o(i.BSP_TempSensor_Input), (56 bytes).
    Removing bsp.o(i.BSP_TempSensor_Start), (24 bytes).
    Removing bsp.o(i.BSP_Time_Get), (12 bytes).
    Removing bsp.o(i.BSP_Time_Init), (92 bytes).
    Removing bsp.o(i.I2C_Recv2), (80 bytes).
    Removing bsp.o(i.I2C_Send1), (48 bytes).
    Removing bsp.o(i.I2C_Send3), (96 bytes).
    Removing bsp.o(i.WideTimer3A_Handler), (20 bytes).
    Removing bsp.o(i.WideTimer4A_Handler), (20 bytes).
    Removing bsp.o(i.WideTimer5A_Handler), (20 bytes).
    Removing bsp.o(i.fillmessage4), (68 bytes).
    Removing bsp.o(i.fillmessage5), (88 bytes).
    Removing bsp.o(i.i2cinit), (120 bytes).
    Removing bsp.o(i.lightsensorend), (84 bytes).
    Removing bsp.o(i.lightsensorstart), (38 bytes).
    Removing bsp.o(i.tempsensorend), (62 bytes).
    Removing bsp.o(i.tempsensorstart), (12 bytes).
    Removing tasks.o(i.eTaskGetState), (84 bytes).
    Removing tasks.o(i.pcTaskGetName), (16 bytes).
    Removing tasks.o(i.prvListTasksWithinSingleList), (86 bytes).
    Removing tasks.o(i.prvTaskCheckFreeStackSpace), (20 bytes).
    Removing tasks.o(i.prvTaskIsTaskSuspended), (32 bytes).
    Removing tasks.o(i.ulTaskNotifyTake), (104 bytes).
    Removing tasks.o(i.uxTaskGetNumberOfTasks), (12 bytes).
    Removing tasks.o(i.uxTaskGetStackHighWaterMark), (16 bytes).
    Removing tasks.o(i.uxTaskGetSystemState), (172 bytes).
    Removing tasks.o(i.uxTaskGetTaskNumber), (8 bytes).
    Removing tasks.o(i.uxTaskPriorityGet), (28 bytes).
    Removing tasks.o(i.uxTaskPriorityGetFromISR), (36 bytes).
    Removing tasks.o(i.uxTaskResetEventItemValue), (24 bytes).
    Removing tasks.o(i.vTaskDelay), (48 bytes).
    Removing tasks.o(i.vTaskDelete), (152 bytes).
    Removing tasks.o(i.vTaskEndScheduler), (28 bytes).
    Removing tasks.o(i.vTaskGetInfo), (120 bytes).
    Removing tasks.o(i.vTaskNotifyGiveFromISR), (140 bytes).
    Removing tasks.o(i.vTaskPlaceOnUnorderedEventList), (44 bytes).
    Removing tasks.o(i.vTaskPrioritySet), (180 bytes).
    Removing tasks.o(i.vTaskResume), (108 bytes).
    Removing tasks.o(i.vTaskSetTaskNumber), (8 bytes).
    Removing tasks.o(i.vTaskSuspend), (156 bytes).
    Removing tasks.o(i.xTaskGenericNotify), (164 bytes).
    Removing tasks.o(i.xTaskGenericNotifyFromISR), (192 bytes).
    Removing tasks.o(i.xTaskGetCurrentTaskHandle), (12 bytes).
    Removing tasks.o(i.xTaskGetTickCountFromISR), (12 bytes).
    Removing tasks.o(i.xTaskNotifyStateClear), (48 bytes).
    Removing tasks.o(i.xTaskNotifyWait), (140 bytes).
    Removing tasks.o(i.xTaskRemoveFromUnorderedEventList), (80 bytes).
    Removing tasks.o(i.xTaskResumeFromISR), (116 bytes).
    Removing queue.o(i.pcQueueGetName), (40 bytes).
    Removing queue.o(i.ucQueueGetQueueType), (6 bytes).
    Removing queue.o(i.uxQueueGetQueueNumber), (4 bytes).
    Removing queue.o(i.uxQueueMessagesWaiting), (18 bytes).
    Removing queue.o(i.uxQueueMessagesWaitingFromISR), (4 bytes).
    Removing queue.o(i.uxQueueSpacesAvailable), (22 bytes).
    Removing queue.o(i.vQueueAddToRegistry), (36 bytes).
    Removing queue.o(i.vQueueDelete), (18 bytes).
    Removing queue.o(i.vQueueSetQueueNumber), (4 bytes).
    Removing queue.o(i.vQueueUnregisterQueue), (40 bytes).
    Removing queue.o(i.xQueueGenericSendFromISR), (102 bytes).
    Removing queue.o(i.xQueueGiveFromISR), (86 bytes).
    Removing queue.o(i.xQueueGiveMutexRecursive), (42 bytes).
    Removing queue.o(i.xQueueIsQueueEmptyFromISR), (12 bytes).
    Removing queue.o(i.xQueueIsQueueFullFromISR), (16 bytes).
    Removing queue.o(i.xQueuePeekFromISR), (44 bytes).
    Removing queue.o(i.xQueueReceiveFromISR), (100 bytes).
    Removing queue.o(i.xQueueTakeMutexRecursive), (50 bytes).
    Removing queue.o(.bss), (80 bytes).
    Removing port.o(i.vPortEndScheduler), (2 bytes).
    Removing heap_4.o(i.vPortInitialiseBlocks), (2 bytes).
    Removing heap_4.o(i.xPortGetFreeHeapSize), (12 bytes).
    Removing heap_4.o(i.xPortGetMinimumEverFreeHeapSize), (12 bytes).
    Removing rgb.o(i.RGBBlinkIntHandler), (56 bytes).
    Removing rgb.o(i.RGBBlinkRateSet), (120 bytes).
    Removing rgb.o(i.RGBColorGet), (24 bytes).
    Removing rgb.o(i.RGBColorSet), (144 bytes).
    Removing rgb.o(i.RGBDisable), (92 bytes).
    Removing rgb.o(i.RGBEnable), (172 bytes).
    Removing rgb.o(i.RGBInit), (208 bytes).
    Removing rgb.o(i.RGBIntensitySet), (20 bytes).
    Removing rgb.o(i.RGBSet), (30 bytes).
    Removing rgb.o(.bss), (12 bytes).
    Removing rgb.o(.data), (8 bytes).
    Removing buttons.o(i.ButtonsInit), (100 bytes).
    Removing buttons.o(i.ButtonsPoll), (88 bytes).
    Removing buttons.o(.data), (3 bytes).
    Removing uartstdio.o(i.UARTgetc), (24 bytes).
    Removing uartstdio.o(i.UARTgets), (132 bytes).
    Removing ustdlib.o(i.ucmptime), (82 bytes).
    Removing ustdlib.o(i.ulocaltime), (164 bytes).
    Removing ustdlib.o(i.umktime), (58 bytes).
    Removing ustdlib.o(i.urand), (28 bytes).
    Removing ustdlib.o(i.usnprintf), (18 bytes).
    Removing ustdlib.o(i.usprintf), (22 bytes).
    Removing ustdlib.o(i.usrand), (12 bytes).
    Removing ustdlib.o(i.ustrcasecmp), (8 bytes).
    Removing ustdlib.o(i.ustrcmp), (8 bytes).
    Removing ustdlib.o(i.ustrlen), (16 bytes).
    Removing ustdlib.o(i.ustrncasecmp), (70 bytes).
    Removing ustdlib.o(i.ustrncmp), (46 bytes).
    Removing ustdlib.o(i.ustrncpy), (36 bytes).
    Removing ustdlib.o(i.ustrstr), (42 bytes).
    Removing ustdlib.o(i.ustrtof), (316 bytes).
    Removing ustdlib.o(i.ustrtoul), (158 bytes).
    Removing ustdlib.o(i.uvsnprintf), (592 bytes).
    Removing ustdlib.o(.constdata), (76 bytes).
    Removing ustdlib.o(.conststring), (17 bytes).
    Removing ustdlib.o(.data), (4 bytes).
    Removing sysctl.o(.emb_text), (6 bytes).
    Removing sysctl.o(i.SysCtlAltClkConfig), (12 bytes).
    Removing sysctl.o(i.SysCtlClockFreqSet), (740 bytes).
    Removing sysctl.o(i.SysCtlClockGet), (340 bytes).
    Removing sysctl.o(i.SysCtlClockOutConfig), (20 bytes).
    Removing sysctl.o(i.SysCtlClockSet), (288 bytes).
    Removing sysctl.o(i.SysCtlDeepSleep), (32 bytes).
    Removing sysctl.o(i.SysCtlDeepSleepClockConfigSet), (112 bytes).
    Removing sysctl.o(i.SysCtlDeepSleepClockSet), (12 bytes).
    Removing sysctl.o(i.SysCtlDeepSleepPowerSet), (12 bytes).
    Removing sysctl.o(i.SysCtlFlashSectorSizeGet), (56 bytes).
    Removing sysctl.o(i.SysCtlFlashSizeGet), (56 bytes).
    Removing sysctl.o(i.SysCtlGPIOAHBDisable), (28 bytes).
    Removing sysctl.o(i.SysCtlGPIOAHBEnable), (24 bytes).
    Removing sysctl.o(i.SysCtlIntClear), (12 bytes).
    Removing sysctl.o(i.SysCtlIntDisable), (16 bytes).
    Removing sysctl.o(i.SysCtlIntEnable), (16 bytes).
    Removing sysctl.o(i.SysCtlIntRegister), (20 bytes).
    Removing sysctl.o(i.SysCtlIntStatus), (16 bytes).
    Removing sysctl.o(i.SysCtlIntUnregister), (18 bytes).
    Removing sysctl.o(i.SysCtlLDODeepSleepGet), (12 bytes).
    Removing sysctl.o(i.SysCtlLDODeepSleepSet), (12 bytes).
    Removing sysctl.o(i.SysCtlLDOSleepGet), (12 bytes).
    Removing sysctl.o(i.SysCtlLDOSleepSet), (12 bytes).
    Removing sysctl.o(i.SysCtlMOSCConfigSet), (12 bytes).
    Removing sysctl.o(i.SysCtlNMIClear), (16 bytes).
    Removing sysctl.o(i.SysCtlNMIStatus), (12 bytes).
    Removing sysctl.o(i.SysCtlPIOSCCalibrate), (76 bytes).
    Removing sysctl.o(i.SysCtlPWMClockGet), (24 bytes).
    Removing sysctl.o(i.SysCtlPWMClockSet), (20 bytes).
    Removing sysctl.o(i.SysCtlPeripheralClockGating), (68 bytes).
    Removing sysctl.o(i.SysCtlPeripheralDeepSleepDisable), (40 bytes).
    Removing sysctl.o(i.SysCtlPeripheralDeepSleepEnable), (40 bytes).
    Removing sysctl.o(i.SysCtlPeripheralDisable), (40 bytes).
    Removing sysctl.o(i.SysCtlPeripheralEnable), (40 bytes).
    Removing sysctl.o(i.SysCtlPeripheralPowerOff), (40 bytes).
    Removing sysctl.o(i.SysCtlPeripheralPowerOn), (40 bytes).
    Removing sysctl.o(i.SysCtlPeripheralPresent), (44 bytes).
    Removing sysctl.o(i.SysCtlPeripheralReady), (44 bytes).
    Removing sysctl.o(i.SysCtlPeripheralReset), (60 bytes).
    Removing sysctl.o(i.SysCtlPeripheralSleepDisable), (40 bytes).
    Removing sysctl.o(i.SysCtlPeripheralSleepEnable), (40 bytes).
    Removing sysctl.o(i.SysCtlReset), (16 bytes).
    Removing sysctl.o(i.SysCtlResetBehaviorGet), (12 bytes).
    Removing sysctl.o(i.SysCtlResetBehaviorSet), (12 bytes).
    Removing sysctl.o(i.SysCtlResetCauseClear), (16 bytes).
    Removing sysctl.o(i.SysCtlResetCauseGet), (12 bytes).
    Removing sysctl.o(i.SysCtlSRAMSizeGet), (16 bytes).
    Removing sysctl.o(i.SysCtlSleep), (4 bytes).
    Removing sysctl.o(i.SysCtlSleepPowerSet), (12 bytes).
    Removing sysctl.o(i.SysCtlUSBPLLDisable), (16 bytes).
    Removing sysctl.o(i.SysCtlUSBPLLEnable), (16 bytes).
    Removing sysctl.o(i.SysCtlVCOGet), (120 bytes).
    Removing sysctl.o(i.SysCtlVoltageEventClear), (16 bytes).
    Removing sysctl.o(i.SysCtlVoltageEventConfig), (12 bytes).
    Removing sysctl.o(i.SysCtlVoltageEventStatus), (12 bytes).
    Removing sysctl.o(.constdata), (596 bytes).
    Removing uart.o(i.UART9BitAddrSend), (38 bytes).
    Removing uart.o(i.UART9BitAddrSet), (10 bytes).
    Removing uart.o(i.UART9BitDisable), (14 bytes).
    Removing uart.o(i.UART9BitEnable), (14 bytes).
    Removing uart.o(i.UARTBreakCtl), (18 bytes).
    Removing uart.o(i.UARTBusy), (8 bytes).
    Removing uart.o(i.UARTCharGet), (12 bytes).
    Removing uart.o(i.UARTCharGetNonBlocking), (16 bytes).
    Removing uart.o(i.UARTCharPut), (12 bytes).
    Removing uart.o(i.UARTCharPutNonBlocking), (16 bytes).
    Removing uart.o(i.UARTCharsAvail), (10 bytes).
    Removing uart.o(i.UARTClockSourceGet), (6 bytes).
    Removing uart.o(i.UARTConfigGetExpClk), (46 bytes).
    Removing uart.o(i.UARTConfigSetExpClk), (110 bytes).
    Removing uart.o(i.UARTDMADisable), (10 bytes).
    Removing uart.o(i.UARTDMAEnable), (8 bytes).
    Removing uart.o(i.UARTDisable), (30 bytes).
    Removing uart.o(i.UARTDisableSIR), (10 bytes).
    Removing uart.o(i.UARTEnable), (20 bytes).
    Removing uart.o(i.UARTEnableSIR), (18 bytes).
    Removing uart.o(i.UARTFIFODisable), (10 bytes).
    Removing uart.o(i.UARTFIFOEnable), (10 bytes).
    Removing uart.o(i.UARTFIFOLevelGet), (16 bytes).
    Removing uart.o(i.UARTFIFOLevelSet), (6 bytes).
    Removing uart.o(i.UARTFlowControlGet), (8 bytes).
    Removing uart.o(i.UARTFlowControlSet), (12 bytes).
    Removing uart.o(i.UARTIntClear), (4 bytes).
    Removing uart.o(i.UARTIntDisable), (10 bytes).
    Removing uart.o(i.UARTIntEnable), (8 bytes).
    Removing uart.o(i.UARTIntRegister), (88 bytes).
    Removing uart.o(i.UARTIntStatus), (10 bytes).
    Removing uart.o(i.UARTIntUnregister), (88 bytes).
    Removing uart.o(i.UARTLoopbackEnable), (10 bytes).
    Removing uart.o(i.UARTModemControlClear), (14 bytes).
    Removing uart.o(i.UARTModemControlGet), (8 bytes).
    Removing uart.o(i.UARTModemControlSet), (12 bytes).
    Removing uart.o(i.UARTModemStatusGet), (10 bytes).
    Removing uart.o(i.UARTParityModeGet), (8 bytes).
    Removing uart.o(i.UARTParityModeSet), (12 bytes).
    Removing uart.o(i.UARTRxErrorClear), (6 bytes).
    Removing uart.o(i.UARTRxErrorGet), (8 bytes).
    Removing uart.o(i.UARTSmartCardDisable), (10 bytes).
    Removing uart.o(i.UARTSmartCardEnable), (22 bytes).
    Removing uart.o(i.UARTSpaceAvail), (10 bytes).
    Removing uart.o(i.UARTTxIntModeGet), (8 bytes).
    Removing uart.o(i.UARTTxIntModeSet), (12 bytes).
    Removing uart.o(.constdata), (128 bytes).
    Removing cpu.o(.emb_text), (38 bytes).
    Removing interrupt.o(i.IntDisable), (100 bytes).
    Removing interrupt.o(i.IntEnable), (100 bytes).
    Removing interrupt.o(i.IntIsEnabled), (96 bytes).
    Removing interrupt.o(i.IntMasterDisable), (14 bytes).
    Removing interrupt.o(i.IntMasterEnable), (14 bytes).
    Removing interrupt.o(i.IntPendClear), (68 bytes).
    Removing interrupt.o(i.IntPendSet), (84 bytes).
    Removing interrupt.o(i.IntPriorityGet), (28 bytes).
    Removing interrupt.o(i.IntPriorityGroupingGet), (36 bytes).
    Removing interrupt.o(i.IntPriorityGroupingSet), (28 bytes).
    Removing interrupt.o(i.IntPriorityMaskGet), (4 bytes).
    Removing interrupt.o(i.IntPriorityMaskSet), (4 bytes).
    Removing interrupt.o(i.IntPrioritySet), (40 bytes).
    Removing interrupt.o(i.IntRegister), (52 bytes).
    Removing interrupt.o(i.IntTrigger), (12 bytes).
    Removing interrupt.o(i.IntUnregister), (20 bytes).
    Removing interrupt.o(i._IntDefaultHandler), (2 bytes).
    Removing interrupt.o(.constdata), (268 bytes).
    Removing interrupt.o(vtable), (620 bytes).
    Removing dneg.o(.text), (6 bytes).
    Removing ffixul.o(.text), (44 bytes).
    Removing cdcmple.o(.text), (48 bytes).

273 unused section(s) (total 17020 bytes) removed from the image.

==============================================================================

Image Symbol Table

    Local Symbols

    Symbol Name                              Value     Ov Type        Size  Object(Section)

    RESET                                    0x00000000   Section      648  startup_rvmdk.o(RESET)
    ../clib/microlib/errno.c                 0x00000000   Number         0  errno.o ABSOLUTE
    ../clib/microlib/init/entry.s            0x00000000   Number         0  entry2.o ABSOLUTE
    ../clib/microlib/init/entry.s            0x00000000   Number         0  entry10a.o ABSOLUTE
    ../clib/microlib/init/entry.s            0x00000000   Number         0  entry.o ABSOLUTE
    ../clib/microlib/init/entry.s            0x00000000   Number         0  entry5.o ABSOLUTE
    ../clib/microlib/init/entry.s            0x00000000   Number         0  entry7a.o ABSOLUTE
    ../clib/microlib/init/entry.s            0x00000000   Number         0  entry7b.o ABSOLUTE
    ../clib/microlib/init/entry.s            0x00000000   Number         0  entry8b.o ABSOLUTE
    ../clib/microlib/init/entry.s            0x00000000   Number         0  entry9a.o ABSOLUTE
    ../clib/microlib/init/entry.s            0x00000000   Number         0  entry9b.o ABSOLUTE
    ../clib/microlib/init/entry.s            0x00000000   Number         0  entry10b.o ABSOLUTE
    ../clib/microlib/init/entry.s            0x00000000   Number         0  entry11a.o ABSOLUTE
    ../clib/microlib/init/entry.s            0x00000000   Number         0  entry8a.o ABSOLUTE
    ../clib/microlib/init/entry.s            0x00000000   Number         0  entry11b.o ABSOLUTE
    ../clib/microlib/longlong.c              0x00000000   Number         0  llsshr.o ABSOLUTE
    ../clib/microlib/longlong.c              0x00000000   Number         0  llshl.o ABSOLUTE
    ../clib/microlib/longlong.c              0x00000000   Number         0  llushr.o ABSOLUTE
    ../clib/microlib/string/memcpy.c         0x00000000   Number         0  memcpyb.o ABSOLUTE
    ../clib/microlib/string/memcpy.c         0x00000000   Number         0  memcpya.o ABSOLUTE
    ../clib/microlib/string/memset.c         0x00000000   Number         0  memseta.o ABSOLUTE
    ../clib/microlib/stubs.s                 0x00000000   Number         0  iusefp.o ABSOLUTE
    ../fplib/microlib/fpadd.c                0x00000000   Number         0  dadd.o ABSOLUTE
    ../fplib/microlib/fpdiv.c                0x00000000   Number         0  ddiv.o ABSOLUTE
    ../fplib/microlib/fpepilogue.c           0x00000000   Number         0  depilogue.o ABSOLUTE
    ../fplib/microlib/fpfix.c                0x00000000   Number         0  dfixui.o ABSOLUTE
    ../fplib/microlib/fpfix.c                0x00000000   Number         0  ffixul.o ABSOLUTE
    ../fplib/microlib/fpflt.c                0x00000000   Number         0  dflti.o ABSOLUTE
    ../fplib/microlib/fpmul.c                0x00000000   Number         0  dmul.o ABSOLUTE
    ../fplib/microlib/fpneg.c                0x00000000   Number         0  dneg.o ABSOLUTE
    ../fplib/microlib/fpsqrt.c               0x00000000   Number         0  dsqrt.o ABSOLUTE
    ../mathlib/atan.c                        0x00000000   Number         0  atan_x.o ABSOLUTE
    ../mathlib/atan.c                        0x00000000   Number         0  atan.o ABSOLUTE
    ../mathlib/atan2.c                       0x00000000   Number         0  atan2.o ABSOLUTE
    ../mathlib/atan2.c                       0x00000000   Number         0  atan2_x.o ABSOLUTE
    ../mathlib/dunder.c                      0x00000000   Number         0  dunder.o ABSOLUTE
    ../mathlib/fabs.c                        0x00000000   Number         0  fabs.o ABSOLUTE
    ../mathlib/fpclassify.c                  0x00000000   Number         0  fpclassify.o ABSOLUTE
    ../mathlib/poly.c                        0x00000000   Number         0  poly.o ABSOLUTE
    ../mathlib/qnan.c                        0x00000000   Number         0  qnan.o ABSOLUTE
    ../mathlib/sqrt.c                        0x00000000   Number         0  sqrt.o ABSOLUTE
    ../mathlib/sqrt.c                        0x00000000   Number         0  sqrt_x.o ABSOLUTE
    ..\FreeRTOS\Source\list.c                0x00000000   Number         0  list.o ABSOLUTE
    ..\FreeRTOS\Source\portable\MemMang\heap_4.c 0x00000000   Number         0  heap_4.o ABSOLUTE
    ..\FreeRTOS\Source\portable\RVDS\ARM_CM4F\port.c 0x00000000   Number         0  port.o ABSOLUTE
    ..\FreeRTOS\Source\queue.c               0x00000000   Number         0  queue.o ABSOLUTE
    ..\FreeRTOS\Source\tasks.c               0x00000000   Number         0  tasks.o ABSOLUTE
    ..\TI\examples\boards\ek-tm4c123gxl\drivers\buttons.c 0x00000000   Number         0  buttons.o ABSOLUTE
    ..\TI\examples\boards\ek-tm4c123gxl\drivers\rgb.c 0x00000000   Number         0  rgb.o ABSOLUTE
    ..\TI\utils\uartstdio.c                  0x00000000   Number         0  uartstdio.o ABSOLUTE
    ..\TI\utils\ustdlib.c                    0x00000000   Number         0  ustdlib.o ABSOLUTE
    ..\\FreeRTOS\\Source\\portable\\RVDS\\ARM_CM4F\\port.c 0x00000000   Number         0  port.o ABSOLUTE
    BSP.c                                    0x00000000   Number         0  bsp.o ABSOLUTE
    BSP.c                                    0x00000000   Number         0  bsp.o ABSOLUTE
    accel_task.c                             0x00000000   Number         0  accel_task.o ABSOLUTE
    cdcmple.s                                0x00000000   Number         0  cdcmple.o ABSOLUTE
    cpu.c                                    0x00000000   Number         0  cpu.o ABSOLUTE
    cpu.c                                    0x00000000   Number         0  cpu.o ABSOLUTE
    dc.s                                     0x00000000   Number         0  dc.o ABSOLUTE
    freertos_demo.c                          0x00000000   Number         0  freertos_demo.o ABSOLUTE
    handlers.s                               0x00000000   Number         0  handlers.o ABSOLUTE
    init.s                                   0x00000000   Number         0  init.o ABSOLUTE
    interrupt.c                              0x00000000   Number         0  interrupt.o ABSOLUTE
    lcd_task.c                               0x00000000   Number         0  lcd_task.o ABSOLUTE
    startup_rvmdk.S                          0x00000000   Number         0  startup_rvmdk.o ABSOLUTE
    switch_task.c                            0x00000000   Number         0  switch_task.o ABSOLUTE
    sysctl.c                                 0x00000000   Number         0  sysctl.o ABSOLUTE
    sysctl.c                                 0x00000000   Number         0  sysctl.o ABSOLUTE
    uart.c                                   0x00000000   Number         0  uart.o ABSOLUTE
    $v0                                      0x0000026c   Number         0  startup_rvmdk.o(RESET)
    NmiSR                                    0x00000281   Thumb Code     0  startup_rvmdk.o(RESET)
    FaultISR                                 0x00000283   Thumb Code     0  startup_rvmdk.o(RESET)
    IntDefaultHandler                        0x00000285   Thumb Code     0  startup_rvmdk.o(RESET)
    .ARM.Collect$$$$00000000                 0x00000288   Section        0  entry.o(.ARM.Collect$$$$00000000)
    .ARM.Collect$$$$00000001                 0x00000288   Section        4  entry2.o(.ARM.Collect$$$$00000001)
    .ARM.Collect$$$$00000004                 0x0000028c   Section        4  entry5.o(.ARM.Collect$$$$00000004)
    .ARM.Collect$$$$00000008                 0x00000290   Section        0  entry7b.o(.ARM.Collect$$$$00000008)
    .ARM.Collect$$$$0000000A                 0x00000290   Section        0  entry8b.o(.ARM.Collect$$$$0000000A)
    .ARM.Collect$$$$0000000B                 0x00000290   Section        8  entry9a.o(.ARM.Collect$$$$0000000B)
    .ARM.Collect$$$$0000000D                 0x00000298   Section        0  entry10a.o(.ARM.Collect$$$$0000000D)
    .ARM.Collect$$$$0000000F                 0x00000298   Section        0  entry11a.o(.ARM.Collect$$$$0000000F)
    .ARM.Collect$$$$00002712                 0x00000298   Section        4  entry2.o(.ARM.Collect$$$$00002712)
    __lit__00000000                          0x00000298   Data           4  entry2.o(.ARM.Collect$$$$00002712)
    .emb_text                                0x0000029c   Section        6  bsp.o(.emb_text)
    $v0                                      0x0000029c   Number         0  bsp.o(.emb_text)
    .emb_text                                0x000002a4   Section      182  port.o(.emb_text)
    $v0                                      0x000002a4   Number         0  port.o(.emb_text)
    .text                                    0x0000035a   Section        0  memcpya.o(.text)
    .text                                    0x0000037e   Section        0  memseta.o(.text)
    .text                                    0x000003a2   Section        0  dadd.o(.text)
    .text                                    0x000004f0   Section        0  dmul.o(.text)
    .text                                    0x000005d4   Section        0  ddiv.o(.text)
    .text                                    0x000006b2   Section        0  dflti.o(.text)
    .text                                    0x000006d4   Section        0  dfixui.o(.text)
    .text                                    0x00000706   Section        0  llshl.o(.text)
    .text                                    0x00000724   Section        0  llushr.o(.text)
    .text                                    0x00000744   Section        0  llsshr.o(.text)
    .text                                    0x00000768   Section        0  iusefp.o(.text)
    .text                                    0x00000768   Section        0  depilogue.o(.text)
    .text                                    0x00000822   Section        0  dsqrt.o(.text)
    .text                                    0x000008c4   Section       36  init.o(.text)
    i.AccelTask                              0x000008e8   Section        0  accel_task.o(i.AccelTask)
    AccelTask                                0x000008e9   Thumb Code    60  accel_task.o(i.AccelTask)
    i.AccelTaskInit                          0x00000950   Section        0  accel_task.o(i.AccelTaskInit)
    i.BSP_Accelerometer_Init                 0x000009d4   Section        0  bsp.o(i.BSP_Accelerometer_Init)
    i.BSP_Accelerometer_Input                0x00000a64   Section        0  bsp.o(i.BSP_Accelerometer_Input)
    i.BSP_Button1_Init                       0x00000a90   Section        0  bsp.o(i.BSP_Button1_Init)
    i.BSP_Button1_Input                      0x00000af8   Section        0  bsp.o(i.BSP_Button1_Input)
    i.BSP_Button2_Init                       0x00000b08   Section        0  bsp.o(i.BSP_Button2_Init)
    i.BSP_Button2_Input                      0x00000b80   Section        0  bsp.o(i.BSP_Button2_Input)
    i.BSP_Delay1ms                           0x00000b90   Section        0  bsp.o(i.BSP_Delay1ms)
    i.BSP_LCD_Color565                       0x00000ba8   Section        0  bsp.o(i.BSP_LCD_Color565)
    i.BSP_LCD_DrawBitmap                     0x00000bbc   Section        0  bsp.o(i.BSP_LCD_DrawBitmap)
    i.BSP_LCD_DrawChar                       0x00000ca0   Section        0  bsp.o(i.BSP_LCD_DrawChar)
    i.BSP_LCD_DrawPixel                      0x00000d60   Section        0  bsp.o(i.BSP_LCD_DrawPixel)
    i.BSP_LCD_DrawString                     0x00000d9c   Section        0  bsp.o(i.BSP_LCD_DrawString)
    i.BSP_LCD_FillRect                       0x00000df0   Section        0  bsp.o(i.BSP_LCD_FillRect)
    i.BSP_LCD_FillScreen                     0x00000e68   Section        0  bsp.o(i.BSP_LCD_FillScreen)
    i.BSP_LCD_Init                           0x00000e84   Section        0  bsp.o(i.BSP_LCD_Init)
    i.BSP_LCD_OutUDec                        0x00000e8c   Section        0  bsp.o(i.BSP_LCD_OutUDec)
    i.BSP_LCD_SetCursor                      0x00000eec   Section        0  bsp.o(i.BSP_LCD_SetCursor)
    i.ConfigureUART                          0x00000f00   Section        0  freertos_demo.o(i.ConfigureUART)
    i.LCDTask                                0x00000f5c   Section        0  lcd_task.o(i.LCDTask)
    LCDTask                                  0x00000f5d   Thumb Code   304  lcd_task.o(i.LCDTask)
    i.LCDTaskInit                            0x000010c4   Section        0  lcd_task.o(i.LCDTaskInit)
    i.ST7735_InitR                           0x00001138   Section        0  bsp.o(i.ST7735_InitR)
    ST7735_InitR                             0x00001139   Thumb Code    92  bsp.o(i.ST7735_InitR)
    i.SwitchTask                             0x0000119c   Section        0  switch_task.o(i.SwitchTask)
    SwitchTask                               0x0000119d   Thumb Code   156  switch_task.o(i.SwitchTask)
    i.SwitchTaskInit                         0x000012a4   Section        0  switch_task.o(i.SwitchTaskInit)
    i.UARTClockSourceSet                     0x00001328   Section        0  uart.o(i.UARTClockSourceSet)
    i.UARTStdioConfig                        0x00001330   Section        0  uartstdio.o(i.UARTStdioConfig)
    i.UARTprintf                             0x0000138c   Section        0  uartstdio.o(i.UARTprintf)
    i.UARTvprintf                            0x000013a0   Section        0  uartstdio.o(i.UARTvprintf)
    i.UARTwrite                              0x00001554   Section        0  uartstdio.o(i.UARTwrite)
    i.__ARM_fpclassify                       0x00001590   Section        0  fpclassify.o(i.__ARM_fpclassify)
    i.__hardfp_atan                          0x000015c0   Section        0  atan.o(i.__hardfp_atan)
    i.__hardfp_atan2                         0x00001898   Section        0  atan2.o(i.__hardfp_atan2)
    i.__hardfp_sqrt                          0x00001a88   Section        0  sqrt.o(i.__hardfp_sqrt)
    i.__kernel_poly                          0x00001b02   Section        0  poly.o(i.__kernel_poly)
    i.__mathlib_dbl_infnan                   0x00001bfa   Section        0  dunder.o(i.__mathlib_dbl_infnan)
    i.__mathlib_dbl_infnan2                  0x00001c0e   Section        0  dunder.o(i.__mathlib_dbl_infnan2)
    i.__mathlib_dbl_underflow                0x00001c28   Section        0  dunder.o(i.__mathlib_dbl_underflow)
    i.__scatterload_copy                     0x00001c48   Section       14  handlers.o(i.__scatterload_copy)
    i.__scatterload_null                     0x00001c56   Section        2  handlers.o(i.__scatterload_null)
    i.__scatterload_zeroinit                 0x00001c58   Section       14  handlers.o(i.__scatterload_zeroinit)
    i.__set_errno                            0x00001c68   Section        0  errno.o(i.__set_errno)
    i.adcinit                                0x00001c74   Section        0  bsp.o(i.adcinit)
    adcinit                                  0x00001c75   Thumb Code    46  bsp.o(i.adcinit)
    i.atan                                   0x00001cb4   Section        0  atan.o(i.atan)
    i.calcNadir                              0x00001cc4   Section        0  lcd_task.o(i.calcNadir)
    i.commandList                            0x00001dec   Section        0  bsp.o(i.commandList)
    commandList                              0x00001ded   Thumb Code    74  bsp.o(i.commandList)
    i.commonInit                             0x00001e38   Section        0  bsp.o(i.commonInit)
    commonInit                               0x00001e39   Thumb Code   376  bsp.o(i.commonInit)
    i.drawBubble                             0x00001fec   Section        0  lcd_task.o(i.drawBubble)
    i.drawText                               0x0000209c   Section        0  lcd_task.o(i.drawText)
    i.fabs                                   0x000022b4   Section        0  fabs.o(i.fabs)
    i.fillmessage                            0x000022cc   Section        0  bsp.o(i.fillmessage)
    fillmessage                              0x000022cd   Thumb Code    46  bsp.o(i.fillmessage)
    i.main                                   0x00002304   Section        0  freertos_demo.o(i.main)
    i.map                                    0x00002404   Section        0  lcd_task.o(i.map)
    i.prvAddCurrentTaskToDelayedList         0x00002418   Section        0  tasks.o(i.prvAddCurrentTaskToDelayedList)
    prvAddCurrentTaskToDelayedList           0x00002419   Thumb Code   102  tasks.o(i.prvAddCurrentTaskToDelayedList)
    i.prvAddNewTaskToReadyList               0x00002488   Section        0  tasks.o(i.prvAddNewTaskToReadyList)
    prvAddNewTaskToReadyList                 0x00002489   Thumb Code   192  tasks.o(i.prvAddNewTaskToReadyList)
    i.prvCheckTasksWaitingTermination        0x00002558   Section        0  tasks.o(i.prvCheckTasksWaitingTermination)
    prvCheckTasksWaitingTermination          0x00002559   Thumb Code    74  tasks.o(i.prvCheckTasksWaitingTermination)
    i.prvCopyDataFromQueue                   0x000025ac   Section        0  queue.o(i.prvCopyDataFromQueue)
    prvCopyDataFromQueue                     0x000025ad   Thumb Code    38  queue.o(i.prvCopyDataFromQueue)
    i.prvCopyDataToQueue                     0x000025d2   Section        0  queue.o(i.prvCopyDataToQueue)
    prvCopyDataToQueue                       0x000025d3   Thumb Code   108  queue.o(i.prvCopyDataToQueue)
    i.prvDeleteTCB                           0x0000263e   Section        0  tasks.o(i.prvDeleteTCB)
    prvDeleteTCB                             0x0000263f   Thumb Code    20  tasks.o(i.prvDeleteTCB)
    i.prvHeapInit                            0x00002654   Section        0  heap_4.o(i.prvHeapInit)
    prvHeapInit                              0x00002655   Thumb Code    64  heap_4.o(i.prvHeapInit)
    i.prvIdleTask                            0x0000269c   Section        0  tasks.o(i.prvIdleTask)
    prvIdleTask                              0x0000269d   Thumb Code     6  tasks.o(i.prvIdleTask)
    i.prvInitialiseNewTask                   0x000026a2   Section        0  tasks.o(i.prvInitialiseNewTask)
    prvInitialiseNewTask                     0x000026a3   Thumb Code   138  tasks.o(i.prvInitialiseNewTask)
    i.prvInsertBlockIntoFreeList             0x0000272c   Section        0  heap_4.o(i.prvInsertBlockIntoFreeList)
    prvInsertBlockIntoFreeList               0x0000272d   Thumb Code    72  heap_4.o(i.prvInsertBlockIntoFreeList)
    i.prvIsQueueEmpty                        0x00002778   Section        0  queue.o(i.prvIsQueueEmpty)
    prvIsQueueEmpty                          0x00002779   Thumb Code    26  queue.o(i.prvIsQueueEmpty)
    i.prvResetNextTaskUnblockTime            0x00002794   Section        0  tasks.o(i.prvResetNextTaskUnblockTime)
    prvResetNextTaskUnblockTime              0x00002795   Thumb Code    26  tasks.o(i.prvResetNextTaskUnblockTime)
    i.prvTaskExitError                       0x000027b4   Section        0  port.o(i.prvTaskExitError)
    prvTaskExitError                         0x000027b5   Thumb Code    16  port.o(i.prvTaskExitError)
    i.prvUnlockQueue                         0x000027c4   Section        0  queue.o(i.prvUnlockQueue)
    prvUnlockQueue                           0x000027c5   Thumb Code   106  queue.o(i.prvUnlockQueue)
    i.pushColor                              0x0000282e   Section        0  bsp.o(i.pushColor)
    pushColor                                0x0000282f   Thumb Code    20  bsp.o(i.pushColor)
    i.pvPortMalloc                           0x00002844   Section        0  heap_4.o(i.pvPortMalloc)
    i.pvTaskIncrementMutexHeldCount          0x000028dc   Section        0  tasks.o(i.pvTaskIncrementMutexHeldCount)
    i.pxPortInitialiseStack                  0x000028f4   Section        0  port.o(i.pxPortInitialiseStack)
    i.setAddrWindow                          0x00002920   Section        0  bsp.o(i.setAddrWindow)
    setAddrWindow                            0x00002921   Thumb Code   102  bsp.o(i.setAddrWindow)
    i.uxListRemove                           0x0000298c   Section        0  list.o(i.uxListRemove)
    i.vApplicationStackOverflowHook          0x000029b0   Section        0  freertos_demo.o(i.vApplicationStackOverflowHook)
    i.vListInitialise                        0x000029b2   Section        0  list.o(i.vListInitialise)
    i.vListInitialiseItem                    0x000029c8   Section        0  list.o(i.vListInitialiseItem)
    i.vListInsert                            0x000029ce   Section        0  list.o(i.vListInsert)
    i.vListInsertEnd                         0x000029fe   Section        0  list.o(i.vListInsertEnd)
    i.vPortEnterCritical                     0x00002a18   Section        0  port.o(i.vPortEnterCritical)
    i.vPortExitCritical                      0x00002a34   Section        0  port.o(i.vPortExitCritical)
    i.vPortFree                              0x00002a48   Section        0  heap_4.o(i.vPortFree)
    i.vPortSetupTimerInterrupt               0x00002a88   Section        0  port.o(i.vPortSetupTimerInterrupt)
    i.vTaskDelayUntil                        0x00002a98   Section        0  tasks.o(i.vTaskDelayUntil)
    i.vTaskMissedYield                       0x00002af0   Section        0  tasks.o(i.vTaskMissedYield)
    i.vTaskPlaceOnEventList                  0x00002afc   Section        0  tasks.o(i.vTaskPlaceOnEventList)
    i.vTaskPriorityInherit                   0x00002b20   Section        0  tasks.o(i.vTaskPriorityInherit)
    i.vTaskSetTimeOutState                   0x00002ba4   Section        0  tasks.o(i.vTaskSetTimeOutState)
    i.vTaskStartScheduler                    0x00002bb4   Section        0  tasks.o(i.vTaskStartScheduler)
    i.vTaskSuspendAll                        0x00002c08   Section        0  tasks.o(i.vTaskSuspendAll)
    i.vTaskSwitchContext                     0x00002c18   Section        0  tasks.o(i.vTaskSwitchContext)
    i.writecommand                           0x00002c88   Section        0  bsp.o(i.writecommand)
    writecommand                             0x00002c89   Thumb Code    40  bsp.o(i.writecommand)
    i.writedata                              0x00002cb8   Section        0  bsp.o(i.writedata)
    writedata                                0x00002cb9   Thumb Code    40  bsp.o(i.writedata)
    i.xPortStartScheduler                    0x00002ce8   Section        0  port.o(i.xPortStartScheduler)
    i.xPortSysTickHandler                    0x00002d28   Section        0  port.o(i.xPortSysTickHandler)
    i.xQueueCreateMutex                      0x00002d54   Section        0  queue.o(i.xQueueCreateMutex)
    i.xQueueGenericCreate                    0x00002d78   Section        0  queue.o(i.xQueueGenericCreate)
    i.xQueueGenericReceive                   0x00002db8   Section        0  queue.o(i.xQueueGenericReceive)
    i.xQueueGenericReset                     0x00002edc   Section        0  queue.o(i.xQueueGenericReset)
    i.xQueueGenericSend                      0x00002f50   Section        0  queue.o(i.xQueueGenericSend)
    i.xTaskCheckForTimeOut                   0x00003050   Section        0  tasks.o(i.xTaskCheckForTimeOut)
    i.xTaskCreate                            0x00003098   Section        0  tasks.o(i.xTaskCreate)
    i.xTaskGetTickCount                      0x000030f0   Section        0  tasks.o(i.xTaskGetTickCount)
    i.xTaskIncrementTick                     0x000030fc   Section        0  tasks.o(i.xTaskIncrementTick)
    i.xTaskPriorityDisinherit                0x000031b0   Section        0  tasks.o(i.xTaskPriorityDisinherit)
    i.xTaskRemoveFromEventList               0x00003220   Section        0  tasks.o(i.xTaskRemoveFromEventList)
    i.xTaskResumeAll                         0x00003284   Section        0  tasks.o(i.xTaskResumeAll)
    .constdata                               0x00003334   Section      450  lcd_task.o(.constdata)
    .constdata                               0x000034f6   Section     1403  bsp.o(.constdata)
    Font                                     0x000034f6   Data        1275  bsp.o(.constdata)
    Rcmd1                                    0x000039f1   Data          59  bsp.o(.constdata)
    Rcmd2green                               0x00003a2c   Data          13  bsp.o(.constdata)
    Rcmd2red                                 0x00003a39   Data          13  bsp.o(.constdata)
    Rcmd3                                    0x00003a46   Data          43  bsp.o(.constdata)
    .constdata                               0x00003a74   Section       28  uartstdio.o(.constdata)
    g_pcHex                                  0x00003a74   Data           4  uartstdio.o(.constdata)
    g_ui32UARTBase                           0x00003a78   Data          12  uartstdio.o(.constdata)
    g_ui32UARTPeriph                         0x00003a84   Data          12  uartstdio.o(.constdata)
    .constdata                               0x00003a90   Section      152  atan.o(.constdata)
    atanhi                                   0x00003a90   Data          32  atan.o(.constdata)
    atanlo                                   0x00003ab0   Data          32  atan.o(.constdata)
    aTodd                                    0x00003ad0   Data          40  atan.o(.constdata)
    aTeven                                   0x00003af8   Data          48  atan.o(.constdata)
    .constdata                               0x00003b28   Section        8  qnan.o(.constdata)
    .conststring                             0x00003b30   Section       17  uartstdio.o(.conststring)
    .data                                    0x20000000   Section        4  freertos_demo.o(.data)
    .data                                    0x20000004   Section        4  switch_task.o(.data)
    .data                                    0x20000008   Section       18  lcd_task.o(.data)
    mode                                     0x20000008   Data           1  lcd_task.o(.data)
    hold                                     0x20000009   Data           1  lcd_task.o(.data)
    lastX                                    0x2000000c   Data           4  lcd_task.o(.data)
    lastY                                    0x20000010   Data           4  lcd_task.o(.data)
    .data                                    0x2000001c   Section       64  bsp.o(.data)
    ColStart                                 0x2000001c   Data           1  bsp.o(.data)
    RowStart                                 0x2000001d   Data           1  bsp.o(.data)
    _width                                   0x20000020   Data           2  bsp.o(.data)
    _height                                  0x20000022   Data           2  bsp.o(.data)
    PWMCycles                                0x20000024   Data           2  bsp.o(.data)
    ClockFrequency                           0x20000028   Data           4  bsp.o(.data)
    .data                                    0x2000005c   Section        4  accel_task.o(.data)
    .data                                    0x20000060   Section       60  tasks.o(.data)
    uxDeletedTasksWaitingCleanUp             0x20000064   Data           4  tasks.o(.data)
    uxCurrentNumberOfTasks                   0x20000068   Data           4  tasks.o(.data)
    xTickCount                               0x2000006c   Data           4  tasks.o(.data)
    uxTopReadyPriority                       0x20000070   Data           4  tasks.o(.data)
    xSchedulerRunning                        0x20000074   Data           4  tasks.o(.data)
    uxPendedTicks                            0x20000078   Data           4  tasks.o(.data)
    xYieldPending                            0x2000007c   Data           4  tasks.o(.data)
    xNumOfOverflows                          0x20000080   Data           4  tasks.o(.data)
    uxTaskNumber                             0x20000084   Data           4  tasks.o(.data)
    xNextTaskUnblockTime                     0x20000088   Data           4  tasks.o(.data)
    xIdleTaskHandle                          0x2000008c   Data           4  tasks.o(.data)
    uxSchedulerSuspended                     0x20000090   Data           4  tasks.o(.data)
    pxDelayedTaskList                        0x20000094   Data           4  tasks.o(.data)
    pxOverflowDelayedTaskList                0x20000098   Data           4  tasks.o(.data)
    .data                                    0x2000009c   Section        4  port.o(.data)
    uxCriticalNesting                        0x2000009c   Data           4  port.o(.data)
    .data                                    0x200000a0   Section       24  heap_4.o(.data)
    pxEnd                                    0x200000a0   Data           4  heap_4.o(.data)
    xFreeBytesRemaining                      0x200000a4   Data           4  heap_4.o(.data)
    xMinimumEverFreeBytesRemaining           0x200000a8   Data           4  heap_4.o(.data)
    xBlockAllocatedBit                       0x200000ac   Data           4  heap_4.o(.data)
    xStart                                   0x200000b0   Data           8  heap_4.o(.data)
    .data                                    0x200000b8   Section        8  uartstdio.o(.data)
    bLastWasCR                               0x200000b8   Data           1  uartstdio.o(.data)
    g_ui32Base                               0x200000bc   Data           4  uartstdio.o(.data)
    .data                                    0x200000c0   Section        4  errno.o(.data)
    _errno                                   0x200000c0   Data           4  errno.o(.data)
    .bss                                     0x200000c4   Section       12  bsp.o(.bss)
    .bss                                     0x200000d0   Section      420  tasks.o(.bss)
    pxReadyTasksLists                        0x200000d0   Data         320  tasks.o(.bss)
    xDelayedTaskList1                        0x20000210   Data          20  tasks.o(.bss)
    xDelayedTaskList2                        0x20000224   Data          20  tasks.o(.bss)
    xPendingReadyList                        0x20000238   Data          20  tasks.o(.bss)
    xTasksWaitingTermination                 0x2000024c   Data          20  tasks.o(.bss)
    xSuspendedTaskList                       0x20000260   Data          20  tasks.o(.bss)
    .bss                                     0x20000274   Section    30000  heap_4.o(.bss)
    ucHeap                                   0x20000274   Data       30000  heap_4.o(.bss)
    STACK                                    0x200077a8   Section      512  startup_rvmdk.o(STACK)
    StackMem                                 0x200077a8   Data           0  startup_rvmdk.o(STACK)

    Global Symbols

    Symbol Name                              Value     Ov Type        Size  Object(Section)

    BuildAttributes$$THM_ISAv4$E$P$D$K$B$S$7EM$VFPi3$EXTD16$VFPS$VFMA$PE$A:L22UL41UL21$X:L11$S22US41US21$IEEE1$IW$USESV6$~STKCKD$USESV7$~SHL$OTIME$ROPI$IEEEX$EBA8$MICROLIB$REQ8$PRES8$EABIv2 0x00000000   Number         0  anon$$obj.o ABSOLUTE
    __ARM_use_no_argv                        0x00000000   Number         0  freertos_demo.o ABSOLUTE
    __Vectors                                0x00000000   Data           0  startup_rvmdk.o(RESET)
    __cpp_initialize__aeabi_                  - Undefined Weak Reference
    __cxa_finalize                            - Undefined Weak Reference
    __decompress                              - Undefined Weak Reference
    _clock_init                               - Undefined Weak Reference
    _microlib_exit                            - Undefined Weak Reference
    Reset_Handler                            0x0000026d   Thumb Code     0  startup_rvmdk.o(RESET)
    __main                                   0x00000289   Thumb Code     0  entry.o(.ARM.Collect$$$$00000000)
    _main_stk                                0x00000289   Thumb Code     0  entry2.o(.ARM.Collect$$$$00000001)
    _main_scatterload                        0x0000028d   Thumb Code     0  entry5.o(.ARM.Collect$$$$00000004)
    __main_after_scatterload                 0x00000291   Thumb Code     0  entry5.o(.ARM.Collect$$$$00000004)
    _main_clock                              0x00000291   Thumb Code     0  entry7b.o(.ARM.Collect$$$$00000008)
    _main_cpp_init                           0x00000291   Thumb Code     0  entry8b.o(.ARM.Collect$$$$0000000A)
    _main_init                               0x00000291   Thumb Code     0  entry9a.o(.ARM.Collect$$$$0000000B)
    __rt_final_cpp                           0x00000299   Thumb Code     0  entry10a.o(.ARM.Collect$$$$0000000D)
    __rt_final_exit                          0x00000299   Thumb Code     0  entry11a.o(.ARM.Collect$$$$0000000F)
    parrotdelay                              0x0000029d   Thumb Code     6  bsp.o(.emb_text)
    vPortSVCHandler                          0x000002a5   Thumb Code    28  port.o(.emb_text)
    __asm___6_port_c_39a90d8d__prvStartFirstTask 0x000002c5   Thumb Code    28  port.o(.emb_text)
    __asm___6_port_c_39a90d8d__prvEnableVFP  0x000002e5   Thumb Code    16  port.o(.emb_text)
    xPortPendSVHandler                       0x000002f9   Thumb Code    88  port.o(.emb_text)
    vPortGetIPSR                             0x00000355   Thumb Code     6  port.o(.emb_text)
    __aeabi_memcpy                           0x0000035b   Thumb Code    36  memcpya.o(.text)
    __aeabi_memcpy4                          0x0000035b   Thumb Code     0  memcpya.o(.text)
    __aeabi_memcpy8                          0x0000035b   Thumb Code     0  memcpya.o(.text)
    __aeabi_memset                           0x0000037f   Thumb Code    14  memseta.o(.text)
    __aeabi_memset4                          0x0000037f   Thumb Code     0  memseta.o(.text)
    __aeabi_memset8                          0x0000037f   Thumb Code     0  memseta.o(.text)
    __aeabi_memclr                           0x0000038d   Thumb Code     4  memseta.o(.text)
    __aeabi_memclr4                          0x0000038d   Thumb Code     0  memseta.o(.text)
    __aeabi_memclr8                          0x0000038d   Thumb Code     0  memseta.o(.text)
    _memset$wrapper                          0x00000391   Thumb Code    18  memseta.o(.text)
    __aeabi_dadd                             0x000003a3   Thumb Code   322  dadd.o(.text)
    __aeabi_dsub                             0x000004e5   Thumb Code     6  dadd.o(.text)
    __aeabi_drsub                            0x000004eb   Thumb Code     6  dadd.o(.text)
    __aeabi_dmul                             0x000004f1   Thumb Code   228  dmul.o(.text)
    __aeabi_ddiv                             0x000005d5   Thumb Code   222  ddiv.o(.text)
    __aeabi_i2d                              0x000006b3   Thumb Code    34  dflti.o(.text)
    __aeabi_d2uiz                            0x000006d5   Thumb Code    50  dfixui.o(.text)
    __aeabi_llsl                             0x00000707   Thumb Code    30  llshl.o(.text)
    _ll_shift_l                              0x00000707   Thumb Code     0  llshl.o(.text)
    __aeabi_llsr                             0x00000725   Thumb Code    32  llushr.o(.text)
    _ll_ushift_r                             0x00000725   Thumb Code     0  llushr.o(.text)
    __aeabi_lasr                             0x00000745   Thumb Code    36  llsshr.o(.text)
    _ll_sshift_r                             0x00000745   Thumb Code     0  llsshr.o(.text)
    __I$use$fp                               0x00000769   Thumb Code     0  iusefp.o(.text)
    _double_round                            0x00000769   Thumb Code    30  depilogue.o(.text)
    _double_epilogue                         0x00000787   Thumb Code   156  depilogue.o(.text)
    _dsqrt                                   0x00000823   Thumb Code   162  dsqrt.o(.text)
    __scatterload                            0x000008c5   Thumb Code    28  init.o(.text)
    __scatterload_rt2                        0x000008c5   Thumb Code     0  init.o(.text)
    AccelTaskInit                            0x00000951   Thumb Code    84  accel_task.o(i.AccelTaskInit)
    BSP_Accelerometer_Init                   0x000009d5   Thumb Code   124  bsp.o(i.BSP_Accelerometer_Init)
    BSP_Accelerometer_Input                  0x00000a65   Thumb Code    40  bsp.o(i.BSP_Accelerometer_Input)
    BSP_Button1_Init                         0x00000a91   Thumb Code    86  bsp.o(i.BSP_Button1_Init)
    BSP_Button1_Input                        0x00000af9   Thumb Code    10  bsp.o(i.BSP_Button1_Input)
    BSP_Button2_Init                         0x00000b09   Thumb Code    98  bsp.o(i.BSP_Button2_Init)
    BSP_Button2_Input                        0x00000b81   Thumb Code    10  bsp.o(i.BSP_Button2_Input)
    BSP_Delay1ms                             0x00000b91   Thumb Code    24  bsp.o(i.BSP_Delay1ms)
    BSP_LCD_Color565                         0x00000ba9   Thumb Code    20  bsp.o(i.BSP_LCD_Color565)
    BSP_LCD_DrawBitmap                       0x00000bbd   Thumb Code   224  bsp.o(i.BSP_LCD_DrawBitmap)
    BSP_LCD_DrawChar                         0x00000ca1   Thumb Code   184  bsp.o(i.BSP_LCD_DrawChar)
    BSP_LCD_DrawPixel                        0x00000d61   Thumb Code    54  bsp.o(i.BSP_LCD_DrawPixel)
    BSP_LCD_DrawString                       0x00000d9d   Thumb Code    82  bsp.o(i.BSP_LCD_DrawString)
    BSP_LCD_FillRect                         0x00000df1   Thumb Code   116  bsp.o(i.BSP_LCD_FillRect)
    BSP_LCD_FillScreen                       0x00000e69   Thumb Code    24  bsp.o(i.BSP_LCD_FillScreen)
    BSP_LCD_Init                             0x00000e85   Thumb Code     6  bsp.o(i.BSP_LCD_Init)
    BSP_LCD_OutUDec                          0x00000e8d   Thumb Code    82  bsp.o(i.BSP_LCD_OutUDec)
    BSP_LCD_SetCursor                        0x00000eed   Thumb Code    16  bsp.o(i.BSP_LCD_SetCursor)
    ConfigureUART                            0x00000f01   Thumb Code    76  freertos_demo.o(i.ConfigureUART)
    LCDTaskInit                              0x000010c5   Thumb Code    84  lcd_task.o(i.LCDTaskInit)
    SwitchTaskInit                           0x000012a5   Thumb Code    88  switch_task.o(i.SwitchTaskInit)
    UARTClockSourceSet                       0x00001329   Thumb Code     6  uart.o(i.UARTClockSourceSet)
    UARTStdioConfig                          0x00001331   Thumb Code    82  uartstdio.o(i.UARTStdioConfig)
    UARTprintf                               0x0000138d   Thumb Code    18  uartstdio.o(i.UARTprintf)
    UARTvprintf                              0x000013a1   Thumb Code   420  uartstdio.o(i.UARTvprintf)
    UARTwrite                                0x00001555   Thumb Code    56  uartstdio.o(i.UARTwrite)
    __ARM_fpclassify                         0x00001591   Thumb Code    48  fpclassify.o(i.__ARM_fpclassify)
    __hardfp_atan                            0x000015c1   Thumb Code   622  atan.o(i.__hardfp_atan)
    __hardfp_atan2                           0x00001899   Thumb Code   432  atan2.o(i.__hardfp_atan2)
    __hardfp_sqrt                            0x00001a89   Thumb Code   122  sqrt.o(i.__hardfp_sqrt)
    __kernel_poly                            0x00001b03   Thumb Code   248  poly.o(i.__kernel_poly)
    __mathlib_dbl_infnan                     0x00001bfb   Thumb Code    20  dunder.o(i.__mathlib_dbl_infnan)
    __mathlib_dbl_infnan2                    0x00001c0f   Thumb Code    20  dunder.o(i.__mathlib_dbl_infnan2)
    __mathlib_dbl_underflow                  0x00001c29   Thumb Code    24  dunder.o(i.__mathlib_dbl_underflow)
    __scatterload_copy                       0x00001c49   Thumb Code    14  handlers.o(i.__scatterload_copy)
    __scatterload_null                       0x00001c57   Thumb Code     2  handlers.o(i.__scatterload_null)
    __scatterload_zeroinit                   0x00001c59   Thumb Code    14  handlers.o(i.__scatterload_zeroinit)
    __set_errno                              0x00001c69   Thumb Code     6  errno.o(i.__set_errno)
    atan                                     0x00001cb5   Thumb Code    16  atan.o(i.atan)
    calcNadir                                0x00001cc5   Thumb Code   278  lcd_task.o(i.calcNadir)
    drawBubble                               0x00001fed   Thumb Code   166  lcd_task.o(i.drawBubble)
    drawText                                 0x0000209d   Thumb Code   454  lcd_task.o(i.drawText)
    fabs                                     0x000022b5   Thumb Code    24  fabs.o(i.fabs)
    main                                     0x00002305   Thumb Code    86  freertos_demo.o(i.main)
    map                                      0x00002405   Thumb Code    20  lcd_task.o(i.map)
    pvPortMalloc                             0x00002845   Thumb Code   148  heap_4.o(i.pvPortMalloc)
    pvTaskIncrementMutexHeldCount            0x000028dd   Thumb Code    18  tasks.o(i.pvTaskIncrementMutexHeldCount)
    pxPortInitialiseStack                    0x000028f5   Thumb Code    40  port.o(i.pxPortInitialiseStack)
    uxListRemove                             0x0000298d   Thumb Code    36  list.o(i.uxListRemove)
    vApplicationStackOverflowHook            0x000029b1   Thumb Code     2  freertos_demo.o(i.vApplicationStackOverflowHook)
    vListInitialise                          0x000029b3   Thumb Code    22  list.o(i.vListInitialise)
    vListInitialiseItem                      0x000029c9   Thumb Code     6  list.o(i.vListInitialiseItem)
    vListInsert                              0x000029cf   Thumb Code    48  list.o(i.vListInsert)
    vListInsertEnd                           0x000029ff   Thumb Code    24  list.o(i.vListInsertEnd)
    vPortEnterCritical                       0x00002a19   Thumb Code    24  port.o(i.vPortEnterCritical)
    vPortExitCritical                        0x00002a35   Thumb Code    16  port.o(i.vPortExitCritical)
    vPortFree                                0x00002a49   Thumb Code    58  heap_4.o(i.vPortFree)
    vPortSetupTimerInterrupt                 0x00002a89   Thumb Code    16  port.o(i.vPortSetupTimerInterrupt)
    vTaskDelayUntil                          0x00002a99   Thumb Code    78  tasks.o(i.vTaskDelayUntil)
    vTaskMissedYield                         0x00002af1   Thumb Code     8  tasks.o(i.vTaskMissedYield)
    vTaskPlaceOnEventList                    0x00002afd   Thumb Code    30  tasks.o(i.vTaskPlaceOnEventList)
    vTaskPriorityInherit                     0x00002b21   Thumb Code   124  tasks.o(i.vTaskPriorityInherit)
    vTaskSetTimeOutState                     0x00002ba5   Thumb Code    12  tasks.o(i.vTaskSetTimeOutState)
    vTaskStartScheduler                      0x00002bb5   Thumb Code    66  tasks.o(i.vTaskStartScheduler)
    vTaskSuspendAll                          0x00002c09   Thumb Code    10  tasks.o(i.vTaskSuspendAll)
    vTaskSwitchContext                       0x00002c19   Thumb Code   104  tasks.o(i.vTaskSwitchContext)
    xPortStartScheduler                      0x00002ce9   Thumb Code    52  port.o(i.xPortStartScheduler)
    xPortSysTickHandler                      0x00002d29   Thumb Code    38  port.o(i.xPortSysTickHandler)
    xQueueCreateMutex                        0x00002d55   Thumb Code    36  queue.o(i.xQueueCreateMutex)
    xQueueGenericCreate                      0x00002d79   Thumb Code    64  queue.o(i.xQueueGenericCreate)
    xQueueGenericReceive                     0x00002db9   Thumb Code   286  queue.o(i.xQueueGenericReceive)
    xQueueGenericReset                       0x00002edd   Thumb Code   112  queue.o(i.xQueueGenericReset)
    xQueueGenericSend                        0x00002f51   Thumb Code   250  queue.o(i.xQueueGenericSend)
    xTaskCheckForTimeOut                     0x00003051   Thumb Code    66  tasks.o(i.xTaskCheckForTimeOut)
    xTaskCreate                              0x00003099   Thumb Code    86  tasks.o(i.xTaskCreate)
    xTaskGetTickCount                        0x000030f1   Thumb Code     6  tasks.o(i.xTaskGetTickCount)
    xTaskIncrementTick                       0x000030fd   Thumb Code   170  tasks.o(i.xTaskIncrementTick)
    xTaskPriorityDisinherit                  0x000031b1   Thumb Code   102  tasks.o(i.xTaskPriorityDisinherit)
    xTaskRemoveFromEventList                 0x00003221   Thumb Code    88  tasks.o(i.xTaskRemoveFromEventList)
    xTaskResumeAll                           0x00003285   Thumb Code   164  tasks.o(i.xTaskResumeAll)
    bubble                                   0x00003334   Data         450  lcd_task.o(.constdata)
    __mathlib_zero                           0x00003b28   Data           8  qnan.o(.constdata)
    Region$$Table$$Base                      0x00003b44   Number         0  anon$$obj.o(Region$$Table)
    Region$$Table$$Limit                     0x00003b64   Number         0  anon$$obj.o(Region$$Table)
    g_pUARTSemaphore                         0x20000000   Data           4  freertos_demo.o(.data)
    buttonQueue                              0x20000004   Data           4  switch_task.o(.data)
    diffs                                    0x20000014   Data           6  lcd_task.o(.data)
    StTextColor                              0x2000001e   Data           2  bsp.o(.data)
    PlotBGColor                              0x20000026   Data           2  bsp.o(.data)
    StX                                      0x2000002c   Data           4  bsp.o(.data)
    StY                                      0x20000030   Data           4  bsp.o(.data)
    LightBusy                                0x20000034   Data           4  bsp.o(.data)
    TempBusy                                 0x20000038   Data           4  bsp.o(.data)
    Messageindex                             0x2000003c   Data           4  bsp.o(.data)
    TimeIndex                                0x20000040   Data           4  bsp.o(.data)
    Ymax                                     0x20000044   Data           4  bsp.o(.data)
    Ymin                                     0x20000048   Data           4  bsp.o(.data)
    Yrange                                   0x2000004c   Data           4  bsp.o(.data)
    PeriodicTask                             0x20000050   Data           4  bsp.o(.data)
    PeriodicTaskB                            0x20000054   Data           4  bsp.o(.data)
    PeriodicTaskC                            0x20000058   Data           4  bsp.o(.data)
    g_pLCDQueue                              0x2000005c   Data           4  accel_task.o(.data)
    pxCurrentTCB                             0x20000060   Data           4  tasks.o(.data)
    Message                                  0x200000c4   Data          12  bsp.o(.bss)
    __initial_sp                             0x200079a8   Data           0  startup_rvmdk.o(STACK)



==============================================================================

Memory Map of the image

  Image Entry point : 0x0000026d

  Load Region LR_IROM (Base: 0x00000000, Size: 0x00003c28, Max: 0x00040000, ABSOLUTE)

    Execution Region ER_IROM (Exec base: 0x00000000, Load base: 0x00000000, Size: 0x00003b64, Max: 0x00040000, ABSOLUTE)

    Exec Addr    Load Addr    Size         Type   Attr      Idx    E Section Name        Object

    0x00000000   0x00000000   0x00000288   Code   RO          143  * RESET               startup_rvmdk.o
    0x00000288   0x00000288   0x00000000   Code   RO         2469  * .ARM.Collect$$$$00000000  mc_w.l(entry.o)
    0x00000288   0x00000288   0x00000004   Code   RO         2527    .ARM.Collect$$$$00000001  mc_w.l(entry2.o)
    0x0000028c   0x0000028c   0x00000004   Code   RO         2530    .ARM.Collect$$$$00000004  mc_w.l(entry5.o)
    0x00000290   0x00000290   0x00000000   Code   RO         2532    .ARM.Collect$$$$00000008  mc_w.l(entry7b.o)
    0x00000290   0x00000290   0x00000000   Code   RO         2534    .ARM.Collect$$$$0000000A  mc_w.l(entry8b.o)
    0x00000290   0x00000290   0x00000008   Code   RO         2535    .ARM.Collect$$$$0000000B  mc_w.l(entry9a.o)
    0x00000298   0x00000298   0x00000000   Code   RO         2537    .ARM.Collect$$$$0000000D  mc_w.l(entry10a.o)
    0x00000298   0x00000298   0x00000000   Code   RO         2539    .ARM.Collect$$$$0000000F  mc_w.l(entry11a.o)
    0x00000298   0x00000298   0x00000004   Code   RO         2528    .ARM.Collect$$$$00002712  mc_w.l(entry2.o)
    0x0000029c   0x0000029c   0x00000006   Code   RO          197    .emb_text           bsp.o
    0x000002a2   0x000002a2   0x00000002   PAD
    0x000002a4   0x000002a4   0x000000b6   Code   RO         1227    .emb_text           port.o
    0x0000035a   0x0000035a   0x00000024   Code   RO         2472    .text               mc_w.l(memcpya.o)
    0x0000037e   0x0000037e   0x00000024   Code   RO         2474    .text               mc_w.l(memseta.o)
    0x000003a2   0x000003a2   0x0000014e   Code   RO         2478    .text               mf_w.l(dadd.o)
    0x000004f0   0x000004f0   0x000000e4   Code   RO         2480    .text               mf_w.l(dmul.o)
    0x000005d4   0x000005d4   0x000000de   Code   RO         2482    .text               mf_w.l(ddiv.o)
    0x000006b2   0x000006b2   0x00000022   Code   RO         2486    .text               mf_w.l(dflti.o)
    0x000006d4   0x000006d4   0x00000032   Code   RO         2490    .text               mf_w.l(dfixui.o)
    0x00000706   0x00000706   0x0000001e   Code   RO         2541    .text               mc_w.l(llshl.o)
    0x00000724   0x00000724   0x00000020   Code   RO         2543    .text               mc_w.l(llushr.o)
    0x00000744   0x00000744   0x00000024   Code   RO         2545    .text               mc_w.l(llsshr.o)
    0x00000768   0x00000768   0x00000000   Code   RO         2554    .text               mc_w.l(iusefp.o)
    0x00000768   0x00000768   0x000000ba   Code   RO         2555    .text               mf_w.l(depilogue.o)
    0x00000822   0x00000822   0x000000a2   Code   RO         2557    .text               mf_w.l(dsqrt.o)
    0x000008c4   0x000008c4   0x00000024   Code   RO         2565    .text               mc_w.l(init.o)
    0x000008e8   0x000008e8   0x00000068   Code   RO          674    i.AccelTask         accel_task.o
    0x00000950   0x00000950   0x00000084   Code   RO          675    i.AccelTaskInit     accel_task.o
    0x000009d4   0x000009d4   0x00000090   Code   RO          198    i.BSP_Accelerometer_Init  bsp.o
    0x00000a64   0x00000a64   0x0000002c   Code   RO          199    i.BSP_Accelerometer_Input  bsp.o
    0x00000a90   0x00000a90   0x00000068   Code   RO          200    i.BSP_Button1_Init  bsp.o
    0x00000af8   0x00000af8   0x00000010   Code   RO          201    i.BSP_Button1_Input  bsp.o
    0x00000b08   0x00000b08   0x00000078   Code   RO          202    i.BSP_Button2_Init  bsp.o
    0x00000b80   0x00000b80   0x00000010   Code   RO          203    i.BSP_Button2_Input  bsp.o
    0x00000b90   0x00000b90   0x00000018   Code   RO          208    i.BSP_Delay1ms      bsp.o
    0x00000ba8   0x00000ba8   0x00000014   Code   RO          211    i.BSP_LCD_Color565  bsp.o
    0x00000bbc   0x00000bbc   0x000000e4   Code   RO          212    i.BSP_LCD_DrawBitmap  bsp.o
    0x00000ca0   0x00000ca0   0x000000c0   Code   RO          213    i.BSP_LCD_DrawChar  bsp.o
    0x00000d60   0x00000d60   0x0000003c   Code   RO          217    i.BSP_LCD_DrawPixel  bsp.o
    0x00000d9c   0x00000d9c   0x00000052   Code   RO          218    i.BSP_LCD_DrawString  bsp.o
    0x00000dee   0x00000dee   0x00000002   PAD
    0x00000df0   0x00000df0   0x00000078   Code   RO          220    i.BSP_LCD_FillRect  bsp.o
    0x00000e68   0x00000e68   0x0000001c   Code   RO          221    i.BSP_LCD_FillScreen  bsp.o
    0x00000e84   0x00000e84   0x00000006   Code   RO          222    i.BSP_LCD_Init      bsp.o
    0x00000e8a   0x00000e8a   0x00000002   PAD
    0x00000e8c   0x00000e8c   0x00000060   Code   RO          223    i.BSP_LCD_OutUDec   bsp.o
    0x00000eec   0x00000eec   0x00000014   Code   RO          230    i.BSP_LCD_SetCursor  bsp.o
    0x00000f00   0x00000f00   0x0000005c   Code   RO            1    i.ConfigureUART     freertos_demo.o
    0x00000f5c   0x00000f5c   0x00000168   Code   RO          148    i.LCDTask           lcd_task.o
    0x000010c4   0x000010c4   0x00000074   Code   RO          149    i.LCDTaskInit       lcd_task.o
    0x00001138   0x00001138   0x00000064   Code   RO          259    i.ST7735_InitR      bsp.o
    0x0000119c   0x0000119c   0x00000108   Code   RO          111    i.SwitchTask        switch_task.o
    0x000012a4   0x000012a4   0x00000084   Code   RO          112    i.SwitchTaskInit    switch_task.o
    0x00001328   0x00001328   0x00000006   Code   RO         2039    i.UARTClockSourceSet  driverlib.lib(uart.o)
    0x0000132e   0x0000132e   0x00000002   PAD
    0x00001330   0x00001330   0x0000005c   Code   RO         1484    i.UARTStdioConfig   uartstdio.o
    0x0000138c   0x0000138c   0x00000012   Code   RO         1487    i.UARTprintf        uartstdio.o
    0x0000139e   0x0000139e   0x00000002   PAD
    0x000013a0   0x000013a0   0x000001b4   Code   RO         1488    i.UARTvprintf       uartstdio.o
    0x00001554   0x00001554   0x0000003c   Code   RO         1489    i.UARTwrite         uartstdio.o
    0x00001590   0x00001590   0x00000030   Code   RO         2561    i.__ARM_fpclassify  m_wm.l(fpclassify.o)
    0x000015c0   0x000015c0   0x000002d8   Code   RO         2492    i.__hardfp_atan     m_wm.l(atan.o)
    0x00001898   0x00001898   0x000001f0   Code   RO         2445    i.__hardfp_atan2    m_wm.l(atan2.o)
    0x00001a88   0x00001a88   0x0000007a   Code   RO         2457    i.__hardfp_sqrt     m_wm.l(sqrt.o)
    0x00001b02   0x00001b02   0x000000f8   Code   RO         2563    i.__kernel_poly     m_wm.l(poly.o)
    0x00001bfa   0x00001bfa   0x00000014   Code   RO         2507    i.__mathlib_dbl_infnan  m_wm.l(dunder.o)
    0x00001c0e   0x00001c0e   0x00000014   Code   RO         2508    i.__mathlib_dbl_infnan2  m_wm.l(dunder.o)
    0x00001c22   0x00001c22   0x00000006   PAD
    0x00001c28   0x00001c28   0x00000020   Code   RO         2512    i.__mathlib_dbl_underflow  m_wm.l(dunder.o)
    0x00001c48   0x00001c48   0x0000000e   Code   RO         2569    i.__scatterload_copy  mc_w.l(handlers.o)
    0x00001c56   0x00001c56   0x00000002   Code   RO         2570    i.__scatterload_null  mc_w.l(handlers.o)
    0x00001c58   0x00001c58   0x0000000e   Code   RO         2571    i.__scatterload_zeroinit  mc_w.l(handlers.o)
    0x00001c66   0x00001c66   0x00000002   PAD
    0x00001c68   0x00001c68   0x0000000c   Code   RO         2549    i.__set_errno       mc_w.l(errno.o)
    0x00001c74   0x00001c74   0x00000040   Code   RO          263    i.adcinit           bsp.o
    0x00001cb4   0x00001cb4   0x00000010   Code   RO         2494    i.atan              m_wm.l(atan.o)
    0x00001cc4   0x00001cc4   0x00000128   Code   RO          150    i.calcNadir         lcd_task.o
    0x00001dec   0x00001dec   0x0000004a   Code   RO          264    i.commandList       bsp.o
    0x00001e36   0x00001e36   0x00000002   PAD
    0x00001e38   0x00001e38   0x000001b4   Code   RO          265    i.commonInit        bsp.o
    0x00001fec   0x00001fec   0x000000b0   Code   RO          151    i.drawBubble        lcd_task.o
    0x0000209c   0x0000209c   0x00000218   Code   RO          152    i.drawText          lcd_task.o
    0x000022b4   0x000022b4   0x00000018   Code   RO         2522    i.fabs              m_wm.l(fabs.o)
    0x000022cc   0x000022cc   0x00000038   Code   RO          266    i.fillmessage       bsp.o
    0x00002304   0x00002304   0x00000100   Code   RO            2    i.main              freertos_demo.o
    0x00002404   0x00002404   0x00000014   Code   RO          153    i.map               lcd_task.o
    0x00002418   0x00002418   0x00000070   Code   RO          697    i.prvAddCurrentTaskToDelayedList  tasks.o
    0x00002488   0x00002488   0x000000d0   Code   RO          698    i.prvAddNewTaskToReadyList  tasks.o
    0x00002558   0x00002558   0x00000054   Code   RO          699    i.prvCheckTasksWaitingTermination  tasks.o
    0x000025ac   0x000025ac   0x00000026   Code   RO         1049    i.prvCopyDataFromQueue  queue.o
    0x000025d2   0x000025d2   0x0000006c   Code   RO         1050    i.prvCopyDataToQueue  queue.o
    0x0000263e   0x0000263e   0x00000014   Code   RO          700    i.prvDeleteTCB      tasks.o
    0x00002652   0x00002652   0x00000002   PAD
    0x00002654   0x00002654   0x00000048   Code   RO         1334    i.prvHeapInit       heap_4.o
    0x0000269c   0x0000269c   0x00000006   Code   RO          701    i.prvIdleTask       tasks.o
    0x000026a2   0x000026a2   0x0000008a   Code   RO          702    i.prvInitialiseNewTask  tasks.o
    0x0000272c   0x0000272c   0x0000004c   Code   RO         1335    i.prvInsertBlockIntoFreeList  heap_4.o
    0x00002778   0x00002778   0x0000001a   Code   RO         1051    i.prvIsQueueEmpty   queue.o
    0x00002792   0x00002792   0x00000002   PAD
    0x00002794   0x00002794   0x00000020   Code   RO          704    i.prvResetNextTaskUnblockTime  tasks.o
    0x000027b4   0x000027b4   0x00000010   Code   RO         1228    i.prvTaskExitError  port.o
    0x000027c4   0x000027c4   0x0000006a   Code   RO         1052    i.prvUnlockQueue    queue.o
    0x0000282e   0x0000282e   0x00000014   Code   RO          272    i.pushColor         bsp.o
    0x00002842   0x00002842   0x00000002   PAD
    0x00002844   0x00002844   0x00000098   Code   RO         1336    i.pvPortMalloc      heap_4.o
    0x000028dc   0x000028dc   0x00000018   Code   RO          707    i.pvTaskIncrementMutexHeldCount  tasks.o
    0x000028f4   0x000028f4   0x0000002c   Code   RO         1229    i.pxPortInitialiseStack  port.o
    0x00002920   0x00002920   0x0000006c   Code   RO          273    i.setAddrWindow     bsp.o
    0x0000298c   0x0000298c   0x00000024   Code   RO         1298    i.uxListRemove      list.o
    0x000029b0   0x000029b0   0x00000002   Code   RO            3    i.vApplicationStackOverflowHook  freertos_demo.o
    0x000029b2   0x000029b2   0x00000016   Code   RO         1299    i.vListInitialise   list.o
    0x000029c8   0x000029c8   0x00000006   Code   RO         1300    i.vListInitialiseItem  list.o
    0x000029ce   0x000029ce   0x00000030   Code   RO         1301    i.vListInsert       list.o
    0x000029fe   0x000029fe   0x00000018   Code   RO         1302    i.vListInsertEnd    list.o
    0x00002a16   0x00002a16   0x00000002   PAD
    0x00002a18   0x00002a18   0x0000001c   Code   RO         1231    i.vPortEnterCritical  port.o
    0x00002a34   0x00002a34   0x00000014   Code   RO         1232    i.vPortExitCritical  port.o
    0x00002a48   0x00002a48   0x00000040   Code   RO         1337    i.vPortFree         heap_4.o
    0x00002a88   0x00002a88   0x00000010   Code   RO         1233    i.vPortSetupTimerInterrupt  port.o
    0x00002a98   0x00002a98   0x00000058   Code   RO          717    i.vTaskDelayUntil   tasks.o
    0x00002af0   0x00002af0   0x0000000c   Code   RO          721    i.vTaskMissedYield  tasks.o
    0x00002afc   0x00002afc   0x00000024   Code   RO          723    i.vTaskPlaceOnEventList  tasks.o
    0x00002b20   0x00002b20   0x00000084   Code   RO          725    i.vTaskPriorityInherit  tasks.o
    0x00002ba4   0x00002ba4   0x00000010   Code   RO          729    i.vTaskSetTimeOutState  tasks.o
    0x00002bb4   0x00002bb4   0x00000054   Code   RO          730    i.vTaskStartScheduler  tasks.o
    0x00002c08   0x00002c08   0x00000010   Code   RO          732    i.vTaskSuspendAll   tasks.o
    0x00002c18   0x00002c18   0x00000070   Code   RO          733    i.vTaskSwitchContext  tasks.o
    0x00002c88   0x00002c88   0x00000030   Code   RO          276    i.writecommand      bsp.o
    0x00002cb8   0x00002cb8   0x00000030   Code   RO          277    i.writedata         bsp.o
    0x00002ce8   0x00002ce8   0x00000040   Code   RO         1234    i.xPortStartScheduler  port.o
    0x00002d28   0x00002d28   0x0000002c   Code   RO         1235    i.xPortSysTickHandler  port.o
    0x00002d54   0x00002d54   0x00000024   Code   RO         1062    i.xQueueCreateMutex  queue.o
    0x00002d78   0x00002d78   0x00000040   Code   RO         1063    i.xQueueGenericCreate  queue.o
    0x00002db8   0x00002db8   0x00000124   Code   RO         1064    i.xQueueGenericReceive  queue.o
    0x00002edc   0x00002edc   0x00000074   Code   RO         1065    i.xQueueGenericReset  queue.o
    0x00002f50   0x00002f50   0x00000100   Code   RO         1066    i.xQueueGenericSend  queue.o
    0x00003050   0x00003050   0x00000048   Code   RO          734    i.xTaskCheckForTimeOut  tasks.o
    0x00003098   0x00003098   0x00000056   Code   RO          735    i.xTaskCreate       tasks.o
    0x000030ee   0x000030ee   0x00000002   PAD
    0x000030f0   0x000030f0   0x0000000c   Code   RO          739    i.xTaskGetTickCount  tasks.o
    0x000030fc   0x000030fc   0x000000b4   Code   RO          741    i.xTaskIncrementTick  tasks.o
    0x000031b0   0x000031b0   0x00000070   Code   RO          744    i.xTaskPriorityDisinherit  tasks.o
    0x00003220   0x00003220   0x00000064   Code   RO          745    i.xTaskRemoveFromEventList  tasks.o
    0x00003284   0x00003284   0x000000b0   Code   RO          747    i.xTaskResumeAll    tasks.o
    0x00003334   0x00003334   0x000001c2   Data   RO          154    .constdata          lcd_task.o
    0x000034f6   0x000034f6   0x0000057b   Data   RO          279    .constdata          bsp.o
    0x00003a71   0x00003a71   0x00000003   PAD
    0x00003a74   0x00003a74   0x0000001c   Data   RO         1490    .constdata          uartstdio.o
    0x00003a90   0x00003a90   0x00000098   Data   RO         2495    .constdata          m_wm.l(atan.o)
    0x00003b28   0x00003b28   0x00000008   Data   RO         2526    .constdata          m_wm.l(qnan.o)
    0x00003b30   0x00003b30   0x00000011   Data   RO         1491    .conststring        uartstdio.o
    0x00003b41   0x00003b41   0x00000003   PAD
    0x00003b44   0x00003b44   0x00000020   Data   RO         2567    Region$$Table       anon$$obj.o


    Execution Region RW_IRAM (Exec base: 0x20000000, Load base: 0x00003b64, Size: 0x000079a8, Max: 0x00008000, ABSOLUTE)

    Exec Addr    Load Addr    Size         Type   Attr      Idx    E Section Name        Object

    0x20000000   0x00003b64   0x00000004   Data   RW            4    .data               freertos_demo.o
    0x20000004   0x00003b68   0x00000004   Data   RW          113    .data               switch_task.o
    0x20000008   0x00003b6c   0x00000012   Data   RW          155    .data               lcd_task.o
    0x2000001a   0x00003b7e   0x00000002   PAD
    0x2000001c   0x00003b80   0x00000040   Data   RW          280    .data               bsp.o
    0x2000005c   0x00003bc0   0x00000004   Data   RW          676    .data               accel_task.o
    0x20000060   0x00003bc4   0x0000003c   Data   RW          750    .data               tasks.o
    0x2000009c   0x00003c00   0x00000004   Data   RW         1236    .data               port.o
    0x200000a0   0x00003c04   0x00000018   Data   RW         1342    .data               heap_4.o
    0x200000b8   0x00003c1c   0x00000008   Data   RW         1492    .data               uartstdio.o
    0x200000c0   0x00003c24   0x00000004   Data   RW         2550    .data               mc_w.l(errno.o)
    0x200000c4        -       0x0000000c   Zero   RW          278    .bss                bsp.o
    0x200000d0        -       0x000001a4   Zero   RW          749    .bss                tasks.o
    0x20000274        -       0x00007530   Zero   RW         1341    .bss                heap_4.o
    0x200077a4   0x00003c28   0x00000004   PAD
    0x200077a8        -       0x00000200   Zero   RW          141    STACK               startup_rvmdk.o


==============================================================================

Image component sizes


      Code (inc. data)   RO Data    RW Data    ZI Data      Debug   Object Name

       236         92          0          4          0       1338   accel_task.o
      2280        238       1403         64         12      19127   bsp.o
       350        186          0          4          0      22094   freertos_demo.o
       364         22          0         24      30000       4075   heap_4.o
      1504        198        450         18          0       5696   lcd_task.o
       136          0          0          0          0       3250   list.o
       414         46          0          4          0       9764   port.o
      1042         16          0          0          0      18046   queue.o
       648        622          0          0        512        276   startup_rvmdk.o
       396        152          0          4          0       1575   switch_task.o
      1858        168          0         60        420      29477   tasks.o
       606         30         45          8          0       5168   uartstdio.o

    ----------------------------------------------------------------------
      9854       1770       1936        192      30948     119886   Object Totals
         0          0         32          0          0          0   (incl. Generated)
        20          0          6          2          4          0   (incl. Padding)

    ----------------------------------------------------------------------

      Code (inc. data)   RO Data    RW Data    ZI Data      Debug   Library Member Name

         0          0          0          0          0       3048   sysctl.o
         6          0          0          0          0        497   uart.o
       744        106        152          0          0        352   atan.o
       496         64          0          0          0        192   atan2.o
        72          8          0          0          0        372   dunder.o
        24          0          0          0          0        124   fabs.o
        48          0          0          0          0        124   fpclassify.o
       248          0          0          0          0        152   poly.o
         0          0          8          0          0          0   qnan.o
       122          0          0          0          0        148   sqrt.o
         0          0          0          0          0          0   entry.o
         0          0          0          0          0          0   entry10a.o
         0          0          0          0          0          0   entry11a.o
         8          4          0          0          0          0   entry2.o
         4          0          0          0          0          0   entry5.o
         0          0          0          0          0          0   entry7b.o
         0          0          0          0          0          0   entry8b.o
         8          4          0          0          0          0   entry9a.o
        12          6          0          4          0         68   errno.o
        30          0          0          0          0          0   handlers.o
        36          8          0          0          0         68   init.o
         0          0          0          0          0          0   iusefp.o
        30          0          0          0          0         68   llshl.o
        36          0          0          0          0         68   llsshr.o
        32          0          0          0          0         68   llushr.o
        36          0          0          0          0         68   memcpya.o
        36          0          0          0          0        108   memseta.o
       334          0          0          0          0        148   dadd.o
       222          0          0          0          0        100   ddiv.o
       186          0          0          0          0        176   depilogue.o
        50          0          0          0          0         76   dfixui.o
        34          0          0          0          0         76   dflti.o
       228          0          0          0          0         96   dmul.o
       162          0          0          0          0        100   dsqrt.o

    ----------------------------------------------------------------------
      3254        200        160          4          0       6297   Library Totals
        10          0          0          0          0          0   (incl. Padding)

    ----------------------------------------------------------------------

      Code (inc. data)   RO Data    RW Data    ZI Data      Debug   Library Name

         6          0          0          0          0       3545   driverlib.lib
      1754        178        160          0          0       1464   m_wm.l
       268         22          0          4          0        516   mc_w.l
      1216          0          0          0          0        772   mf_w.l

    ----------------------------------------------------------------------
      3254        200        160          4          0       6297   Library Totals

    ----------------------------------------------------------------------

==============================================================================


      Code (inc. data)   RO Data    RW Data    ZI Data      Debug   

     13108       1970       2096        196      30948     116015   Grand Totals
     13108       1970       2096        196      30948     116015   ELF Image Totals
     13108       1970       2096        196          0          0   ROM Totals

==============================================================================

    Total RO  Size (Code + RO Data)                15204 (  14.85kB)
    Total RW  Size (RW Data + ZI Data)             31144 (  30.41kB)
    Total ROM Size (Code + RO Data + RW Data)      15400 (  15.04kB)

==============================================================================

