<html>
<body>
<pre>
<h1>µVision Build Log</h1>
<h2>Tool Versions:</h2>
IDE-Version: µVision V5.24.2.0
Copyright (C) 2017 ARM Ltd and ARM Germany GmbH. All rights reserved.
License Information: Matt Ruffner, University of Kentucky, LIC=----
 
Tool Versions:
Toolchain:       MDK-Lite  Version: 5.24.1
Toolchain Path:  C:\Keil_v5\ARM\ARMCC\Bin
C Compiler:      Armcc.exe V5.06 update 5 (build 528)
Assembler:       Armasm.exe V5.06 update 5 (build 528)
Linker/Locator:  ArmLink.exe V5.06 update 5 (build 528)
Library Manager: ArmAr.exe V5.06 update 5 (build 528)
Hex Converter:   FromElf.exe V5.06 update 5 (build 528)
CPU DLL:         SARMCM3.DLL V5.24.1
Dialog DLL:      DCM.DLL V1.16.0.0
Target DLL:      lmidk-agdi.dll V???
Dialog DLL:      TCM.DLL V1.32.0.0
 
<h2>Project:</h2>
C:\Users\Matt\Desktop\EE588_LAB3\uC-OS2\Software\EvalBoards\TI\Tiva C Launchpad EK-TM4C123GXL\OS2\KeilMDK\OS2.uvprojx
Project File Date:  10/03/2017

<h2>Output:</h2>
*** Using Compiler 'V5.06 update 5 (build 528)', folder: 'C:\Keil_v5\ARM\ARMCC\Bin'
Rebuild target 'FLASH'
compiling bsp_sys.c...
compiling bsp_led.c...
compiling app_hooks.c...
compiling bsp_int.c...
assembling cstartup.s...
compiling cpu_bsp.c...
compiling app.c...
assembling cpu_a.asm...
compiling bsp.c...
assembling lib_mem_a.asm...
compiling cpu_core.c...
compiling lib_math.c...
compiling lib_ascii.c...
compiling cpu_c.c...
compiling os_mem.c...
compiling lib_str.c...
compiling os_flag.c...
compiling lib_mem.c...
compiling os_mbox.c...
compiling os_q.c...
compiling os_core.c...
compiling os_mutex.c...
compiling os_tmr.c...
assembling os_cpu_a.asm...
compiling os_sem.c...
compiling os_time.c...
compiling os_task.c...
compiling os_cpu_c.c...
..\..\..\..\..\uCOS-II\Ports\ARM-Cortex-M4\Generic\RealView\os_cpu_c.c(381): warning:  #223-D: function "OS_CPU_FP_Reg_Push" declared implicitly
          OS_CPU_FP_Reg_Push(OSTCBCur->OSTCBStkPtr);
..\..\..\..\..\uCOS-II\Ports\ARM-Cortex-M4\Generic\RealView\os_cpu_c.c(385): warning:  #223-D: function "OS_CPU_FP_Reg_Pop" declared implicitly
          OS_CPU_FP_Reg_Pop(OSTCBHighRdy->OSTCBStkPtr);
..\..\..\..\..\uCOS-II\Ports\ARM-Cortex-M4\Generic\RealView\os_cpu_c.c: 2 warnings, 0 errors
compiling os_dbg.c...
compiling comp.c...
compiling cpu.c...
compiling adc.c...
compiling fpu.c...
compiling flash.c...
compiling eeprom.c...
compiling can.c...
compiling gpio.c...
compiling hibernate.c...
compiling i2c.c...
compiling interrupt.c...
compiling mpu.c...
compiling qei.c...
compiling systick.c...
compiling ssi.c...
compiling sw_crc.c...
compiling sysexc.c...
compiling pwm.c...
compiling timer.c...
compiling watchdog.c...
compiling udma.c...
compiling uart.c...
compiling sysctl.c...
compiling uartstdio.c...
compiling usb.c...
linking...
Program Size: Code=20174 RO-data=2006 RW-data=1644 ZI-data=9316  
".\Flash\OS2.axf" - 0 Error(s), 2 Warning(s).

<h2>Software Packages used:</h2>

Package Vendor: Keil
                http://www.keil.com/pack/Keil.TM4C_DFP.1.1.0.pack
                Keil.TM4C_DFP.1.1.0
                Texas Instruments Tiva C Series Device Support and Examples

<h2>Collection of Component include folders:</h2>
  .\RTE\_FLASH
  C:\Keil_v5\ARM\PACK\Keil\TM4C_DFP\1.1.0\Device\Include\TM4C123

<h2>Collection of Component Files used:</h2>
Build Time Elapsed:  00:00:04
</pre>
</body>
</html>
