Component: ARM Compiler 5.06 update 5 (build 528) Tool: armlink [4d35e2]

==============================================================================

Section Cross References

    p1p2_lab2_ee588.o(i.GPIOPortD_Handler) refers to p1p2_lab2_ee588.o(i.PortF_Output) for PortF_Output
    p1p2_lab2_ee588.o(i.GPIOPortF_Handler) refers to p1p2_lab2_ee588.o(i.OS_Signal) for OS_Signal
    p1p2_lab2_ee588.o(i.GPIOPortF_Handler) refers to p1p2_lab2_ee588.o(.data) for before
    p1p2_lab2_ee588.o(i.Switch_Init) refers to p1p2_lab2_ee588.o(.data) for SW2
    p1p2_lab2_ee588.o(i.main) refers to p1p2_lab2_ee588.o(i.SysTick_Init) for SysTick_Init
    p1p2_lab2_ee588.o(i.main) refers to p1p2_lab2_ee588.o(i.Switch_Init) for Switch_Init
    p1p2_lab2_ee588.o(i.main) refers to startup_tm4c123_1.o(.text) for EnableInterrupts
    p1p2_lab2_ee588.o(i.main) refers to p1p2_lab2_ee588.o(i.PortF_Output) for PortF_Output
    p1p2_lab2_ee588.o(i.main) refers to p1p2_lab2_ee588.o(.data) for SW1
    startup_tm4c123_1.o(STACK) refers (Special) to heapauxi.o(.text) for __use_two_region_memory
    startup_tm4c123_1.o(HEAP) refers (Special) to heapauxi.o(.text) for __use_two_region_memory
    startup_tm4c123_1.o(RESET) refers (Special) to heapauxi.o(.text) for __use_two_region_memory
    startup_tm4c123_1.o(RESET) refers to startup_tm4c123_1.o(STACK) for __initial_sp
    startup_tm4c123_1.o(RESET) refers to startup_tm4c123_1.o(.text) for Reset_Handler
    startup_tm4c123_1.o(RESET) refers to p1p2_lab2_ee588.o(i.GPIOPortD_Handler) for GPIOPortD_Handler
    startup_tm4c123_1.o(RESET) refers to p1p2_lab2_ee588.o(i.GPIOPortF_Handler) for GPIOPortF_Handler
    startup_tm4c123_1.o(.text) refers (Special) to heapauxi.o(.text) for __use_two_region_memory
    startup_tm4c123_1.o(.text) refers to __main.o(!!!main) for __main
    startup_tm4c123_1.o(.text) refers to startup_tm4c123_1.o(HEAP) for Heap_Mem
    startup_tm4c123_1.o(.text) refers to startup_tm4c123_1.o(STACK) for Stack_Mem
    system_tm4c123_1.o(i.SystemCoreClockUpdate) refers to system_tm4c123_1.o(i.getOscClk) for getOscClk
    system_tm4c123_1.o(i.SystemCoreClockUpdate) refers to system_tm4c123_1.o(.data) for SystemCoreClock
    __main.o(!!!main) refers to __rtentry.o(.ARM.Collect$$rtentry$$00000000) for __rt_entry
    __rtentry.o(.ARM.Collect$$rtentry$$00000000) refers (Special) to __rtentry2.o(.ARM.Collect$$rtentry$$0000000A) for __rt_entry_li
    __rtentry.o(.ARM.Collect$$rtentry$$00000000) refers (Special) to __rtentry2.o(.ARM.Collect$$rtentry$$0000000D) for __rt_entry_main
    __rtentry.o(.ARM.Collect$$rtentry$$00000000) refers (Special) to __rtentry2.o(.ARM.Collect$$rtentry$$0000000C) for __rt_entry_postli_1
    __rtentry.o(.ARM.Collect$$rtentry$$00000000) refers (Special) to __rtentry2.o(.ARM.Collect$$rtentry$$00000009) for __rt_entry_postsh_1
    __rtentry.o(.ARM.Collect$$rtentry$$00000000) refers (Special) to __rtentry2.o(.ARM.Collect$$rtentry$$00000002) for __rt_entry_presh_1
    __rtentry.o(.ARM.Collect$$rtentry$$00000000) refers (Special) to __rtentry4.o(.ARM.Collect$$rtentry$$00000004) for __rt_entry_sh
    __rtentry2.o(.ARM.Collect$$rtentry$$00000008) refers to boardinit2.o(.text) for _platform_post_stackheap_init
    __rtentry2.o(.ARM.Collect$$rtentry$$0000000A) refers to libinit.o(.ARM.Collect$$libinit$$00000000) for __rt_lib_init
    __rtentry2.o(.ARM.Collect$$rtentry$$0000000B) refers to boardinit3.o(.text) for _platform_post_lib_init
    __rtentry2.o(.ARM.Collect$$rtentry$$0000000D) refers to p1p2_lab2_ee588.o(i.main) for main
    __rtentry2.o(.ARM.Collect$$rtentry$$0000000D) refers to exit.o(.text) for exit
    __rtentry2.o(.ARM.exidx) refers to __rtentry2.o(.ARM.Collect$$rtentry$$00000001) for .ARM.Collect$$rtentry$$00000001
    __rtentry2.o(.ARM.exidx) refers to __rtentry2.o(.ARM.Collect$$rtentry$$00000008) for .ARM.Collect$$rtentry$$00000008
    __rtentry2.o(.ARM.exidx) refers to __rtentry2.o(.ARM.Collect$$rtentry$$0000000A) for .ARM.Collect$$rtentry$$0000000A
    __rtentry2.o(.ARM.exidx) refers to __rtentry2.o(.ARM.Collect$$rtentry$$0000000B) for .ARM.Collect$$rtentry$$0000000B
    __rtentry2.o(.ARM.exidx) refers to __rtentry2.o(.ARM.Collect$$rtentry$$0000000D) for .ARM.Collect$$rtentry$$0000000D
    __rtentry4.o(.ARM.Collect$$rtentry$$00000004) refers to sys_stackheap_outer.o(.text) for __user_setup_stackheap
    __rtentry4.o(.ARM.exidx) refers to __rtentry4.o(.ARM.Collect$$rtentry$$00000004) for .ARM.Collect$$rtentry$$00000004
    sys_stackheap_outer.o(.text) refers to libspace.o(.text) for __user_perproc_libspace
    sys_stackheap_outer.o(.text) refers to startup_tm4c123_1.o(.text) for __user_initial_stackheap
    exit.o(.text) refers to rtexit.o(.ARM.Collect$$rtexit$$00000000) for __rt_exit
    libinit.o(.ARM.Collect$$libinit$$00000000) refers (Special) to libinit2.o(.ARM.Collect$$libinit$$0000002E) for __rt_lib_init_alloca_1
    libinit.o(.ARM.Collect$$libinit$$00000000) refers (Special) to libinit2.o(.ARM.Collect$$libinit$$0000002C) for __rt_lib_init_argv_1
    libinit.o(.ARM.Collect$$libinit$$00000000) refers (Special) to libinit2.o(.ARM.Collect$$libinit$$0000001B) for __rt_lib_init_atexit_1
    libinit.o(.ARM.Collect$$libinit$$00000000) refers (Special) to libinit2.o(.ARM.Collect$$libinit$$00000021) for __rt_lib_init_clock_1
    libinit.o(.ARM.Collect$$libinit$$00000000) refers (Special) to libinit2.o(.ARM.Collect$$libinit$$00000032) for __rt_lib_init_cpp_1
    libinit.o(.ARM.Collect$$libinit$$00000000) refers (Special) to libinit2.o(.ARM.Collect$$libinit$$00000030) for __rt_lib_init_exceptions_1
    libinit.o(.ARM.Collect$$libinit$$00000000) refers (Special) to libinit2.o(.ARM.Collect$$libinit$$00000002) for __rt_lib_init_fp_1
    libinit.o(.ARM.Collect$$libinit$$00000000) refers (Special) to libinit2.o(.ARM.Collect$$libinit$$0000001F) for __rt_lib_init_fp_trap_1
    libinit.o(.ARM.Collect$$libinit$$00000000) refers (Special) to libinit2.o(.ARM.Collect$$libinit$$00000023) for __rt_lib_init_getenv_1
    libinit.o(.ARM.Collect$$libinit$$00000000) refers (Special) to libinit2.o(.ARM.Collect$$libinit$$0000000A) for __rt_lib_init_heap_1
    libinit.o(.ARM.Collect$$libinit$$00000000) refers (Special) to libinit2.o(.ARM.Collect$$libinit$$00000011) for __rt_lib_init_lc_collate_1
    libinit.o(.ARM.Collect$$libinit$$00000000) refers (Special) to libinit2.o(.ARM.Collect$$libinit$$00000013) for __rt_lib_init_lc_ctype_1
    libinit.o(.ARM.Collect$$libinit$$00000000) refers (Special) to libinit2.o(.ARM.Collect$$libinit$$00000015) for __rt_lib_init_lc_monetary_1
    libinit.o(.ARM.Collect$$libinit$$00000000) refers (Special) to libinit2.o(.ARM.Collect$$libinit$$00000017) for __rt_lib_init_lc_numeric_1
    libinit.o(.ARM.Collect$$libinit$$00000000) refers (Special) to libinit2.o(.ARM.Collect$$libinit$$00000019) for __rt_lib_init_lc_time_1
    libinit.o(.ARM.Collect$$libinit$$00000000) refers (Special) to libinit2.o(.ARM.Collect$$libinit$$00000004) for __rt_lib_init_preinit_1
    libinit.o(.ARM.Collect$$libinit$$00000000) refers (Special) to libinit2.o(.ARM.Collect$$libinit$$0000000E) for __rt_lib_init_rand_1
    libinit.o(.ARM.Collect$$libinit$$00000000) refers (Special) to libinit2.o(.ARM.Collect$$libinit$$00000033) for __rt_lib_init_return
    libinit.o(.ARM.Collect$$libinit$$00000000) refers (Special) to libinit2.o(.ARM.Collect$$libinit$$0000001D) for __rt_lib_init_signal_1
    libinit.o(.ARM.Collect$$libinit$$00000000) refers (Special) to libinit2.o(.ARM.Collect$$libinit$$00000025) for __rt_lib_init_stdio_1
    libinit.o(.ARM.Collect$$libinit$$00000000) refers (Special) to libinit2.o(.ARM.Collect$$libinit$$0000000C) for __rt_lib_init_user_alloc_1
    libspace.o(.text) refers to libspace.o(.bss) for __libspace_start
    rtexit.o(.ARM.Collect$$rtexit$$00000000) refers (Special) to rtexit2.o(.ARM.Collect$$rtexit$$00000004) for __rt_exit_exit
    rtexit.o(.ARM.Collect$$rtexit$$00000000) refers (Special) to rtexit2.o(.ARM.Collect$$rtexit$$00000003) for __rt_exit_ls
    rtexit.o(.ARM.Collect$$rtexit$$00000000) refers (Special) to rtexit2.o(.ARM.Collect$$rtexit$$00000002) for __rt_exit_prels_1
    rtexit.o(.ARM.exidx) refers (Special) to rtexit2.o(.ARM.Collect$$rtexit$$00000004) for __rt_exit_exit
    rtexit.o(.ARM.exidx) refers (Special) to rtexit2.o(.ARM.Collect$$rtexit$$00000003) for __rt_exit_ls
    rtexit.o(.ARM.exidx) refers (Special) to rtexit2.o(.ARM.Collect$$rtexit$$00000002) for __rt_exit_prels_1
    rtexit.o(.ARM.exidx) refers to rtexit.o(.ARM.Collect$$rtexit$$00000000) for .ARM.Collect$$rtexit$$00000000
    libinit2.o(.ARM.Collect$$libinit$$00000010) refers to libinit2.o(.ARM.Collect$$libinit$$0000000F) for .ARM.Collect$$libinit$$0000000F
    libinit2.o(.ARM.Collect$$libinit$$00000012) refers to libinit2.o(.ARM.Collect$$libinit$$0000000F) for .ARM.Collect$$libinit$$0000000F
    libinit2.o(.ARM.Collect$$libinit$$00000014) refers to libinit2.o(.ARM.Collect$$libinit$$0000000F) for .ARM.Collect$$libinit$$0000000F
    libinit2.o(.ARM.Collect$$libinit$$00000016) refers to libinit2.o(.ARM.Collect$$libinit$$0000000F) for .ARM.Collect$$libinit$$0000000F
    libinit2.o(.ARM.Collect$$libinit$$00000018) refers to libinit2.o(.ARM.Collect$$libinit$$0000000F) for .ARM.Collect$$libinit$$0000000F
    libinit2.o(.ARM.Collect$$libinit$$00000026) refers to argv_veneer.o(.emb_text) for __ARM_argv_veneer
    libinit2.o(.ARM.Collect$$libinit$$00000027) refers to argv_veneer.o(.emb_text) for __ARM_argv_veneer
    rtexit2.o(.ARM.Collect$$rtexit$$00000003) refers to libshutdown.o(.ARM.Collect$$libshutdown$$00000000) for __rt_lib_shutdown
    rtexit2.o(.ARM.Collect$$rtexit$$00000004) refers to sys_exit.o(.text) for _sys_exit
    rtexit2.o(.ARM.exidx) refers to rtexit2.o(.ARM.Collect$$rtexit$$00000001) for .ARM.Collect$$rtexit$$00000001
    rtexit2.o(.ARM.exidx) refers to rtexit2.o(.ARM.Collect$$rtexit$$00000003) for .ARM.Collect$$rtexit$$00000003
    rtexit2.o(.ARM.exidx) refers to rtexit2.o(.ARM.Collect$$rtexit$$00000004) for .ARM.Collect$$rtexit$$00000004
    argv_veneer.o(.emb_text) refers to no_argv.o(.text) for __ARM_get_argv
    sys_exit.o(.text) refers (Special) to use_no_semi.o(.text) for __I$use$semihosting
    sys_exit.o(.text) refers (Special) to indicate_semi.o(.text) for __semihosting_library_function
    _get_argv_nomalloc.o(.text) refers (Special) to hrguard.o(.text) for __heap_region$guard
    _get_argv_nomalloc.o(.text) refers to defsig_rtmem_outer.o(.text) for __rt_SIGRTMEM
    _get_argv_nomalloc.o(.text) refers to sys_command.o(.text) for _sys_command_string
    libshutdown.o(.ARM.Collect$$libshutdown$$00000000) refers (Special) to libshutdown2.o(.ARM.Collect$$libshutdown$$00000002) for __rt_lib_shutdown_cpp_1
    libshutdown.o(.ARM.Collect$$libshutdown$$00000000) refers (Special) to libshutdown2.o(.ARM.Collect$$libshutdown$$00000007) for __rt_lib_shutdown_fp_trap_1
    libshutdown.o(.ARM.Collect$$libshutdown$$00000000) refers (Special) to libshutdown2.o(.ARM.Collect$$libshutdown$$0000000F) for __rt_lib_shutdown_heap_1
    libshutdown.o(.ARM.Collect$$libshutdown$$00000000) refers (Special) to libshutdown2.o(.ARM.Collect$$libshutdown$$00000010) for __rt_lib_shutdown_return
    libshutdown.o(.ARM.Collect$$libshutdown$$00000000) refers (Special) to libshutdown2.o(.ARM.Collect$$libshutdown$$0000000A) for __rt_lib_shutdown_signal_1
    libshutdown.o(.ARM.Collect$$libshutdown$$00000000) refers (Special) to libshutdown2.o(.ARM.Collect$$libshutdown$$00000004) for __rt_lib_shutdown_stdio_1
    libshutdown.o(.ARM.Collect$$libshutdown$$00000000) refers (Special) to libshutdown2.o(.ARM.Collect$$libshutdown$$0000000C) for __rt_lib_shutdown_user_alloc_1
    sys_command.o(.text) refers (Special) to use_no_semi.o(.text) for __I$use$semihosting
    sys_command.o(.text) refers (Special) to indicate_semi.o(.text) for __semihosting_library_function
    defsig_rtmem_outer.o(.text) refers to defsig_rtmem_inner.o(.text) for __rt_SIGRTMEM_inner
    defsig_rtmem_outer.o(.text) refers to defsig_exit.o(.text) for __sig_exit
    defsig_rtmem_formal.o(.text) refers to rt_raise.o(.text) for __rt_raise
    rt_raise.o(.text) refers to __raise.o(.text) for __raise
    rt_raise.o(.text) refers to sys_exit.o(.text) for _sys_exit
    defsig_exit.o(.text) refers to sys_exit.o(.text) for _sys_exit
    defsig_rtmem_inner.o(.text) refers to defsig_general.o(.text) for __default_signal_display
    __raise.o(.text) refers to defsig.o(CL$$defsig) for __default_signal_handler
    defsig_general.o(.text) refers to sys_wrch.o(.text) for _ttywrch
    sys_wrch.o(.text) refers (Special) to use_no_semi.o(.text) for __I$use$semihosting
    sys_wrch.o(.text) refers (Special) to indicate_semi.o(.text) for __semihosting_library_function
    defsig.o(CL$$defsig) refers to defsig_rtmem_inner.o(.text) for __rt_SIGRTMEM_inner
    defsig_abrt_inner.o(.text) refers to defsig_general.o(.text) for __default_signal_display
    defsig_fpe_inner.o(.text) refers to defsig_general.o(.text) for __default_signal_display
    defsig_rtred_inner.o(.text) refers to defsig_general.o(.text) for __default_signal_display
    defsig_stak_inner.o(.text) refers to defsig_general.o(.text) for __default_signal_display
    defsig_pvfn_inner.o(.text) refers to defsig_general.o(.text) for __default_signal_display
    defsig_cppl_inner.o(.text) refers to defsig_general.o(.text) for __default_signal_display
    defsig_segv_inner.o(.text) refers to defsig_general.o(.text) for __default_signal_display
    defsig_other.o(.text) refers to defsig_general.o(.text) for __default_signal_display


==============================================================================

Removing Unused input sections from the image.

    Removing system_tm4c123_1.o(.rev16_text), (4 bytes).
    Removing system_tm4c123_1.o(.revsh_text), (4 bytes).
    Removing system_tm4c123_1.o(.rrx_text), (6 bytes).
    Removing system_tm4c123_1.o(i.SystemCoreClockUpdate), (196 bytes).
    Removing system_tm4c123_1.o(i.SystemInit), (136 bytes).
    Removing system_tm4c123_1.o(i.getOscClk), (248 bytes).
    Removing system_tm4c123_1.o(.data), (4 bytes).

7 unused section(s) (total 598 bytes) removed from the image.

==============================================================================

Image Symbol Table

    Local Symbols

    Symbol Name                              Value     Ov Type        Size  Object(Section)

    RESET                                    0x00000000   Section      620  startup_tm4c123_1.o(RESET)
    ../clib/angel/boardlib.s                 0x00000000   Number         0  boardshut.o ABSOLUTE
    ../clib/angel/boardlib.s                 0x00000000   Number         0  boardinit1.o ABSOLUTE
    ../clib/angel/boardlib.s                 0x00000000   Number         0  boardinit2.o ABSOLUTE
    ../clib/angel/boardlib.s                 0x00000000   Number         0  boardinit3.o ABSOLUTE
    ../clib/angel/handlers.s                 0x00000000   Number         0  __scatter_zi.o ABSOLUTE
    ../clib/angel/handlers.s                 0x00000000   Number         0  __scatter_copy.o ABSOLUTE
    ../clib/angel/kernel.s                   0x00000000   Number         0  __rtentry2.o ABSOLUTE
    ../clib/angel/kernel.s                   0x00000000   Number         0  rtexit2.o ABSOLUTE
    ../clib/angel/kernel.s                   0x00000000   Number         0  __rtentry.o ABSOLUTE
    ../clib/angel/kernel.s                   0x00000000   Number         0  __rtentry4.o ABSOLUTE
    ../clib/angel/kernel.s                   0x00000000   Number         0  rtexit.o ABSOLUTE
    ../clib/angel/rt.s                       0x00000000   Number         0  rt_raise.o ABSOLUTE
    ../clib/angel/scatter.s                  0x00000000   Number         0  __scatter.o ABSOLUTE
    ../clib/angel/startup.s                  0x00000000   Number         0  __main.o ABSOLUTE
    ../clib/angel/sys.s                      0x00000000   Number         0  indicate_semi.o ABSOLUTE
    ../clib/angel/sys.s                      0x00000000   Number         0  use_no_semi.o ABSOLUTE
    ../clib/angel/sys.s                      0x00000000   Number         0  sys_stackheap_outer.o ABSOLUTE
    ../clib/angel/sys.s                      0x00000000   Number         0  libspace.o ABSOLUTE
    ../clib/angel/sysapp.c                   0x00000000   Number         0  sys_command.o ABSOLUTE
    ../clib/angel/sysapp.c                   0x00000000   Number         0  sys_exit.o ABSOLUTE
    ../clib/angel/sysapp.c                   0x00000000   Number         0  sys_wrch.o ABSOLUTE
    ../clib/armsys.c                         0x00000000   Number         0  no_argv.o ABSOLUTE
    ../clib/armsys.c                         0x00000000   Number         0  argv_veneer.o ABSOLUTE
    ../clib/armsys.c                         0x00000000   Number         0  _get_argv_nomalloc.o ABSOLUTE
    ../clib/armsys.c                         0x00000000   Number         0  argv_veneer.o ABSOLUTE
    ../clib/heapalloc.c                      0x00000000   Number         0  hrguard.o ABSOLUTE
    ../clib/heapaux.c                        0x00000000   Number         0  heapauxi.o ABSOLUTE
    ../clib/libinit.s                        0x00000000   Number         0  libshutdown.o ABSOLUTE
    ../clib/libinit.s                        0x00000000   Number         0  libinit2.o ABSOLUTE
    ../clib/libinit.s                        0x00000000   Number         0  libshutdown2.o ABSOLUTE
    ../clib/libinit.s                        0x00000000   Number         0  libinit.o ABSOLUTE
    ../clib/signal.c                         0x00000000   Number         0  defsig_other.o ABSOLUTE
    ../clib/signal.c                         0x00000000   Number         0  defsig_segv_inner.o ABSOLUTE
    ../clib/signal.c                         0x00000000   Number         0  defsig_pvfn_inner.o ABSOLUTE
    ../clib/signal.c                         0x00000000   Number         0  defsig_stak_inner.o ABSOLUTE
    ../clib/signal.c                         0x00000000   Number         0  defsig_rtred_inner.o ABSOLUTE
    ../clib/signal.c                         0x00000000   Number         0  defsig_cppl_inner.o ABSOLUTE
    ../clib/signal.c                         0x00000000   Number         0  defsig_fpe_inner.o ABSOLUTE
    ../clib/signal.c                         0x00000000   Number         0  defsig_abrt_inner.o ABSOLUTE
    ../clib/signal.c                         0x00000000   Number         0  defsig_rtmem_formal.o ABSOLUTE
    ../clib/signal.c                         0x00000000   Number         0  defsig_general.o ABSOLUTE
    ../clib/signal.c                         0x00000000   Number         0  __raise.o ABSOLUTE
    ../clib/signal.c                         0x00000000   Number         0  defsig_rtmem_inner.o ABSOLUTE
    ../clib/signal.c                         0x00000000   Number         0  defsig_rtmem_outer.o ABSOLUTE
    ../clib/signal.c                         0x00000000   Number         0  defsig_exit.o ABSOLUTE
    ../clib/signal.s                         0x00000000   Number         0  defsig.o ABSOLUTE
    ../clib/stdlib.c                         0x00000000   Number         0  exit.o ABSOLUTE
    ../fplib/fpinit.s                        0x00000000   Number         0  fpinit.o ABSOLUTE
    P1P2_LAB2_EE588.c                        0x00000000   Number         0  p1p2_lab2_ee588.o ABSOLUTE
    RTE\Device\TM4C123GH6PM\startup_TM4C123.s 0x00000000   Number         0  startup_tm4c123_1.o ABSOLUTE
    RTE\Device\TM4C123GH6PM\system_TM4C123.c 0x00000000   Number         0  system_tm4c123_1.o ABSOLUTE
    RTE\\Device\\TM4C123GH6PM\\system_TM4C123.c 0x00000000   Number         0  system_tm4c123_1.o ABSOLUTE
    dc.s                                     0x00000000   Number         0  dc.o ABSOLUTE
    !!!main                                  0x0000026c   Section        8  __main.o(!!!main)
    !!!scatter                               0x00000274   Section       52  __scatter.o(!!!scatter)
    !!handler_copy                           0x000002a8   Section       26  __scatter_copy.o(!!handler_copy)
    !!handler_zi                             0x000002c4   Section       28  __scatter_zi.o(!!handler_zi)
    .ARM.Collect$$libinit$$00000000          0x000002e0   Section        2  libinit.o(.ARM.Collect$$libinit$$00000000)
    .ARM.Collect$$libinit$$00000002          0x000002e2   Section        0  libinit2.o(.ARM.Collect$$libinit$$00000002)
    .ARM.Collect$$libinit$$00000004          0x000002e2   Section        0  libinit2.o(.ARM.Collect$$libinit$$00000004)
    .ARM.Collect$$libinit$$0000000A          0x000002e2   Section        0  libinit2.o(.ARM.Collect$$libinit$$0000000A)
    .ARM.Collect$$libinit$$0000000C          0x000002e2   Section        0  libinit2.o(.ARM.Collect$$libinit$$0000000C)
    .ARM.Collect$$libinit$$0000000E          0x000002e2   Section        0  libinit2.o(.ARM.Collect$$libinit$$0000000E)
    .ARM.Collect$$libinit$$00000011          0x000002e2   Section        0  libinit2.o(.ARM.Collect$$libinit$$00000011)
    .ARM.Collect$$libinit$$00000013          0x000002e2   Section        0  libinit2.o(.ARM.Collect$$libinit$$00000013)
    .ARM.Collect$$libinit$$00000015          0x000002e2   Section        0  libinit2.o(.ARM.Collect$$libinit$$00000015)
    .ARM.Collect$$libinit$$00000017          0x000002e2   Section        0  libinit2.o(.ARM.Collect$$libinit$$00000017)
    .ARM.Collect$$libinit$$00000019          0x000002e2   Section        0  libinit2.o(.ARM.Collect$$libinit$$00000019)
    .ARM.Collect$$libinit$$0000001B          0x000002e2   Section        0  libinit2.o(.ARM.Collect$$libinit$$0000001B)
    .ARM.Collect$$libinit$$0000001D          0x000002e2   Section        0  libinit2.o(.ARM.Collect$$libinit$$0000001D)
    .ARM.Collect$$libinit$$0000001F          0x000002e2   Section        0  libinit2.o(.ARM.Collect$$libinit$$0000001F)
    .ARM.Collect$$libinit$$00000021          0x000002e2   Section        0  libinit2.o(.ARM.Collect$$libinit$$00000021)
    .ARM.Collect$$libinit$$00000023          0x000002e2   Section        0  libinit2.o(.ARM.Collect$$libinit$$00000023)
    .ARM.Collect$$libinit$$00000025          0x000002e2   Section        0  libinit2.o(.ARM.Collect$$libinit$$00000025)
    .ARM.Collect$$libinit$$0000002C          0x000002e2   Section        0  libinit2.o(.ARM.Collect$$libinit$$0000002C)
    .ARM.Collect$$libinit$$0000002E          0x000002e2   Section        0  libinit2.o(.ARM.Collect$$libinit$$0000002E)
    .ARM.Collect$$libinit$$00000030          0x000002e2   Section        0  libinit2.o(.ARM.Collect$$libinit$$00000030)
    .ARM.Collect$$libinit$$00000032          0x000002e2   Section        0  libinit2.o(.ARM.Collect$$libinit$$00000032)
    .ARM.Collect$$libinit$$00000033          0x000002e2   Section        2  libinit2.o(.ARM.Collect$$libinit$$00000033)
    .ARM.Collect$$libshutdown$$00000000      0x000002e4   Section        2  libshutdown.o(.ARM.Collect$$libshutdown$$00000000)
    .ARM.Collect$$libshutdown$$00000002      0x000002e6   Section        0  libshutdown2.o(.ARM.Collect$$libshutdown$$00000002)
    .ARM.Collect$$libshutdown$$00000004      0x000002e6   Section        0  libshutdown2.o(.ARM.Collect$$libshutdown$$00000004)
    .ARM.Collect$$libshutdown$$00000007      0x000002e6   Section        0  libshutdown2.o(.ARM.Collect$$libshutdown$$00000007)
    .ARM.Collect$$libshutdown$$0000000A      0x000002e6   Section        0  libshutdown2.o(.ARM.Collect$$libshutdown$$0000000A)
    .ARM.Collect$$libshutdown$$0000000C      0x000002e6   Section        0  libshutdown2.o(.ARM.Collect$$libshutdown$$0000000C)
    .ARM.Collect$$libshutdown$$0000000F      0x000002e6   Section        0  libshutdown2.o(.ARM.Collect$$libshutdown$$0000000F)
    .ARM.Collect$$libshutdown$$00000010      0x000002e6   Section        2  libshutdown2.o(.ARM.Collect$$libshutdown$$00000010)
    .ARM.Collect$$rtentry$$00000000          0x000002e8   Section        0  __rtentry.o(.ARM.Collect$$rtentry$$00000000)
    .ARM.Collect$$rtentry$$00000002          0x000002e8   Section        0  __rtentry2.o(.ARM.Collect$$rtentry$$00000002)
    .ARM.Collect$$rtentry$$00000004          0x000002e8   Section        6  __rtentry4.o(.ARM.Collect$$rtentry$$00000004)
    .ARM.Collect$$rtentry$$00000009          0x000002ee   Section        0  __rtentry2.o(.ARM.Collect$$rtentry$$00000009)
    .ARM.Collect$$rtentry$$0000000A          0x000002ee   Section        4  __rtentry2.o(.ARM.Collect$$rtentry$$0000000A)
    .ARM.Collect$$rtentry$$0000000C          0x000002f2   Section        0  __rtentry2.o(.ARM.Collect$$rtentry$$0000000C)
    .ARM.Collect$$rtentry$$0000000D          0x000002f2   Section        8  __rtentry2.o(.ARM.Collect$$rtentry$$0000000D)
    .ARM.Collect$$rtexit$$00000000           0x000002fa   Section        2  rtexit.o(.ARM.Collect$$rtexit$$00000000)
    .ARM.Collect$$rtexit$$00000002           0x000002fc   Section        0  rtexit2.o(.ARM.Collect$$rtexit$$00000002)
    .ARM.Collect$$rtexit$$00000003           0x000002fc   Section        4  rtexit2.o(.ARM.Collect$$rtexit$$00000003)
    .ARM.Collect$$rtexit$$00000004           0x00000300   Section        6  rtexit2.o(.ARM.Collect$$rtexit$$00000004)
    .text                                    0x00000308   Section      292  startup_tm4c123_1.o(.text)
    .text                                    0x0000042c   Section        0  heapauxi.o(.text)
    .text                                    0x00000432   Section       74  sys_stackheap_outer.o(.text)
    .text                                    0x0000047c   Section        0  exit.o(.text)
    .text                                    0x00000490   Section        8  libspace.o(.text)
    .text                                    0x00000498   Section        0  sys_exit.o(.text)
    .text                                    0x000004a4   Section        2  use_no_semi.o(.text)
    .text                                    0x000004a6   Section        0  indicate_semi.o(.text)
    i.GPIOPortD_Handler                      0x000004a8   Section        0  p1p2_lab2_ee588.o(i.GPIOPortD_Handler)
    i.GPIOPortF_Handler                      0x000004d4   Section        0  p1p2_lab2_ee588.o(i.GPIOPortF_Handler)
    i.OS_Signal                              0x00000524   Section        0  p1p2_lab2_ee588.o(i.OS_Signal)
    i.PortF_Output                           0x0000052c   Section        0  p1p2_lab2_ee588.o(i.PortF_Output)
    i.Switch_Init                            0x00000538   Section        0  p1p2_lab2_ee588.o(i.Switch_Init)
    i.SysTick_Init                           0x00000694   Section        0  p1p2_lab2_ee588.o(i.SysTick_Init)
    i.main                                   0x000006ac   Section        0  p1p2_lab2_ee588.o(i.main)
    .data                                    0x20000000   Section       16  p1p2_lab2_ee588.o(.data)
    .bss                                     0x20000010   Section       96  libspace.o(.bss)
    HEAP                                     0x20000070   Section        0  startup_tm4c123_1.o(HEAP)
    STACK                                    0x20000070   Section      512  startup_tm4c123_1.o(STACK)
    Heap_Mem                                 0x20000070   Data           0  startup_tm4c123_1.o(HEAP)
    Stack_Mem                                0x20000070   Data         512  startup_tm4c123_1.o(STACK)
    __initial_sp                             0x20000270   Data           0  startup_tm4c123_1.o(STACK)

    Global Symbols

    Symbol Name                              Value     Ov Type        Size  Object(Section)

    BuildAttributes$$THM_ISAv4$E$P$D$K$B$S$7EM$PE$A:L22UL41UL21$X:L11$S22US41US21$IEEE1$IW$USESV6$~STKCKD$USESV7$~SHL$OSPACE$ROPI$EBA8$UX$STANDARDLIB$REQ8$PRES8$EABIv2 0x00000000   Number         0  anon$$obj.o ABSOLUTE
    __ARM_use_no_argv                        0x00000000   Number         0  p1p2_lab2_ee588.o ABSOLUTE
    __Vectors                                0x00000000   Data           4  startup_tm4c123_1.o(RESET)
    __ARM_exceptions_init                     - Undefined Weak Reference
    __alloca_initialize                       - Undefined Weak Reference
    __arm_preinit_                            - Undefined Weak Reference
    __cpp_initialize__aeabi_                  - Undefined Weak Reference
    __cxa_finalize                            - Undefined Weak Reference
    __rt_locale                               - Undefined Weak Reference
    __sigvec_lookup                           - Undefined Weak Reference
    _atexit_init                              - Undefined Weak Reference
    _call_atexit_fns                          - Undefined Weak Reference
    _clock_init                               - Undefined Weak Reference
    _fp_trap_init                             - Undefined Weak Reference
    _fp_trap_shutdown                         - Undefined Weak Reference
    _get_lc_collate                           - Undefined Weak Reference
    _get_lc_ctype                             - Undefined Weak Reference
    _get_lc_monetary                          - Undefined Weak Reference
    _get_lc_numeric                           - Undefined Weak Reference
    _get_lc_time                              - Undefined Weak Reference
    _getenv_init                              - Undefined Weak Reference
    _handle_redirection                       - Undefined Weak Reference
    _init_alloc                               - Undefined Weak Reference
    _init_user_alloc                          - Undefined Weak Reference
    _initio                                   - Undefined Weak Reference
    _rand_init                                - Undefined Weak Reference
    _signal_finish                            - Undefined Weak Reference
    _signal_init                              - Undefined Weak Reference
    _terminate_alloc                          - Undefined Weak Reference
    _terminate_user_alloc                     - Undefined Weak Reference
    _terminateio                              - Undefined Weak Reference
    __Vectors_End                            0x0000026c   Data           0  startup_tm4c123_1.o(RESET)
    __Vectors_Size                           0x0000026c   Number         0  startup_tm4c123_1.o ABSOLUTE
    __main                                   0x0000026d   Thumb Code     8  __main.o(!!!main)
    __scatterload                            0x00000275   Thumb Code     0  __scatter.o(!!!scatter)
    __scatterload_rt2                        0x00000275   Thumb Code    44  __scatter.o(!!!scatter)
    __scatterload_rt2_thumb_only             0x00000275   Thumb Code     0  __scatter.o(!!!scatter)
    __scatterload_null                       0x00000283   Thumb Code     0  __scatter.o(!!!scatter)
    __scatterload_copy                       0x000002a9   Thumb Code    26  __scatter_copy.o(!!handler_copy)
    __scatterload_zeroinit                   0x000002c5   Thumb Code    28  __scatter_zi.o(!!handler_zi)
    __rt_lib_init                            0x000002e1   Thumb Code     0  libinit.o(.ARM.Collect$$libinit$$00000000)
    __rt_lib_init_alloca_1                   0x000002e3   Thumb Code     0  libinit2.o(.ARM.Collect$$libinit$$0000002E)
    __rt_lib_init_argv_1                     0x000002e3   Thumb Code     0  libinit2.o(.ARM.Collect$$libinit$$0000002C)
    __rt_lib_init_atexit_1                   0x000002e3   Thumb Code     0  libinit2.o(.ARM.Collect$$libinit$$0000001B)
    __rt_lib_init_clock_1                    0x000002e3   Thumb Code     0  libinit2.o(.ARM.Collect$$libinit$$00000021)
    __rt_lib_init_cpp_1                      0x000002e3   Thumb Code     0  libinit2.o(.ARM.Collect$$libinit$$00000032)
    __rt_lib_init_exceptions_1               0x000002e3   Thumb Code     0  libinit2.o(.ARM.Collect$$libinit$$00000030)
    __rt_lib_init_fp_1                       0x000002e3   Thumb Code     0  libinit2.o(.ARM.Collect$$libinit$$00000002)
    __rt_lib_init_fp_trap_1                  0x000002e3   Thumb Code     0  libinit2.o(.ARM.Collect$$libinit$$0000001F)
    __rt_lib_init_getenv_1                   0x000002e3   Thumb Code     0  libinit2.o(.ARM.Collect$$libinit$$00000023)
    __rt_lib_init_heap_1                     0x000002e3   Thumb Code     0  libinit2.o(.ARM.Collect$$libinit$$0000000A)
    __rt_lib_init_lc_collate_1               0x000002e3   Thumb Code     0  libinit2.o(.ARM.Collect$$libinit$$00000011)
    __rt_lib_init_lc_ctype_1                 0x000002e3   Thumb Code     0  libinit2.o(.ARM.Collect$$libinit$$00000013)
    __rt_lib_init_lc_monetary_1              0x000002e3   Thumb Code     0  libinit2.o(.ARM.Collect$$libinit$$00000015)
    __rt_lib_init_lc_numeric_1               0x000002e3   Thumb Code     0  libinit2.o(.ARM.Collect$$libinit$$00000017)
    __rt_lib_init_lc_time_1                  0x000002e3   Thumb Code     0  libinit2.o(.ARM.Collect$$libinit$$00000019)
    __rt_lib_init_preinit_1                  0x000002e3   Thumb Code     0  libinit2.o(.ARM.Collect$$libinit$$00000004)
    __rt_lib_init_rand_1                     0x000002e3   Thumb Code     0  libinit2.o(.ARM.Collect$$libinit$$0000000E)
    __rt_lib_init_return                     0x000002e3   Thumb Code     0  libinit2.o(.ARM.Collect$$libinit$$00000033)
    __rt_lib_init_signal_1                   0x000002e3   Thumb Code     0  libinit2.o(.ARM.Collect$$libinit$$0000001D)
    __rt_lib_init_stdio_1                    0x000002e3   Thumb Code     0  libinit2.o(.ARM.Collect$$libinit$$00000025)
    __rt_lib_init_user_alloc_1               0x000002e3   Thumb Code     0  libinit2.o(.ARM.Collect$$libinit$$0000000C)
    __rt_lib_shutdown                        0x000002e5   Thumb Code     0  libshutdown.o(.ARM.Collect$$libshutdown$$00000000)
    __rt_lib_shutdown_cpp_1                  0x000002e7   Thumb Code     0  libshutdown2.o(.ARM.Collect$$libshutdown$$00000002)
    __rt_lib_shutdown_fp_trap_1              0x000002e7   Thumb Code     0  libshutdown2.o(.ARM.Collect$$libshutdown$$00000007)
    __rt_lib_shutdown_heap_1                 0x000002e7   Thumb Code     0  libshutdown2.o(.ARM.Collect$$libshutdown$$0000000F)
    __rt_lib_shutdown_return                 0x000002e7   Thumb Code     0  libshutdown2.o(.ARM.Collect$$libshutdown$$00000010)
    __rt_lib_shutdown_signal_1               0x000002e7   Thumb Code     0  libshutdown2.o(.ARM.Collect$$libshutdown$$0000000A)
    __rt_lib_shutdown_stdio_1                0x000002e7   Thumb Code     0  libshutdown2.o(.ARM.Collect$$libshutdown$$00000004)
    __rt_lib_shutdown_user_alloc_1           0x000002e7   Thumb Code     0  libshutdown2.o(.ARM.Collect$$libshutdown$$0000000C)
    __rt_entry                               0x000002e9   Thumb Code     0  __rtentry.o(.ARM.Collect$$rtentry$$00000000)
    __rt_entry_presh_1                       0x000002e9   Thumb Code     0  __rtentry2.o(.ARM.Collect$$rtentry$$00000002)
    __rt_entry_sh                            0x000002e9   Thumb Code     0  __rtentry4.o(.ARM.Collect$$rtentry$$00000004)
    __rt_entry_li                            0x000002ef   Thumb Code     0  __rtentry2.o(.ARM.Collect$$rtentry$$0000000A)
    __rt_entry_postsh_1                      0x000002ef   Thumb Code     0  __rtentry2.o(.ARM.Collect$$rtentry$$00000009)
    __rt_entry_main                          0x000002f3   Thumb Code     0  __rtentry2.o(.ARM.Collect$$rtentry$$0000000D)
    __rt_entry_postli_1                      0x000002f3   Thumb Code     0  __rtentry2.o(.ARM.Collect$$rtentry$$0000000C)
    __rt_exit                                0x000002fb   Thumb Code     0  rtexit.o(.ARM.Collect$$rtexit$$00000000)
    __rt_exit_ls                             0x000002fd   Thumb Code     0  rtexit2.o(.ARM.Collect$$rtexit$$00000003)
    __rt_exit_prels_1                        0x000002fd   Thumb Code     0  rtexit2.o(.ARM.Collect$$rtexit$$00000002)
    __rt_exit_exit                           0x00000301   Thumb Code     0  rtexit2.o(.ARM.Collect$$rtexit$$00000004)
    Reset_Handler                            0x00000309   Thumb Code     4  startup_tm4c123_1.o(.text)
    NMI_Handler                              0x0000030d   Thumb Code     2  startup_tm4c123_1.o(.text)
    HardFault_Handler                        0x0000030f   Thumb Code     2  startup_tm4c123_1.o(.text)
    MemManage_Handler                        0x00000311   Thumb Code     2  startup_tm4c123_1.o(.text)
    BusFault_Handler                         0x00000313   Thumb Code     2  startup_tm4c123_1.o(.text)
    UsageFault_Handler                       0x00000315   Thumb Code     2  startup_tm4c123_1.o(.text)
    SVC_Handler                              0x00000317   Thumb Code     2  startup_tm4c123_1.o(.text)
    DebugMon_Handler                         0x00000319   Thumb Code     2  startup_tm4c123_1.o(.text)
    PendSV_Handler                           0x0000031b   Thumb Code     2  startup_tm4c123_1.o(.text)
    SysTick_Handler                          0x0000031d   Thumb Code     2  startup_tm4c123_1.o(.text)
    GPIOPortA_Handler                        0x0000031f   Thumb Code     2  startup_tm4c123_1.o(.text)
    GPIOPortB_Handler                        0x00000321   Thumb Code     2  startup_tm4c123_1.o(.text)
    GPIOPortC_Handler                        0x00000323   Thumb Code     2  startup_tm4c123_1.o(.text)
    GPIOPortE_Handler                        0x00000327   Thumb Code     2  startup_tm4c123_1.o(.text)
    UART0_Handler                            0x00000329   Thumb Code     2  startup_tm4c123_1.o(.text)
    UART1_Handler                            0x0000032b   Thumb Code     2  startup_tm4c123_1.o(.text)
    SSI0_Handler                             0x0000032d   Thumb Code     2  startup_tm4c123_1.o(.text)
    I2C0_Handler                             0x0000032f   Thumb Code     2  startup_tm4c123_1.o(.text)
    PMW0_FAULT_Handler                       0x00000331   Thumb Code     2  startup_tm4c123_1.o(.text)
    PWM0Generator0_Handler                   0x00000333   Thumb Code     2  startup_tm4c123_1.o(.text)
    PWM0Generator1_Handler                   0x00000335   Thumb Code     2  startup_tm4c123_1.o(.text)
    PWM0Generator2_Handler                   0x00000337   Thumb Code     2  startup_tm4c123_1.o(.text)
    Quadrature0_Handler                      0x00000339   Thumb Code     2  startup_tm4c123_1.o(.text)
    ADC0Seq0_Handler                         0x0000033b   Thumb Code     2  startup_tm4c123_1.o(.text)
    ADC0Seq1_Handler                         0x0000033d   Thumb Code     2  startup_tm4c123_1.o(.text)
    ADC0Seq2_Handler                         0x0000033f   Thumb Code     2  startup_tm4c123_1.o(.text)
    ADC0Seq3_Handler                         0x00000341   Thumb Code     2  startup_tm4c123_1.o(.text)
    WDT_Handler                              0x00000343   Thumb Code     2  startup_tm4c123_1.o(.text)
    TIMER0A_Handler                          0x00000345   Thumb Code     2  startup_tm4c123_1.o(.text)
    TIMER0B_Handler                          0x00000347   Thumb Code     2  startup_tm4c123_1.o(.text)
    TIMER1A_Handler                          0x00000349   Thumb Code     2  startup_tm4c123_1.o(.text)
    TIMER1B_Handler                          0x0000034b   Thumb Code     2  startup_tm4c123_1.o(.text)
    TIMER2A_Handler                          0x0000034d   Thumb Code     2  startup_tm4c123_1.o(.text)
    TIMER2B_Handler                          0x0000034f   Thumb Code     2  startup_tm4c123_1.o(.text)
    COMP0_Handler                            0x00000351   Thumb Code     2  startup_tm4c123_1.o(.text)
    COMP1_Handler                            0x00000353   Thumb Code     2  startup_tm4c123_1.o(.text)
    COMP2_Handler                            0x00000355   Thumb Code     2  startup_tm4c123_1.o(.text)
    SYSCTL_Handler                           0x00000357   Thumb Code     2  startup_tm4c123_1.o(.text)
    FlashCtl_Handler                         0x00000359   Thumb Code     2  startup_tm4c123_1.o(.text)
    GPIOPortG_Handler                        0x0000035d   Thumb Code     2  startup_tm4c123_1.o(.text)
    GPIOPortH_Handler                        0x0000035f   Thumb Code     2  startup_tm4c123_1.o(.text)
    UART2_Handler                            0x00000361   Thumb Code     2  startup_tm4c123_1.o(.text)
    SSI1_Handler                             0x00000363   Thumb Code     2  startup_tm4c123_1.o(.text)
    TIMER3A_Handler                          0x00000365   Thumb Code     2  startup_tm4c123_1.o(.text)
    TIMER3B_Handler                          0x00000367   Thumb Code     2  startup_tm4c123_1.o(.text)
    I2C1_Handler                             0x00000369   Thumb Code     2  startup_tm4c123_1.o(.text)
    Quadrature1_Handler                      0x0000036b   Thumb Code     2  startup_tm4c123_1.o(.text)
    CAN0_Handler                             0x0000036d   Thumb Code     2  startup_tm4c123_1.o(.text)
    CAN1_Handler                             0x0000036f   Thumb Code     2  startup_tm4c123_1.o(.text)
    CAN2_Handler                             0x00000371   Thumb Code     2  startup_tm4c123_1.o(.text)
    Hibernate_Handler                        0x00000373   Thumb Code     2  startup_tm4c123_1.o(.text)
    USB0_Handler                             0x00000375   Thumb Code     2  startup_tm4c123_1.o(.text)
    PWM0Generator3_Handler                   0x00000377   Thumb Code     2  startup_tm4c123_1.o(.text)
    UDMA_Handler                             0x00000379   Thumb Code     2  startup_tm4c123_1.o(.text)
    UDMAERR_Handler                          0x0000037b   Thumb Code     2  startup_tm4c123_1.o(.text)
    ADC1Seq0_Handler                         0x0000037d   Thumb Code     2  startup_tm4c123_1.o(.text)
    ADC1Seq1_Handler                         0x0000037f   Thumb Code     2  startup_tm4c123_1.o(.text)
    ADC1Seq2_Handler                         0x00000381   Thumb Code     2  startup_tm4c123_1.o(.text)
    ADC1Seq3_Handler                         0x00000383   Thumb Code     2  startup_tm4c123_1.o(.text)
    GPIOPortJ_Handler                        0x00000385   Thumb Code     2  startup_tm4c123_1.o(.text)
    GPIOPortK_Handler                        0x00000387   Thumb Code     2  startup_tm4c123_1.o(.text)
    GPIOPortL_Handler                        0x00000389   Thumb Code     2  startup_tm4c123_1.o(.text)
    SSI2_Handler                             0x0000038b   Thumb Code     2  startup_tm4c123_1.o(.text)
    SSI3_Handler                             0x0000038d   Thumb Code     2  startup_tm4c123_1.o(.text)
    UART3_Handler                            0x0000038f   Thumb Code     2  startup_tm4c123_1.o(.text)
    UART4_Handler                            0x00000391   Thumb Code     2  startup_tm4c123_1.o(.text)
    UART5_Handler                            0x00000393   Thumb Code     2  startup_tm4c123_1.o(.text)
    UART6_Handler                            0x00000395   Thumb Code     2  startup_tm4c123_1.o(.text)
    UART7_Handler                            0x00000397   Thumb Code     2  startup_tm4c123_1.o(.text)
    I2C2_Handler                             0x00000399   Thumb Code     2  startup_tm4c123_1.o(.text)
    I2C3_Handler                             0x0000039b   Thumb Code     2  startup_tm4c123_1.o(.text)
    TIMER4A_Handler                          0x0000039d   Thumb Code     2  startup_tm4c123_1.o(.text)
    TIMER4B_Handler                          0x0000039f   Thumb Code     2  startup_tm4c123_1.o(.text)
    TIMER5A_Handler                          0x000003a1   Thumb Code     2  startup_tm4c123_1.o(.text)
    TIMER5B_Handler                          0x000003a3   Thumb Code     2  startup_tm4c123_1.o(.text)
    WideTimer0A_Handler                      0x000003a5   Thumb Code     2  startup_tm4c123_1.o(.text)
    WideTimer0B_Handler                      0x000003a7   Thumb Code     2  startup_tm4c123_1.o(.text)
    WideTimer1A_Handler                      0x000003a9   Thumb Code     2  startup_tm4c123_1.o(.text)
    WideTimer1B_Handler                      0x000003ab   Thumb Code     2  startup_tm4c123_1.o(.text)
    WideTimer2A_Handler                      0x000003ad   Thumb Code     2  startup_tm4c123_1.o(.text)
    WideTimer2B_Handler                      0x000003af   Thumb Code     2  startup_tm4c123_1.o(.text)
    WideTimer3A_Handler                      0x000003b1   Thumb Code     2  startup_tm4c123_1.o(.text)
    WideTimer3B_Handler                      0x000003b3   Thumb Code     2  startup_tm4c123_1.o(.text)
    WideTimer4A_Handler                      0x000003b5   Thumb Code     2  startup_tm4c123_1.o(.text)
    WideTimer4B_Handler                      0x000003b7   Thumb Code     2  startup_tm4c123_1.o(.text)
    WideTimer5A_Handler                      0x000003b9   Thumb Code     2  startup_tm4c123_1.o(.text)
    WideTimer5B_Handler                      0x000003bb   Thumb Code     2  startup_tm4c123_1.o(.text)
    FPU_Handler                              0x000003bd   Thumb Code     2  startup_tm4c123_1.o(.text)
    I2C4_Handler                             0x000003bf   Thumb Code     2  startup_tm4c123_1.o(.text)
    I2C5_Handler                             0x000003c1   Thumb Code     2  startup_tm4c123_1.o(.text)
    GPIOPortM_Handler                        0x000003c3   Thumb Code     2  startup_tm4c123_1.o(.text)
    GPIOPortN_Handler                        0x000003c5   Thumb Code     2  startup_tm4c123_1.o(.text)
    QEI2_Handler                             0x000003c7   Thumb Code     2  startup_tm4c123_1.o(.text)
    GPIOPortP0_Handler                       0x000003c9   Thumb Code     2  startup_tm4c123_1.o(.text)
    GPIOPortP1_Handler                       0x000003cb   Thumb Code     2  startup_tm4c123_1.o(.text)
    GPIOPortP2_Handler                       0x000003cd   Thumb Code     2  startup_tm4c123_1.o(.text)
    GPIOPortP3_Handler                       0x000003cf   Thumb Code     2  startup_tm4c123_1.o(.text)
    GPIOPortP4_Handler                       0x000003d1   Thumb Code     2  startup_tm4c123_1.o(.text)
    GPIOPortP5_Handler                       0x000003d3   Thumb Code     2  startup_tm4c123_1.o(.text)
    GPIOPortP6_Handler                       0x000003d5   Thumb Code     2  startup_tm4c123_1.o(.text)
    GPIOPortP7_Handler                       0x000003d7   Thumb Code     2  startup_tm4c123_1.o(.text)
    GPIOPortQ0_Handler                       0x000003d9   Thumb Code     2  startup_tm4c123_1.o(.text)
    GPIOPortQ1_Handler                       0x000003db   Thumb Code     2  startup_tm4c123_1.o(.text)
    GPIOPortQ2_Handler                       0x000003dd   Thumb Code     2  startup_tm4c123_1.o(.text)
    GPIOPortQ3_Handler                       0x000003df   Thumb Code     2  startup_tm4c123_1.o(.text)
    GPIOPortQ4_Handler                       0x000003e1   Thumb Code     2  startup_tm4c123_1.o(.text)
    GPIOPortQ5_Handler                       0x000003e3   Thumb Code     2  startup_tm4c123_1.o(.text)
    GPIOPortQ6_Handler                       0x000003e5   Thumb Code     2  startup_tm4c123_1.o(.text)
    GPIOPortQ7_Handler                       0x000003e7   Thumb Code     2  startup_tm4c123_1.o(.text)
    GPIOPortR_Handler                        0x000003e9   Thumb Code     2  startup_tm4c123_1.o(.text)
    GPIOPortS_Handler                        0x000003eb   Thumb Code     2  startup_tm4c123_1.o(.text)
    PWM1Generator0_Handler                   0x000003ed   Thumb Code     2  startup_tm4c123_1.o(.text)
    PWM1Generator1_Handler                   0x000003ef   Thumb Code     2  startup_tm4c123_1.o(.text)
    PWM1Generator2_Handler                   0x000003f1   Thumb Code     2  startup_tm4c123_1.o(.text)
    PWM1Generator3_Handler                   0x000003f3   Thumb Code     2  startup_tm4c123_1.o(.text)
    PWM1Fault_Handler                        0x000003f5   Thumb Code     2  startup_tm4c123_1.o(.text)
    DisableInterrupts                        0x000003fd   Thumb Code     0  startup_tm4c123_1.o(.text)
    EnableInterrupts                         0x00000401   Thumb Code     0  startup_tm4c123_1.o(.text)
    StartCritical                            0x00000405   Thumb Code     0  startup_tm4c123_1.o(.text)
    EndCritical                              0x0000040d   Thumb Code     0  startup_tm4c123_1.o(.text)
    WaitForInterrupt                         0x00000413   Thumb Code     0  startup_tm4c123_1.o(.text)
    __user_initial_stackheap                 0x00000417   Thumb Code     0  startup_tm4c123_1.o(.text)
    __use_two_region_memory                  0x0000042d   Thumb Code     2  heapauxi.o(.text)
    __rt_heap_escrow$2region                 0x0000042f   Thumb Code     2  heapauxi.o(.text)
    __rt_heap_expand$2region                 0x00000431   Thumb Code     2  heapauxi.o(.text)
    __user_setup_stackheap                   0x00000433   Thumb Code    74  sys_stackheap_outer.o(.text)
    exit                                     0x0000047d   Thumb Code    18  exit.o(.text)
    __user_libspace                          0x00000491   Thumb Code     8  libspace.o(.text)
    __user_perproc_libspace                  0x00000491   Thumb Code     0  libspace.o(.text)
    __user_perthread_libspace                0x00000491   Thumb Code     0  libspace.o(.text)
    _sys_exit                                0x00000499   Thumb Code     8  sys_exit.o(.text)
    __I$use$semihosting                      0x000004a5   Thumb Code     0  use_no_semi.o(.text)
    __use_no_semihosting_swi                 0x000004a5   Thumb Code     2  use_no_semi.o(.text)
    __semihosting_library_function           0x000004a7   Thumb Code     0  indicate_semi.o(.text)
    GPIOPortD_Handler                        0x000004a9   Thumb Code    30  p1p2_lab2_ee588.o(i.GPIOPortD_Handler)
    GPIOPortF_Handler                        0x000004d5   Thumb Code    62  p1p2_lab2_ee588.o(i.GPIOPortF_Handler)
    OS_Signal                                0x00000525   Thumb Code     8  p1p2_lab2_ee588.o(i.OS_Signal)
    PortF_Output                             0x0000052d   Thumb Code     6  p1p2_lab2_ee588.o(i.PortF_Output)
    Switch_Init                              0x00000539   Thumb Code   306  p1p2_lab2_ee588.o(i.Switch_Init)
    SysTick_Init                             0x00000695   Thumb Code    24  p1p2_lab2_ee588.o(i.SysTick_Init)
    main                                     0x000006ad   Thumb Code    96  p1p2_lab2_ee588.o(i.main)
    Region$$Table$$Base                      0x00000720   Number         0  anon$$obj.o(Region$$Table)
    Region$$Table$$Limit                     0x00000740   Number         0  anon$$obj.o(Region$$Table)
    SW1                                      0x20000000   Data           4  p1p2_lab2_ee588.o(.data)
    SW2                                      0x20000004   Data           4  p1p2_lab2_ee588.o(.data)
    before                                   0x20000008   Data           4  p1p2_lab2_ee588.o(.data)
    elapsed                                  0x2000000c   Data           4  p1p2_lab2_ee588.o(.data)
    __libspace_start                         0x20000010   Data          96  libspace.o(.bss)
    __temporary_stack_top$libspace           0x20000070   Data           0  libspace.o(.bss)



==============================================================================

Memory Map of the image

  Image Entry point : 0x00000309

  Load Region LR_1 (Base: 0x00000000, Size: 0x00000750, Max: 0xffffffff, ABSOLUTE)

    Execution Region ER_RO (Exec base: 0x00000000, Load base: 0x00000000, Size: 0x00000740, Max: 0xffffffff, ABSOLUTE)

    Exec Addr    Load Addr    Size         Type   Attr      Idx    E Section Name        Object

    0x00000000   0x00000000   0x0000026c   Data   RO           62    RESET               startup_tm4c123_1.o
    0x0000026c   0x0000026c   0x00000008   Code   RO          129  * !!!main             c_w.l(__main.o)
    0x00000274   0x00000274   0x00000034   Code   RO          286    !!!scatter          c_w.l(__scatter.o)
    0x000002a8   0x000002a8   0x0000001a   Code   RO          288    !!handler_copy      c_w.l(__scatter_copy.o)
    0x000002c2   0x000002c2   0x00000002   PAD
    0x000002c4   0x000002c4   0x0000001c   Code   RO          290    !!handler_zi        c_w.l(__scatter_zi.o)
    0x000002e0   0x000002e0   0x00000002   Code   RO          156    .ARM.Collect$$libinit$$00000000  c_w.l(libinit.o)
    0x000002e2   0x000002e2   0x00000000   Code   RO          163    .ARM.Collect$$libinit$$00000002  c_w.l(libinit2.o)
    0x000002e2   0x000002e2   0x00000000   Code   RO          165    .ARM.Collect$$libinit$$00000004  c_w.l(libinit2.o)
    0x000002e2   0x000002e2   0x00000000   Code   RO          168    .ARM.Collect$$libinit$$0000000A  c_w.l(libinit2.o)
    0x000002e2   0x000002e2   0x00000000   Code   RO          170    .ARM.Collect$$libinit$$0000000C  c_w.l(libinit2.o)
    0x000002e2   0x000002e2   0x00000000   Code   RO          172    .ARM.Collect$$libinit$$0000000E  c_w.l(libinit2.o)
    0x000002e2   0x000002e2   0x00000000   Code   RO          175    .ARM.Collect$$libinit$$00000011  c_w.l(libinit2.o)
    0x000002e2   0x000002e2   0x00000000   Code   RO          177    .ARM.Collect$$libinit$$00000013  c_w.l(libinit2.o)
    0x000002e2   0x000002e2   0x00000000   Code   RO          179    .ARM.Collect$$libinit$$00000015  c_w.l(libinit2.o)
    0x000002e2   0x000002e2   0x00000000   Code   RO          181    .ARM.Collect$$libinit$$00000017  c_w.l(libinit2.o)
    0x000002e2   0x000002e2   0x00000000   Code   RO          183    .ARM.Collect$$libinit$$00000019  c_w.l(libinit2.o)
    0x000002e2   0x000002e2   0x00000000   Code   RO          185    .ARM.Collect$$libinit$$0000001B  c_w.l(libinit2.o)
    0x000002e2   0x000002e2   0x00000000   Code   RO          187    .ARM.Collect$$libinit$$0000001D  c_w.l(libinit2.o)
    0x000002e2   0x000002e2   0x00000000   Code   RO          189    .ARM.Collect$$libinit$$0000001F  c_w.l(libinit2.o)
    0x000002e2   0x000002e2   0x00000000   Code   RO          191    .ARM.Collect$$libinit$$00000021  c_w.l(libinit2.o)
    0x000002e2   0x000002e2   0x00000000   Code   RO          193    .ARM.Collect$$libinit$$00000023  c_w.l(libinit2.o)
    0x000002e2   0x000002e2   0x00000000   Code   RO          195    .ARM.Collect$$libinit$$00000025  c_w.l(libinit2.o)
    0x000002e2   0x000002e2   0x00000000   Code   RO          199    .ARM.Collect$$libinit$$0000002C  c_w.l(libinit2.o)
    0x000002e2   0x000002e2   0x00000000   Code   RO          201    .ARM.Collect$$libinit$$0000002E  c_w.l(libinit2.o)
    0x000002e2   0x000002e2   0x00000000   Code   RO          203    .ARM.Collect$$libinit$$00000030  c_w.l(libinit2.o)
    0x000002e2   0x000002e2   0x00000000   Code   RO          205    .ARM.Collect$$libinit$$00000032  c_w.l(libinit2.o)
    0x000002e2   0x000002e2   0x00000002   Code   RO          206    .ARM.Collect$$libinit$$00000033  c_w.l(libinit2.o)
    0x000002e4   0x000002e4   0x00000002   Code   RO          226    .ARM.Collect$$libshutdown$$00000000  c_w.l(libshutdown.o)
    0x000002e6   0x000002e6   0x00000000   Code   RO          239    .ARM.Collect$$libshutdown$$00000002  c_w.l(libshutdown2.o)
    0x000002e6   0x000002e6   0x00000000   Code   RO          241    .ARM.Collect$$libshutdown$$00000004  c_w.l(libshutdown2.o)
    0x000002e6   0x000002e6   0x00000000   Code   RO          244    .ARM.Collect$$libshutdown$$00000007  c_w.l(libshutdown2.o)
    0x000002e6   0x000002e6   0x00000000   Code   RO          247    .ARM.Collect$$libshutdown$$0000000A  c_w.l(libshutdown2.o)
    0x000002e6   0x000002e6   0x00000000   Code   RO          249    .ARM.Collect$$libshutdown$$0000000C  c_w.l(libshutdown2.o)
    0x000002e6   0x000002e6   0x00000000   Code   RO          252    .ARM.Collect$$libshutdown$$0000000F  c_w.l(libshutdown2.o)
    0x000002e6   0x000002e6   0x00000002   Code   RO          253    .ARM.Collect$$libshutdown$$00000010  c_w.l(libshutdown2.o)
    0x000002e8   0x000002e8   0x00000000   Code   RO          131    .ARM.Collect$$rtentry$$00000000  c_w.l(__rtentry.o)
    0x000002e8   0x000002e8   0x00000000   Code   RO          133    .ARM.Collect$$rtentry$$00000002  c_w.l(__rtentry2.o)
    0x000002e8   0x000002e8   0x00000006   Code   RO          145    .ARM.Collect$$rtentry$$00000004  c_w.l(__rtentry4.o)
    0x000002ee   0x000002ee   0x00000000   Code   RO          135    .ARM.Collect$$rtentry$$00000009  c_w.l(__rtentry2.o)
    0x000002ee   0x000002ee   0x00000004   Code   RO          136    .ARM.Collect$$rtentry$$0000000A  c_w.l(__rtentry2.o)
    0x000002f2   0x000002f2   0x00000000   Code   RO          138    .ARM.Collect$$rtentry$$0000000C  c_w.l(__rtentry2.o)
    0x000002f2   0x000002f2   0x00000008   Code   RO          139    .ARM.Collect$$rtentry$$0000000D  c_w.l(__rtentry2.o)
    0x000002fa   0x000002fa   0x00000002   Code   RO          160    .ARM.Collect$$rtexit$$00000000  c_w.l(rtexit.o)
    0x000002fc   0x000002fc   0x00000000   Code   RO          208    .ARM.Collect$$rtexit$$00000002  c_w.l(rtexit2.o)
    0x000002fc   0x000002fc   0x00000004   Code   RO          209    .ARM.Collect$$rtexit$$00000003  c_w.l(rtexit2.o)
    0x00000300   0x00000300   0x00000006   Code   RO          210    .ARM.Collect$$rtexit$$00000004  c_w.l(rtexit2.o)
    0x00000306   0x00000306   0x00000002   PAD
    0x00000308   0x00000308   0x00000124   Code   RO           63  * .text               startup_tm4c123_1.o
    0x0000042c   0x0000042c   0x00000006   Code   RO          127    .text               c_w.l(heapauxi.o)
    0x00000432   0x00000432   0x0000004a   Code   RO          147    .text               c_w.l(sys_stackheap_outer.o)
    0x0000047c   0x0000047c   0x00000012   Code   RO          149    .text               c_w.l(exit.o)
    0x0000048e   0x0000048e   0x00000002   PAD
    0x00000490   0x00000490   0x00000008   Code   RO          157    .text               c_w.l(libspace.o)
    0x00000498   0x00000498   0x0000000c   Code   RO          218    .text               c_w.l(sys_exit.o)
    0x000004a4   0x000004a4   0x00000002   Code   RO          229    .text               c_w.l(use_no_semi.o)
    0x000004a6   0x000004a6   0x00000000   Code   RO          231    .text               c_w.l(indicate_semi.o)
    0x000004a6   0x000004a6   0x00000002   PAD
    0x000004a8   0x000004a8   0x0000002c   Code   RO            1    i.GPIOPortD_Handler  p1p2_lab2_ee588.o
    0x000004d4   0x000004d4   0x00000050   Code   RO            2    i.GPIOPortF_Handler  p1p2_lab2_ee588.o
    0x00000524   0x00000524   0x00000008   Code   RO            3    i.OS_Signal         p1p2_lab2_ee588.o
    0x0000052c   0x0000052c   0x0000000c   Code   RO            4    i.PortF_Output      p1p2_lab2_ee588.o
    0x00000538   0x00000538   0x0000015c   Code   RO            5    i.Switch_Init       p1p2_lab2_ee588.o
    0x00000694   0x00000694   0x00000018   Code   RO            6    i.SysTick_Init      p1p2_lab2_ee588.o
    0x000006ac   0x000006ac   0x00000074   Code   RO            7    i.main              p1p2_lab2_ee588.o
    0x00000720   0x00000720   0x00000020   Data   RO          284    Region$$Table       anon$$obj.o


    Execution Region ER_RW (Exec base: 0x20000000, Load base: 0x00000740, Size: 0x00000010, Max: 0xffffffff, ABSOLUTE)

    Exec Addr    Load Addr    Size         Type   Attr      Idx    E Section Name        Object

    0x20000000   0x00000740   0x00000010   Data   RW            8    .data               p1p2_lab2_ee588.o


    Execution Region ER_ZI (Exec base: 0x20000010, Load base: 0x00000750, Size: 0x00000260, Max: 0xffffffff, ABSOLUTE)

    Exec Addr    Load Addr    Size         Type   Attr      Idx    E Section Name        Object

    0x20000010        -       0x00000060   Zero   RW          158    .bss                c_w.l(libspace.o)
    0x20000070        -       0x00000000   Zero   RW           61    HEAP                startup_tm4c123_1.o
    0x20000070        -       0x00000200   Zero   RW           60    STACK               startup_tm4c123_1.o


==============================================================================

Image component sizes


      Code (inc. data)   RO Data    RW Data    ZI Data      Debug   Object Name

       632        100          0         16          0       8208   p1p2_lab2_ee588.o
       292         18        620          0        512       5692   startup_tm4c123_1.o

    ----------------------------------------------------------------------
       924        118        652         16        512      13900   Object Totals
         0          0         32          0          0          0   (incl. Generated)
         0          0          0          0          0          0   (incl. Padding)

    ----------------------------------------------------------------------

      Code (inc. data)   RO Data    RW Data    ZI Data      Debug   Library Member Name

         8          0          0          0          0         68   __main.o
         0          0          0          0          0          0   __rtentry.o
        12          0          0          0          0          0   __rtentry2.o
         6          0          0          0          0          0   __rtentry4.o
        52          8          0          0          0          0   __scatter.o
        26          0          0          0          0          0   __scatter_copy.o
        28          0          0          0          0          0   __scatter_zi.o
        18          0          0          0          0         80   exit.o
         6          0          0          0          0        152   heapauxi.o
         0          0          0          0          0          0   indicate_semi.o
         2          0          0          0          0          0   libinit.o
         2          0          0          0          0          0   libinit2.o
         2          0          0          0          0          0   libshutdown.o
         2          0          0          0          0          0   libshutdown2.o
         8          4          0          0         96         68   libspace.o
         2          0          0          0          0          0   rtexit.o
        10          0          0          0          0          0   rtexit2.o
        12          4          0          0          0         68   sys_exit.o
        74          0          0          0          0         80   sys_stackheap_outer.o
         2          0          0          0          0         68   use_no_semi.o

    ----------------------------------------------------------------------
       280         16          0          0         96        584   Library Totals
         8          0          0          0          0          0   (incl. Padding)

    ----------------------------------------------------------------------

      Code (inc. data)   RO Data    RW Data    ZI Data      Debug   Library Name

       272         16          0          0         96        584   c_w.l

    ----------------------------------------------------------------------
       280         16          0          0         96        584   Library Totals

    ----------------------------------------------------------------------

==============================================================================


      Code (inc. data)   RO Data    RW Data    ZI Data      Debug   

      1204        134        652         16        608      14116   Grand Totals
      1204        134        652         16        608      14116   ELF Image Totals
      1204        134        652         16          0          0   ROM Totals

==============================================================================

    Total RO  Size (Code + RO Data)                 1856 (   1.81kB)
    Total RW  Size (RW Data + ZI Data)               624 (   0.61kB)
    Total ROM Size (Code + RO Data + RW Data)       1872 (   1.83kB)

==============================================================================

