<html>
<body>
<pre>
<h1>µVision Build Log</h1>
<h2>Tool Versions:</h2>
IDE-Version: µVision V5.24.2.0
Copyright (C) 2017 ARM Ltd and ARM Germany GmbH. All rights reserved.
License Information: Matt Ruffner, University of Kentucky, LIC=----
 
Tool Versions:
Toolchain:       MDK-Lite  Version: 5.24.1
Toolchain Path:  C:\Keil_v5\ARM\ARMCC\Bin
C Compiler:      Armcc.exe V5.06 update 5 (build 528)
Assembler:       Armasm.exe V5.06 update 5 (build 528)
Linker/Locator:  ArmLink.exe V5.06 update 5 (build 528)
Library Manager: ArmAr.exe V5.06 update 5 (build 528)
Hex Converter:   FromElf.exe V5.06 update 5 (build 528)
CPU DLL:         SARMCM3.DLL V5.24.1
Dialog DLL:      DCM.DLL V1.16.0.0
Target DLL:      UL2CM3.DLL V1.160.3.0
Dialog DLL:      TCM.DLL V1.32.0.0
 
<h2>Project:</h2>
C:\Users\Matt\Desktop\EE588_LAB2\P1P2\P1P2_LAB2_EE588.uvprojx
Project File Date:  09/29/2017

<h2>Output:</h2>
*** Using Compiler 'V5.06 update 5 (build 528)', folder: 'C:\Keil_v5\ARM\ARMCC\Bin'
Rebuild target 'p1p1'
assembling startup_TM4C123.s...
compiling system_TM4C123.c...
compiling P1P2_LAB2_EE588.c...
P1P2_LAB2_EE588.c(57): warning:  #61-D: integer operation result is out of range
  	
VIC_PRI4_R |= (0x4 << 29);			// PORT D PRIORITY TO 4
P1P2_LAB2_EE588.c(57): warning:  #68-D: integer conversion resulted in a change of sign
  	
VIC_PRI4_R |= (0x4 << 29);			// PORT D PRIORITY TO 4
P1P2_LAB2_EE588.c: 2 warnings, 0 errors
linking...
Program Size: Code=1204 RO-data=652 RW-data=16 ZI-data=608  
".\Objects\InputOutput.axf" - 0 Error(s), 2 Warning(s).

<h2>Software Packages used:</h2>

Package Vendor: ARM
                http://www.keil.com/pack/ARM.CMSIS.5.0.1.pack
                ARM.CMSIS.5.0.1
                CMSIS (Cortex Microcontroller Software Interface Standard)
   * Component: CORE Version: 5.0.1

Package Vendor: Keil
                http://www.keil.com/pack/Keil.TM4C_DFP.1.1.0.pack
                Keil.TM4C_DFP.1.1.0
                Texas Instruments Tiva C Series Device Support and Examples
   * Component: Startup Version: 1.0.1

<h2>Collection of Component include folders:</h2>
  .\RTE\_p1p1
  C:\Keil_v5\ARM\PACK\ARM\CMSIS\5.0.1\CMSIS\Include
  C:\Keil_v5\ARM\PACK\Keil\TM4C_DFP\1.1.0\Device\Include\TM4C123

<h2>Collection of Component Files used:</h2>

   * Component: Keil::Device:Startup:1.0.1
      Include file:  Device\Include\TM4C123\TM4C123.h
      Source file:   Device\Source\ARM\startup_TM4C123.s
      Source file:   Device\Source\system_TM4C123.c

   * Component: ARM::CMSIS:CORE:5.0.1
Build Time Elapsed:  00:00:01
</pre>
</body>
</html>
